Archive member included to satisfy reference by file (symbol)

c:/program files/microchip/xc32/v4.20/bin/bin/../../lib/gcc/pic32c/8.3.1/../../../../pic32c/lib/arm/v5te/nofp\libpic32c.a(data_init_0_1.o)
                              (__copy_needed)
c:/program files/microchip/xc32/v4.20/bin/bin/../../lib/gcc/pic32c/8.3.1/arm/v5te/nofp\libgcc.a(_udivsi3.o)
                              build/sam9x_Curiosity/production/_ext/583233565/plib_flexcom5_spi_master.o (__aeabi_uidiv)
c:/program files/microchip/xc32/v4.20/bin/bin/../../lib/gcc/pic32c/8.3.1/arm/v5te/nofp\libgcc.a(_dvmd_tls.o)
                              c:/program files/microchip/xc32/v4.20/bin/bin/../../lib/gcc/pic32c/8.3.1/arm/v5te/nofp\libgcc.a(_udivsi3.o) (__aeabi_idiv0)
c:/program files/microchip/xc32/v4.20/bin/bin/../../lib/gcc/pic32c/8.3.1/arm/v5te/nofp\libgcc.a(_aeabi_uldivmod.o)
                              build/sam9x_Curiosity/production/_ext/1515815680/sys_time.o (__aeabi_uldivmod)
c:/program files/microchip/xc32/v4.20/bin/bin/../../lib/gcc/pic32c/8.3.1/arm/v5te/nofp\libgcc.a(_udivmoddi4.o)
                              c:/program files/microchip/xc32/v4.20/bin/bin/../../lib/gcc/pic32c/8.3.1/arm/v5te/nofp\libgcc.a(_aeabi_uldivmod.o) (__udivmoddi4)
c:/program files/microchip/xc32/v4.20/bin/bin/../../lib/gcc/pic32c/8.3.1/../../../../pic32c/lib/arm/v5te/nofp\libc-musl.a(__libc_start_main.o)
                              build/sam9x_Curiosity/production/_ext/1437643379/cstartup.o (__libc_init_array)
c:/program files/microchip/xc32/v4.20/bin/bin/../../lib/gcc/pic32c/8.3.1/../../../../pic32c/lib/arm/v5te/nofp\libc-musl.a(libc.o)
                              c:/program files/microchip/xc32/v4.20/bin/bin/../../lib/gcc/pic32c/8.3.1/../../../../pic32c/lib/arm/v5te/nofp\libc-musl.a(__libc_start_main.o) (__progname_full)
c:/program files/microchip/xc32/v4.20/bin/bin/../../lib/gcc/pic32c/8.3.1/../../../../pic32c/lib/arm/v5te/nofp\libc-musl.a(memcpy.o)
                              build/sam9x_Curiosity/production/_ext/1128182572/drv_imu.o (memcpy)
c:/program files/microchip/xc32/v4.20/bin/bin/../../lib/gcc/pic32c/8.3.1/../../../../pic32c/lib/arm/v5te/nofp\libc-musl.a(memset.o)
                              build/sam9x_Curiosity/production/_ext/1515815680/sys_time.o (memset)
c:/program files/microchip/xc32/v4.20/bin/bin/../../lib/gcc/pic32c/8.3.1/../../../../pic32c/lib/arm/v5te/nofp\libc-musl.a(__environ.o)
                              c:/program files/microchip/xc32/v4.20/bin/bin/../../lib/gcc/pic32c/8.3.1/../../../../pic32c/lib/arm/v5te/nofp\libc-musl.a(__libc_start_main.o) (__environ)

Microchip PIC32 Memory-Usage Report
        --------------------------------------------------------------------------
         Total Program Memory used  :           0           0  
        --------------------------------------------------------------------------


RAM Data-Memory Usage
section                    address  length [bytes]      (dec)  Description
-------                 ----------  -------------------------  -----------
.text                   0x23f00000         0x5adc       23260   
.data                   0x23f05adc           0x30          48  Initialized data 
.ARM.exidx              0x23f05b0c            0x8           8   
.relocate               0x23f05b14           0x3c          60   
.region_cache_aligned_c 0x23f05b14            0xc          12   
.bss                    0x23f08000         0x826c       33388  Uninitialized data 
.region_cache_aligned   0x23f1026c           0x14          20   
.stacks                 0x23f10280         0x2140        8512   
         Total RAM used  :      0xff1c       65308  0.1% of 0x7000000
        --------------------------------------------------------------------------
            Total Data Memory used  :      0xff1c       65308  0.1% of 0x7000000
        --------------------------------------------------------------------------


Dynamic Data-Memory Reservation
section                    address  length [bytes]      (dec)  Description
-------                 ----------  -------------------------  -----------
heap                    0x23f123c8          0x200         512  Reserved for heap 
stack                   0x23f125e0      0x40eda18    68082200  Reserved for stack 

        --------------------------------------------------------------------------

Discarded input sections

 .text          0x00000000        0x0 c:/program files/microchip/xc32/v4.20/bin/bin/../../lib/gcc/pic32c/8.3.1/arm/v5te/nofp/crti.o
 .data          0x00000000        0x0 c:/program files/microchip/xc32/v4.20/bin/bin/../../lib/gcc/pic32c/8.3.1/arm/v5te/nofp/crti.o
 .bss           0x00000000        0x0 c:/program files/microchip/xc32/v4.20/bin/bin/../../lib/gcc/pic32c/8.3.1/arm/v5te/nofp/crti.o
 .xc_stack_usage.hdr
                0x00000000        0xe c:/program files/microchip/xc32/v4.20/bin/bin/../../lib/gcc/pic32c/8.3.1/arm/v5te/nofp/crti.o
 .xc_stack_usage
[...]
Memory Configuration

Name             Origin             Length             Attributes
sram             0x00300000         0x00010000         xw
ram              0x21000000         0x07000000         xwl !r
ram_nocache      0x20000000         0x01000000         !xrw
rom              0x00000000         0x00000000         xrl
*default*        0x00000000         0xffffffff

Linker script and memory map

LOAD c:/program files/microchip/xc32/v4.20/bin/bin/../../lib/gcc/pic32c/8.3.1/arm/v5te/nofp/crti.o
LOAD c:/program files/microchip/xc32/v4.20/bin/bin/../../lib/gcc/pic32c/8.3.1/arm/v5te/nofp/crtbegin.o
LOAD build/sam9x_Curiosity/production/_ext/1128182572/drv_imu.o
LOAD build/sam9x_Curiosity/production/_ext/1722030300/drv_spi.o
LOAD build/sam9x_Curiosity/production/_ext/441841942/plib_aic.o
LOAD build/sam9x_Curiosity/production/_ext/441839919/plib_clk.o
LOAD build/sam9x_Curiosity/production/_ext/583233565/plib_flexcom5_spi_master.o
LOAD build/sam9x_Curiosity/production/_ext/441830268/plib_mmu.o
LOAD build/sam9x_Curiosity/production/_ext/441827515/plib_pio.o
LOAD build/sam9x_Curiosity/production/_ext/2092462368/plib_tc0.o
LOAD build/sam9x_Curiosity/production/_ext/745456519/xc32_monitor.o
LOAD build/sam9x_Curiosity/production/_ext/1300519140/sys_cache.o
LOAD build/sam9x_Curiosity/production/_ext/1379663014/sys_int.o
LOAD build/sam9x_Curiosity/production/_ext/1515815680/sys_time.o
LOAD build/sam9x_Curiosity/production/_ext/1437643379/cstartup.o
LOAD build/sam9x_Curiosity/production/_ext/1437643379/tasks.o
LOAD build/sam9x_Curiosity/production/_ext/1437643379/initialization.o
LOAD build/sam9x_Curiosity/production/_ext/1437643379/interrupts.o
LOAD build/sam9x_Curiosity/production/_ext/1437643379/fault_handlers.o
LOAD build/sam9x_Curiosity/production/_ext/1360937237/app.o
LOAD build/sam9x_Curiosity/production/_ext/1360937237/main.o
                0x00000001                __MPLAB_BUILD = 0x1
                0x00001000                C_STACK_SIZE = 0x1000
                0x00000060                IRQ_STACK_SIZE = 0x60
                0x00000060                FIQ_STACK_SIZE = 0x60
                0x00001000                SVC_STACK_SIZE = 0x1000
                0x00000040                ABT_STACK_SIZE = 0x40
                0x00000040                UND_STACK_SIZE = 0x40

.text           0x23f00000     0x5adc
                0x23f00000                . = ALIGN (0x4)
                [!provide]                PROVIDE (_sfixed = .)
 *(.textEntry)
 .textEntry     0x23f00000      0x10c build/sam9x_Curiosity/production/_ext/1437643379/cstartup.o
                0x23f00000                entry
 *(.text .text.* .gnu.linkonce.t.*)
 .text          0x23f0010c       0x70 c:/program files/microchip/xc32/v4.20/bin/bin/../../lib/gcc/pic32c/8.3.1/arm/v5te/nofp/crtbegin.o
 .text._sleep   0x23f0017c       0x6c build/sam9x_Curiosity/production/_ext/1128182572/drv_imu.o
 .text.SPI_Accel_EventHandler
                0x23f001e8       0x5c build/sam9x_Curiosity/production/_ext/1128182572/drv_imu.o
 .text.SPI_Gyro_EventHandler
                0x23f00244       0x5c build/sam9x_Curiosity/production/_ext/1128182572/drv_imu.o
 .text.SPI_Mag_EventHandler
                0x23f002a0       0x5c build/sam9x_Curiosity/production/_ext/1128182572/drv_imu.o
 .text._write   0x23f002fc      0x1ac build/sam9x_Curiosity/production/_ext/1128182572/drv_imu.o
 .text._read    0x23f004a8      0x1a8 build/sam9x_Curiosity/production/_ext/1128182572/drv_imu.o
 .text._config_sensor
                0x23f00650      0x160 build/sam9x_Curiosity/production/_ext/1128182572/drv_imu.o
                0x23f00650                _config_sensor
 .text._check_sensors_id
                0x23f007b0       0xe8 build/sam9x_Curiosity/production/_ext/1128182572/drv_imu.o
                0x23f007b0                _check_sensors_id
 .text._reset_all_sensors
                0x23f00898       0xa0 build/sam9x_Curiosity/production/_ext/1128182572/drv_imu.o
 .text._bmx055_spi_init
                0x23f00938      0x1ec build/sam9x_Curiosity/production/_ext/1128182572/drv_imu.o
                0x23f00938                _bmx055_spi_init
 .text.DRV_BMX055_Get_Data
                0x23f00b24      0x144 build/sam9x_Curiosity/production/_ext/1128182572/drv_imu.o
                0x23f00b24                DRV_BMX055_Get_Data
 .text.DRV_BMX055_Init
                0x23f00c68       0x54 build/sam9x_Curiosity/production/_ext/1128182572/drv_imu.o
                0x23f00c68                DRV_BMX055_Init
 .text.PIO_PinSet
                0x23f00cbc       0x48 build/sam9x_Curiosity/production/_ext/1722030300/drv_spi.o
 .text.PIO_PinClear
                0x23f00d04       0x48 build/sam9x_Curiosity/production/_ext/1722030300/drv_spi.o
 .text.SYS_PORT_PinSet
                0x23f00d4c       0x2c build/sam9x_Curiosity/production/_ext/1722030300/drv_spi.o
 .text.SYS_PORT_PinClear
                0x23f00d78       0x2c build/sam9x_Curiosity/production/_ext/1722030300/drv_spi.o
 .text._DRV_SPI_MAKE_HANDLE
                0x23f00da4       0x50 build/sam9x_Curiosity/production/_ext/1722030300/drv_spi.o
 .text._DRV_SPI_UPDATE_TOKEN
                0x23f00df4       0x50 build/sam9x_Curiosity/production/_ext/1722030300/drv_spi.o
 .text._DRV_SPI_DisableInterrupts
                0x23f00e44      0x120 build/sam9x_Curiosity/production/_ext/1722030300/drv_spi.o
 .text._DRV_SPI_EnableInterrupts
                0x23f00f64      0x110 build/sam9x_Curiosity/production/_ext/1722030300/drv_spi.o
 .text._DRV_SPI_ResourceLock
                0x23f01074       0x84 build/sam9x_Curiosity/production/_ext/1722030300/drv_spi.o
 .text._DRV_SPI_ResourceUnlock
                0x23f010f8       0x4c build/sam9x_Curiosity/production/_ext/1722030300/drv_spi.o
 .text._DRV_SPI_DriverHandleValidate
                0x23f01144      0x144 build/sam9x_Curiosity/production/_ext/1722030300/drv_spi.o
 .text._DRV_SPI_FreeTransferObjGet
                0x23f01288      0x1e8 build/sam9x_Curiosity/production/_ext/1722030300/drv_spi.o
 .text._DRV_SPI_TransferObjAddToList
                0x23f01470       0xac build/sam9x_Curiosity/production/_ext/1722030300/drv_spi.o
 .text._DRV_SPI_TransferObjListGet
                0x23f0151c       0x38 build/sam9x_Curiosity/production/_ext/1722030300/drv_spi.o
 .text._DRV_SPI_RemoveTransferObjFromList
                0x23f01554       0x80 build/sam9x_Curiosity/production/_ext/1722030300/drv_spi.o
 .text._DRV_SPI_UpdateTransferSetupAndAssertCS
                0x23f015d4      0x160 build/sam9x_Curiosity/production/_ext/1722030300/drv_spi.o
 .text._DRV_SPI_PlibCallbackHandler
                0x23f01734      0x230 build/sam9x_Curiosity/production/_ext/1722030300/drv_spi.o
 .text.DRV_SPI_Initialize
                0x23f01964      0x274 build/sam9x_Curiosity/production/_ext/1722030300/drv_spi.o
                0x23f01964                DRV_SPI_Initialize
 .text.DRV_SPI_Open
                0x23f01bd8      0x300 build/sam9x_Curiosity/production/_ext/1722030300/drv_spi.o
                0x23f01bd8                DRV_SPI_Open
 .text.DRV_SPI_TransferEventHandlerSet
                0x23f01ed8       0xcc build/sam9x_Curiosity/production/_ext/1722030300/drv_spi.o
                0x23f01ed8                DRV_SPI_TransferEventHandlerSet
 .text.DRV_SPI_TransferSetup
                0x23f01fa4      0x168 build/sam9x_Curiosity/production/_ext/1722030300/drv_spi.o
                0x23f01fa4                DRV_SPI_TransferSetup
 .text.DRV_SPI_WriteReadTransferAdd
                0x23f0210c      0x288 build/sam9x_Curiosity/production/_ext/1722030300/drv_spi.o
                0x23f0210c                DRV_SPI_WriteReadTransferAdd
 .text.DRV_SPI_WriteTransferAdd
                0x23f02394       0x4c build/sam9x_Curiosity/production/_ext/1722030300/drv_spi.o
                0x23f02394                DRV_SPI_WriteTransferAdd
 .text.__disable_irq
                0x23f023e0       0x24 build/sam9x_Curiosity/production/_ext/441841942/plib_aic.o
 .text.__enable_irq
                0x23f02404       0x24 build/sam9x_Curiosity/production/_ext/441841942/plib_aic.o
 .text.__arm926_dmb
                0x23f02428       0x18 build/sam9x_Curiosity/production/_ext/441841942/plib_aic.o
 .text.__arm926_dsb
                0x23f02440       0x20 build/sam9x_Curiosity/production/_ext/441841942/plib_aic.o
 .text.__arm926_isb
                0x23f02460       0x18 build/sam9x_Curiosity/production/_ext/441841942/plib_aic.o
 .text.__get_CPSR
                0x23f02478       0x30 build/sam9x_Curiosity/production/_ext/441841942/plib_aic.o
 .text.AIC_INT_Initialize
                0x23f024a8      0x244 build/sam9x_Curiosity/production/_ext/441841942/plib_aic.o
                0x23f024a8                AIC_INT_Initialize
 .text.AIC_INT_IrqDisable
                0x23f026ec       0x48 build/sam9x_Curiosity/production/_ext/441841942/plib_aic.o
                0x23f026ec                AIC_INT_IrqDisable
 .text.AIC_INT_IrqRestore
                0x23f02734       0x40 build/sam9x_Curiosity/production/_ext/441841942/plib_aic.o
                0x23f02734                AIC_INT_IrqRestore
 .text.initProgrammableClk
                0x23f02774       0x30 build/sam9x_Curiosity/production/_ext/441839919/plib_clk.o
 .text.initPeriphClk
                0x23f027a4      0x190 build/sam9x_Curiosity/production/_ext/441839919/plib_clk.o
 .text.CLK_Initialize
                0x23f02934       0x18 build/sam9x_Curiosity/production/_ext/441839919/plib_clk.o
                0x23f02934                CLK_Initialize
 .text.FLEXCOM5_SPI_Initialize
                0x23f0294c       0x94 build/sam9x_Curiosity/production/_ext/583233565/plib_flexcom5_spi_master.o
                0x23f0294c                FLEXCOM5_SPI_Initialize
 .text.FLEXCOM5_SPI_ChipSelectGet
                0x23f029e0       0x8c build/sam9x_Curiosity/production/_ext/583233565/plib_flexcom5_spi_master.o
 .text.FLEXCOM5_SPI_WriteRead
                0x23f02a6c      0x2dc build/sam9x_Curiosity/production/_ext/583233565/plib_flexcom5_spi_master.o
                0x23f02a6c                FLEXCOM5_SPI_WriteRead
 .text.FLEXCOM5_SPI_TransferSetup
                0x23f02d48      0x11c build/sam9x_Curiosity/production/_ext/583233565/plib_flexcom5_spi_master.o
                0x23f02d48                FLEXCOM5_SPI_TransferSetup
 .text.FLEXCOM5_SPI_IsTransmitterBusy
                0x23f02e64       0x38 build/sam9x_Curiosity/production/_ext/583233565/plib_flexcom5_spi_master.o
                0x23f02e64                FLEXCOM5_SPI_IsTransmitterBusy
 .text.FLEXCOM5_SPI_CallbackRegister
                0x23f02e9c       0x40 build/sam9x_Curiosity/production/_ext/583233565/plib_flexcom5_spi_master.o
                0x23f02e9c                FLEXCOM5_SPI_CallbackRegister
 .text.FLEXCOM5_InterruptHandler
                0x23f02edc      0x360 build/sam9x_Curiosity/production/_ext/583233565/plib_flexcom5_spi_master.o
                0x23f02edc                FLEXCOM5_InterruptHandler
 .text.__arm926_dsb
                0x23f0323c       0x20 build/sam9x_Curiosity/production/_ext/441830268/plib_mmu.o
 .text.__arm926_isb
                0x23f0325c       0x18 build/sam9x_Curiosity/production/_ext/441830268/plib_mmu.o
 .text.cp15_read_sctlr
                0x23f03274       0x30 build/sam9x_Curiosity/production/_ext/441830268/plib_mmu.o
 .text.cp15_write_sctlr
                0x23f032a4       0x28 build/sam9x_Curiosity/production/_ext/441830268/plib_mmu.o
 .text.cp15_write_ttbr0
                0x23f032cc       0x28 build/sam9x_Curiosity/production/_ext/441830268/plib_mmu.o
 .text.cp15_write_dacr
                0x23f032f4       0x28 build/sam9x_Curiosity/production/_ext/441830268/plib_mmu.o
 .text.cp15_icache_invalidate
                0x23f0331c       0x20 build/sam9x_Curiosity/production/_ext/441830268/plib_mmu.o
 .text.cp15_dcache_invalidate_setway
                0x23f0333c       0x28 build/sam9x_Curiosity/production/_ext/441830268/plib_mmu.o
 .text.mmu_configure
                0x23f03364       0x38 build/sam9x_Curiosity/production/_ext/441830268/plib_mmu.o
 .text.mmu_enable
                0x23f0339c       0x40 build/sam9x_Curiosity/production/_ext/441830268/plib_mmu.o
 .text.icache_InvalidateAll
                0x23f033dc       0x18 build/sam9x_Curiosity/production/_ext/441830268/plib_mmu.o
                0x23f033dc                icache_InvalidateAll
 .text.icache_Enable
                0x23f033f4       0x44 build/sam9x_Curiosity/production/_ext/441830268/plib_mmu.o
                0x23f033f4                icache_Enable
 .text.dcache_InvalidateAll
                0x23f03438       0x80 build/sam9x_Curiosity/production/_ext/441830268/plib_mmu.o
                0x23f03438                dcache_InvalidateAll
 .text.dcache_Enable
                0x23f034b8       0x44 build/sam9x_Curiosity/production/_ext/441830268/plib_mmu.o
                0x23f034b8                dcache_Enable
 .text.MMU_Initialize
                0x23f034fc      0x380 build/sam9x_Curiosity/production/_ext/441830268/plib_mmu.o
                0x23f034fc                MMU_Initialize
 .text.PIO_Initialize
                0x23f0387c      0x22c build/sam9x_Curiosity/production/_ext/441827515/plib_pio.o
                0x23f0387c                PIO_Initialize
 .text.PIO_PortSet
                0x23f03aa8       0x30 build/sam9x_Curiosity/production/_ext/441827515/plib_pio.o
                0x23f03aa8                PIO_PortSet
 .text.PIO_PortClear
                0x23f03ad8       0x30 build/sam9x_Curiosity/production/_ext/441827515/plib_pio.o
                0x23f03ad8                PIO_PortClear
 .text.TC0_CH0_TimerInitialize
                0x23f03b08       0x5c build/sam9x_Curiosity/production/_ext/2092462368/plib_tc0.o
                0x23f03b08                TC0_CH0_TimerInitialize
 .text.TC0_CH0_TimerStart
                0x23f03b64       0x28 build/sam9x_Curiosity/production/_ext/2092462368/plib_tc0.o
                0x23f03b64                TC0_CH0_TimerStart
 .text.TC0_CH0_TimerStop
                0x23f03b8c       0x28 build/sam9x_Curiosity/production/_ext/2092462368/plib_tc0.o
                0x23f03b8c                TC0_CH0_TimerStop
 .text.TC0_CH0_TimerFrequencyGet
                0x23f03bb4       0x20 build/sam9x_Curiosity/production/_ext/2092462368/plib_tc0.o
                0x23f03bb4                TC0_CH0_TimerFrequencyGet
 .text.TC0_CH0_TimerPeriodSet
                0x23f03bd4       0x30 build/sam9x_Curiosity/production/_ext/2092462368/plib_tc0.o
                0x23f03bd4                TC0_CH0_TimerPeriodSet
 .text.TC0_CH0_TimerCompareSet
                0x23f03c04       0x30 build/sam9x_Curiosity/production/_ext/2092462368/plib_tc0.o
                0x23f03c04                TC0_CH0_TimerCompareSet
 .text.TC0_CH0_TimerCounterGet
                0x23f03c34       0x24 build/sam9x_Curiosity/production/_ext/2092462368/plib_tc0.o
                0x23f03c34                TC0_CH0_TimerCounterGet
 .text.TC0_CH0_TimerCallbackRegister
                0x23f03c58       0x40 build/sam9x_Curiosity/production/_ext/2092462368/plib_tc0.o
                0x23f03c58                TC0_CH0_TimerCallbackRegister
 .text.TC0_CH0_InterruptHandler
                0x23f03c98       0x68 build/sam9x_Curiosity/production/_ext/2092462368/plib_tc0.o
                0x23f03c98                TC0_CH0_InterruptHandler
 .text.TC0_InterruptHandler
                0x23f03d00       0x14 build/sam9x_Curiosity/production/_ext/2092462368/plib_tc0.o
                0x23f03d00                TC0_InterruptHandler
 .text.__arm926_dsb
                0x23f03d14       0x20 build/sam9x_Curiosity/production/_ext/1379663014/sys_int.o
 .text.__arm926_isb
                0x23f03d34       0x18 build/sam9x_Curiosity/production/_ext/1379663014/sys_int.o
 .text._aicInstanceGet
                0x23f03d4c       0x2c build/sam9x_Curiosity/production/_ext/1379663014/sys_int.o
 .text.SYS_INT_Disable
                0x23f03d78       0x18 build/sam9x_Curiosity/production/_ext/1379663014/sys_int.o
                0x23f03d78                SYS_INT_Disable
 .text.SYS_INT_Restore
                0x23f03d90       0x2c build/sam9x_Curiosity/production/_ext/1379663014/sys_int.o
                0x23f03d90                SYS_INT_Restore
 .text.SYS_INT_SourceIsEnabled
                0x23f03dbc       0x80 build/sam9x_Curiosity/production/_ext/1379663014/sys_int.o
                0x23f03dbc                SYS_INT_SourceIsEnabled
 .text.SYS_INT_SourceEnable
                0x23f03e3c       0x64 build/sam9x_Curiosity/production/_ext/1379663014/sys_int.o
                0x23f03e3c                SYS_INT_SourceEnable
 .text.SYS_INT_SourceDisable
                0x23f03ea0       0x84 build/sam9x_Curiosity/production/_ext/1379663014/sys_int.o
                0x23f03ea0                SYS_INT_SourceDisable
 .text.SYS_INT_SourceRestore
                0x23f03f24       0x80 build/sam9x_Curiosity/production/_ext/1379663014/sys_int.o
                0x23f03f24                SYS_INT_SourceRestore
 .text.SYS_TIME_UPDATE_TOKEN
                0x23f03fa4       0x50 build/sam9x_Curiosity/production/_ext/1515815680/sys_time.o
 .text.SYS_TIME_MAKE_HANDLE
                0x23f03ff4       0x40 build/sam9x_Curiosity/production/_ext/1515815680/sys_time.o
 .text.SYS_TIME_ResourceLock
                0x23f04034       0x94 build/sam9x_Curiosity/production/_ext/1515815680/sys_time.o
 .text.SYS_TIME_ResourceUnlock
                0x23f040c8       0x54 build/sam9x_Curiosity/production/_ext/1515815680/sys_time.o
 .text.SYS_TIME_GetTimerObject
                0x23f0411c       0xa4 build/sam9x_Curiosity/production/_ext/1515815680/sys_time.o
 .text.SYS_TIME_HwTimerCompareUpdate
                0x23f041c0      0x1c4 build/sam9x_Curiosity/production/_ext/1515815680/sys_time.o
 .text.SYS_TIME_RemoveFromList
                0x23f04384      0x124 build/sam9x_Curiosity/production/_ext/1515815680/sys_time.o
 .text.SYS_TIME_AddToList
                0x23f044a8      0x1c0 build/sam9x_Curiosity/production/_ext/1515815680/sys_time.o
 .text.SYS_TIME_GetElapsedCount
                0x23f04668       0x78 build/sam9x_Curiosity/production/_ext/1515815680/sys_time.o
 .text.SYS_TIME_UpdateTimerList
                0x23f046e0       0xd0 build/sam9x_Curiosity/production/_ext/1515815680/sys_time.o
 .text.SYS_TIME_TimerAdd
                0x23f047b0       0xe4 build/sam9x_Curiosity/production/_ext/1515815680/sys_time.o
 .text.SYS_TIME_ClientNotify
                0x23f04894       0xfc build/sam9x_Curiosity/production/_ext/1515815680/sys_time.o
 .text.SYS_TIME_UpdateTime
                0x23f04990       0xe4 build/sam9x_Curiosity/production/_ext/1515815680/sys_time.o
 .text.SYS_TIME_PLIBCallback
                0x23f04a74       0xf4 build/sam9x_Curiosity/production/_ext/1515815680/sys_time.o
 .text.SYS_TIME_TimerObjectCreate
                0x23f04b68      0x1b8 build/sam9x_Curiosity/production/_ext/1515815680/sys_time.o
 .text.SYS_TIME_CounterInit
                0x23f04d20      0x1e8 build/sam9x_Curiosity/production/_ext/1515815680/sys_time.o
 .text.SYS_TIME_Initialize
                0x23f04f08       0xa0 build/sam9x_Curiosity/production/_ext/1515815680/sys_time.o
                0x23f04f08                SYS_TIME_Initialize
 .text.SYS_TIME_MSToCount
                0x23f04fa8       0x74 build/sam9x_Curiosity/production/_ext/1515815680/sys_time.o
                0x23f04fa8                SYS_TIME_MSToCount
 .text.SYS_TIME_TimerDestroy
                0x23f0501c       0xbc build/sam9x_Curiosity/production/_ext/1515815680/sys_time.o
                0x23f0501c                SYS_TIME_TimerDestroy
 .text.SYS_TIME_TimerStart
                0x23f050d8       0xf8 build/sam9x_Curiosity/production/_ext/1515815680/sys_time.o
                0x23f050d8                SYS_TIME_TimerStart
 .text.SYS_TIME_TimerPeriodHasExpired
                0x23f051d0       0x84 build/sam9x_Curiosity/production/_ext/1515815680/sys_time.o
                0x23f051d0                SYS_TIME_TimerPeriodHasExpired
 .text.SYS_TIME_DelayMS
                0x23f05254       0xa4 build/sam9x_Curiosity/production/_ext/1515815680/sys_time.o
                0x23f05254                SYS_TIME_DelayMS
 .text.SYS_TIME_DelayIsComplete
                0x23f052f8       0x4c build/sam9x_Curiosity/production/_ext/1515815680/sys_time.o
                0x23f052f8                SYS_TIME_DelayIsComplete
 *fill*         0x23f05344        0xc 
 .text          0x23f05350       0xa0 build/sam9x_Curiosity/production/_ext/1437643379/cstartup.o
 .text.SYS_Tasks
                0x23f053f0       0x14 build/sam9x_Curiosity/production/_ext/1437643379/tasks.o
                0x23f053f0                SYS_Tasks
 .text.SYSC_Disable
                0x23f05404      0x100 build/sam9x_Curiosity/production/_ext/1437643379/initialization.o
 .text.SYS_Initialize
                0x23f05504       0x84 build/sam9x_Curiosity/production/_ext/1437643379/initialization.o
                0x23f05504                SYS_Initialize
 .text.DefaultInterruptHandlerForSpurious
                0x23f05588       0x18 build/sam9x_Curiosity/production/_ext/1437643379/interrupts.o
                0x23f05588                DefaultInterruptHandlerForSpurious
 .text.undefined_instruction_irq_handler
                0x23f055a0        0xc build/sam9x_Curiosity/production/_ext/1437643379/fault_handlers.o
                0x23f055a0                undefined_instruction_irq_handler
 .text.software_interrupt_irq_handler
                0x23f055ac        0xc build/sam9x_Curiosity/production/_ext/1437643379/fault_handlers.o
                0x23f055ac                software_interrupt_irq_handler
 .text.data_abort_irq_handler
                0x23f055b8        0xc build/sam9x_Curiosity/production/_ext/1437643379/fault_handlers.o
                0x23f055b8                data_abort_irq_handler
 .text.prefetch_abort_irq_handler
                0x23f055c4        0xc build/sam9x_Curiosity/production/_ext/1437643379/fault_handlers.o
                0x23f055c4                prefetch_abort_irq_handler
 .text.APP_Initialize
                0x23f055d0       0x28 build/sam9x_Curiosity/production/_ext/1360937237/app.o
                0x23f055d0                APP_Initialize
 .text.APP_Tasks
                0x23f055f8       0xb4 build/sam9x_Curiosity/production/_ext/1360937237/app.o
                0x23f055f8                APP_Tasks
 .text.main     0x23f056ac       0x40 build/sam9x_Curiosity/production/_ext/1360937237/main.o
                0x23f056ac                main
 .text          0x23f056ec       0xc8 c:/program files/microchip/xc32/v4.20/bin/bin/../../lib/gcc/pic32c/8.3.1/arm/v5te/nofp\libgcc.a(_udivsi3.o)
                0x23f056ec                __aeabi_uidiv
                0x23f056ec                __udivsi3
                0x23f05794                __aeabi_uidivmod
 .text          0x23f057b4        0x4 c:/program files/microchip/xc32/v4.20/bin/bin/../../lib/gcc/pic32c/8.3.1/arm/v5te/nofp\libgcc.a(_dvmd_tls.o)
                0x23f057b4                __aeabi_idiv0
                0x23f057b4                __aeabi_ldiv0
 .text          0x23f057b8       0x3c c:/program files/microchip/xc32/v4.20/bin/bin/../../lib/gcc/pic32c/8.3.1/arm/v5te/nofp\libgcc.a(_aeabi_uldivmod.o)
                0x23f057b8                __aeabi_uldivmod
 .text          0x23f057f4      0x12c c:/program files/microchip/xc32/v4.20/bin/bin/../../lib/gcc/pic32c/8.3.1/arm/v5te/nofp\libgcc.a(_udivmoddi4.o)
                0x23f057f4                __udivmoddi4
 .text.__dummy  0x23f05920        0x4 c:/program files/microchip/xc32/v4.20/bin/bin/../../lib/gcc/pic32c/8.3.1/../../../../pic32c/lib/arm/v5te/nofp\libc-musl.a(__libc_start_main.o)
                0x23f05920                __init_stdio
                0x23f05920                __init_host
 .text.__libc_start_init
                0x23f05924       0x88 c:/program files/microchip/xc32/v4.20/bin/bin/../../lib/gcc/pic32c/8.3.1/../../../../pic32c/lib/arm/v5te/nofp\libc-musl.a(__libc_start_main.o)
                0x23f05924                __libc_init_array
 .text.memcpy   0x23f059ac       0x1c c:/program files/microchip/xc32/v4.20/bin/bin/../../lib/gcc/pic32c/8.3.1/../../../../pic32c/lib/arm/v5te/nofp\libc-musl.a(memcpy.o)
                0x23f059ac                memcpy
 .text.memset   0x23f059c8       0x18 c:/program files/microchip/xc32/v4.20/bin/bin/../../lib/gcc/pic32c/8.3.1/../../../../pic32c/lib/arm/v5te/nofp\libc-musl.a(memset.o)
                0x23f059c8                memset
 *(.rodata .rodata* .gnu.linkonce.r.*)
 .rodata        0x23f059e0       0x24 build/sam9x_Curiosity/production/_ext/441839919/plib_clk.o
 .rodata.drvSPI0PlibAPI
                0x23f05a04       0x10 build/sam9x_Curiosity/production/_ext/1437643379/initialization.o
                0x23f05a04                drvSPI0PlibAPI
 .rodata.drvSPI0remapDataBits
                0x23f05a14       0x28 build/sam9x_Curiosity/production/_ext/1437643379/initialization.o
                0x23f05a14                drvSPI0remapDataBits
 .rodata.drvSPI0remapClockPolarity
                0x23f05a3c        0x8 build/sam9x_Curiosity/production/_ext/1437643379/initialization.o
                0x23f05a3c                drvSPI0remapClockPolarity
 .rodata.drvSPI0remapClockPhase
                0x23f05a44        0x8 build/sam9x_Curiosity/production/_ext/1437643379/initialization.o
                0x23f05a44                drvSPI0remapClockPhase
 .rodata.drvSPI0InterruptSources
                0x23f05a4c       0x10 build/sam9x_Curiosity/production/_ext/1437643379/initialization.o
                0x23f05a4c                drvSPI0InterruptSources
 .rodata.drvSPI0InitData
                0x23f05a5c       0x24 build/sam9x_Curiosity/production/_ext/1437643379/initialization.o
                0x23f05a5c                drvSPI0InitData
 .rodata.sysTimePlibAPI
                0x23f05a80       0x1c build/sam9x_Curiosity/production/_ext/1437643379/initialization.o
                0x23f05a80                sysTimePlibAPI
 .rodata.sysTimeInitData
                0x23f05a9c        0x8 build/sam9x_Curiosity/production/_ext/1437643379/initialization.o
                0x23f05a9c                sysTimeInitData
 *(.ARM.extab* .gnu.linkonce.armextab.*)
                0x23f05aa4                . = ALIGN (0x4)
 *(.init)
 .init          0x23f05aa4        0xc c:/program files/microchip/xc32/v4.20/bin/bin/../../lib/gcc/pic32c/8.3.1/arm/v5te/nofp/crti.o
                0x23f05aa4                _init
 .init          0x23f05ab0        0xc c:/program files/microchip/xc32/v4.20/bin/bin/../../lib/gcc/pic32c/8.3.1/arm/v5te/nofp/crtn.o
                0x23f05abc                . = ALIGN (0x4)
                [!provide]                PROVIDE (__preinit_array_start = .)
 *(.preinit_array)
                [!provide]                PROVIDE (__preinit_array_end = .)
                0x23f05abc                . = ALIGN (0x4)
                0x23f05abc                PROVIDE (__init_array_start = .)
 *(SORT_BY_NAME(.init_array.*))
 *(.init_array)
 .init_array    0x23f05abc        0x4 c:/program files/microchip/xc32/v4.20/bin/bin/../../lib/gcc/pic32c/8.3.1/arm/v5te/nofp/crtbegin.o
                0x23f05ac0                PROVIDE (__init_array_end = .)
                0x23f05ac0                . = ALIGN (0x4)
 *crtbegin.o(.ctors)
 *(EXCLUDE_FILE(*crtend.o) .ctors)
 *(SORT_BY_NAME(.ctors.*))
 *crtend.o(.ctors)
                0x23f05ac0                . = ALIGN (0x4)
 *(.fini)
 .fini          0x23f05ac0        0xc c:/program files/microchip/xc32/v4.20/bin/bin/../../lib/gcc/pic32c/8.3.1/arm/v5te/nofp/crti.o
                0x23f05ac0                _fini
 .fini          0x23f05acc        0xc c:/program files/microchip/xc32/v4.20/bin/bin/../../lib/gcc/pic32c/8.3.1/arm/v5te/nofp/crtn.o
                0x23f05ad8                . = ALIGN (0x4)
                [!provide]                PROVIDE (__fini_array_start = .)
 *(.fini_array)
 .fini_array    0x23f05ad8        0x4 c:/program files/microchip/xc32/v4.20/bin/bin/../../lib/gcc/pic32c/8.3.1/arm/v5te/nofp/crtbegin.o
 *(SORT_BY_NAME(.fini_array.*))
                [!provide]                PROVIDE (__fini_array_end = .)
 *crtbegin.o(.dtors)
 *(EXCLUDE_FILE(*crtend.o) .dtors)
 *(SORT_BY_NAME(.dtors.*))
 *crtend.o(.dtors)
 *(.dinit*)
                0x23f05adc                . = ALIGN (0x4)

.data           0x23f05adc       0x30
 *(.data .data.*)
 .data.gSysTimeTokenCount
                0x23f05adc        0x2 build/sam9x_Curiosity/production/_ext/1515815680/sys_time.o
 *fill*         0x23f05ade        0x2 
 .data.irqData  0x23f05ae0       0x28 build/sam9x_Curiosity/production/_ext/1437643379/interrupts.o
                0x23f05ae0                irqData
 .data.irqDataEntryCount
                0x23f05b08        0x4 build/sam9x_Curiosity/production/_ext/1437643379/interrupts.o
                0x23f05b08                irqDataEntryCount
                0x23f05b0c                . = ALIGN (0x4)
                [!provide]                PROVIDE (_efixed = .)
                [!provide]                PROVIDE (__exidx_start = .)

.ARM.exidx      0x23f05b0c        0x8
 *(.ARM.exidx* .gnu.linkonce.armexidx.*)
 .ARM.exidx     0x23f05b0c        0x8 c:/program files/microchip/xc32/v4.20/bin/bin/../../lib/gcc/pic32c/8.3.1/arm/v5te/nofp\libgcc.a(_udivmoddi4.o)
                [!provide]                PROVIDE (__exidx_end = .)
                0x23f05b14                . = ALIGN (0x4)
                0x23f05b14                PROVIDE (_etext = .)

.relocate       0x00300000       0x3c load address 0x23f05b14
                0x00300000                . = ALIGN (0x4)
                0x00300000                PROVIDE (_srelocate = .)
 *(.vectors .vectors.*)
 .vectors       0x00300000       0x3c build/sam9x_Curiosity/production/_ext/1437643379/cstartup.o
 *(.ramfunc)
                0x0030003c                . = ALIGN (0x4)
                0x0030003c                PROVIDE (_erelocate = .)

.region_cache_aligned_const
                0x23f05b14        0xc
                0x23f05b20                . = ALIGN (0x20)
 *fill*         0x23f05b14        0xc 
 *(.region_cache_aligned_const .region_cache_aligned_const.*)
                0x23f05b20                . = ALIGN (0x20)

.region_sram    0x0030003c        0x0
                0x0030003c                . = ALIGN (0x4)
 *(.region_sram .region_sram.*)

.region_ram     0x23f05b20        0x0
                0x23f05b20                . = ALIGN (0x4)
 *(.region_ram .region_ram.*)

.region_nocache
                0x20000000        0x0
                0x20000000                . = ALIGN (0x4)
 *(.region_nocache .region_nocache.*)

.bss            0x23f08000     0x826c
                0x23f08000                . = ALIGN (0x4)
                0x23f08000                PROVIDE (_szero = .)
 *(.bss .bss.*)
 .bss           0x23f08000       0x1c c:/program files/microchip/xc32/v4.20/bin/bin/../../lib/gcc/pic32c/8.3.1/arm/v5te/nofp/crtbegin.o
 .bss.drvSPIHandle_ACCEL
                0x23f0801c        0x4 build/sam9x_Curiosity/production/_ext/1128182572/drv_imu.o
 .bss.drvSPIHandle_GYRO
                0x23f08020        0x4 build/sam9x_Curiosity/production/_ext/1128182572/drv_imu.o
 .bss.drvSPIHandle_MAG
                0x23f08024        0x4 build/sam9x_Curiosity/production/_ext/1128182572/drv_imu.o
 .bss.accel_setup
                0x23f08028       0x14 build/sam9x_Curiosity/production/_ext/1128182572/drv_imu.o
                0x23f08028                accel_setup
 .bss.gyro_setup
                0x23f0803c       0x14 build/sam9x_Curiosity/production/_ext/1128182572/drv_imu.o
                0x23f0803c                gyro_setup
 .bss.mag_setup
                0x23f08050       0x14 build/sam9x_Curiosity/production/_ext/1128182572/drv_imu.o
                0x23f08050                mag_setup
 .bss.accel_transferHandle
                0x23f08064        0x4 build/sam9x_Curiosity/production/_ext/1128182572/drv_imu.o
                0x23f08064                accel_transferHandle
 .bss.gyro_transferHandle
                0x23f08068        0x4 build/sam9x_Curiosity/production/_ext/1128182572/drv_imu.o
                0x23f08068                gyro_transferHandle
 .bss.mag_transferHandle
                0x23f0806c        0x4 build/sam9x_Curiosity/production/_ext/1128182572/drv_imu.o
                0x23f0806c                mag_transferHandle
 .bss._transferLock
                0x23f08070        0x1 build/sam9x_Curiosity/production/_ext/1128182572/drv_imu.o
 .bss._transferSuccess
                0x23f08071        0x1 build/sam9x_Curiosity/production/_ext/1128182572/drv_imu.o
 *fill*         0x23f08072        0x2 
 .bss.gDrvSPIObj
                0x23f08074       0x54 build/sam9x_Curiosity/production/_ext/1722030300/drv_spi.o
 .bss.flexcom5SpiObj
                0x23f080c8       0x2c build/sam9x_Curiosity/production/_ext/583233565/plib_flexcom5_spi_master.o
 .bss.isLastByteTransferInProgress.5872
                0x23f080f4        0x1 build/sam9x_Curiosity/production/_ext/583233565/plib_flexcom5_spi_master.o
 *fill*         0x23f080f5     0x3f0b 
 .bss.trns_tbl  0x23f0c000     0x4000 build/sam9x_Curiosity/production/_ext/441830268/plib_mmu.o
 .bss.TC0_CH0_CallbackObj
                0x23f10000        0x8 build/sam9x_Curiosity/production/_ext/2092462368/plib_tc0.o
                0x23f10000                TC0_CH0_CallbackObj
 .bss.gSystemCounterObj
                0x23f10008       0x40 build/sam9x_Curiosity/production/_ext/1515815680/sys_time.o
 .bss.timers    0x23f10048       0xa0 build/sam9x_Curiosity/production/_ext/1515815680/sys_time.o
 .bss.drvSPI0ClientObjPool
                0x23f100e8       0x78 build/sam9x_Curiosity/production/_ext/1437643379/initialization.o
 .bss.drvSPI0TransferObjPool
                0x23f10160       0x90 build/sam9x_Curiosity/production/_ext/1437643379/initialization.o
 .bss.sysObj    0x23f101f0        0x8 build/sam9x_Curiosity/production/_ext/1437643379/initialization.o
                0x23f101f0                sysObj
 .bss.spuriousEventCount
                0x23f101f8        0x4 build/sam9x_Curiosity/production/_ext/1437643379/interrupts.o
                0x23f101f8                spuriousEventCount
 .bss.accel_data
                0x23f101fc        0x6 build/sam9x_Curiosity/production/_ext/1360937237/app.o
                0x23f101fc                accel_data
 *fill*         0x23f10202        0x2 
 .bss.gyro_data
                0x23f10204        0x6 build/sam9x_Curiosity/production/_ext/1360937237/app.o
                0x23f10204                gyro_data
 *fill*         0x23f1020a        0x2 
 .bss.mag_data  0x23f1020c        0x6 build/sam9x_Curiosity/production/_ext/1360937237/app.o
                0x23f1020c                mag_data
 *fill*         0x23f10212        0x2 
 .bss.appData   0x23f10214        0x1 build/sam9x_Curiosity/production/_ext/1360937237/app.o
                0x23f10214                appData
 *fill*         0x23f10215        0x3 
 .bss           0x23f10218       0x50 c:/program files/microchip/xc32/v4.20/bin/bin/../../lib/gcc/pic32c/8.3.1/../../../../pic32c/lib/arm/v5te/nofp\libc-musl.a(libc.o)
                0x23f10218                __progname_full
                0x23f10218                program_invocation_name
                0x23f1021c                program_invocation_short_name
                0x23f1021c                __progname
                0x23f10220                __sysinfo
                0x23f10224                __hwcap
                0x23f10228                __libc
 .bss           0x23f10268        0x4 c:/program files/microchip/xc32/v4.20/bin/bin/../../lib/gcc/pic32c/8.3.1/../../../../pic32c/lib/arm/v5te/nofp\libc-musl.a(__environ.o)
                0x23f10268                __environ
                0x23f10268                environ
                0x23f10268                ___environ
                0x23f10268                _environ
 *(COMMON)
                0x23f1026c                . = ALIGN (0x4)
                0x23f1026c                PROVIDE (_ezero = .)

.region_cache_aligned
                0x23f1026c       0x14
                0x23f10280                . = ALIGN (0x20)
 *fill*         0x23f1026c       0x14 
 *(.region_cache_aligned .region_cache_aligned.*)
                0x23f10280                . = ALIGN (0x20)

.stacks         0x23f10280     0x2140
                0x23f102e0                . = (. + IRQ_STACK_SIZE)
 *fill*         0x23f10280       0x60 
                0x23f102e0                . = ALIGN (0x8)
                0x23f102e0                _irqstack = .
                0x23f10340                . = (. + FIQ_STACK_SIZE)
 *fill*         0x23f102e0       0x60 
                0x23f10340                . = ALIGN (0x8)
                0x23f10340                _fiqstack = .
                0x23f10380                . = (. + ABT_STACK_SIZE)
 *fill*         0x23f10340       0x40 
                0x23f10380                . = ALIGN (0x8)
                0x23f10380                _abtstack = .
                0x23f103c0                . = (. + UND_STACK_SIZE)
 *fill*         0x23f10380       0x40 
                0x23f103c0                . = ALIGN (0x8)
                0x23f103c0                _undstack = .
                0x23f113c0                . = (. + SVC_STACK_SIZE)
 *fill*         0x23f103c0     0x1000 
                0x23f113c0                . = ALIGN (0x8)
                0x23f113c0                _svcstack = .
                0x23f123c0                . = (. + C_STACK_SIZE)
 *fill*         0x23f113c0     0x1000 
                0x23f123c0                . = ALIGN (0x8)
                0x23f123c0                _cstack = .
                0x23f123c0                _end = .
                0x23f123c0                _ramcode_lma = _end

.ramcode        0x0030003c        0x0 load address 0x23f123c0
                0x0030003c                _sramcode = .
 *(.ramcode_section .ramcode_section.*)
                0x0030003c                _eramcode = .
                0x23f123c0                _ramdata_lma = ((_end + _eramcode) - _sramcode)

.ramdata        0x0030003c        0x0 load address 0x23f123c0
                0x0030003c                _sramdata = .
 *(.ramdata_section .ramdata_section.*)
                0x0030003c                _eramdata = .
                0x00000200                _min_heap_size = 0x200
START GROUP
LOAD c:/program files/microchip/xc32/v4.20/bin/bin/../../lib/gcc/pic32c/8.3.1/../../../../pic32c/lib/arm/v5te/nofp\libpic32c.a
LOAD c:/program files/microchip/xc32/v4.20/bin/bin/../../lib/gcc/pic32c/8.3.1/arm/v5te/nofp\libgcc.a
LOAD c:/program files/microchip/xc32/v4.20/bin/bin/../../lib/gcc/pic32c/8.3.1/../../../../pic32c/lib/arm/v5te/nofp\libm-musl.a
LOAD c:/program files/microchip/xc32/v4.20/bin/bin/../../lib/gcc/pic32c/8.3.1/../../../../pic32c/lib/arm/v5te/nofp\libc-musl.a
LOAD c:/program files/microchip/xc32/v4.20/bin/bin/../../lib/gcc/pic32c/8.3.1/../../../../pic32c/lib/arm/v5te/nofp\libm-musl.a
END GROUP
LOAD c:/program files/microchip/xc32/v4.20/bin/bin/../../lib/gcc/pic32c/8.3.1/arm/v5te/nofp/crtend.o
LOAD c:/program files/microchip/xc32/v4.20/bin/bin/../../lib/gcc/pic32c/8.3.1/arm/v5te/nofp/crtn.o
OUTPUT(dist/sam9x_Curiosity/production/IMU_SAM9XCuriosity_BMX055.X.production.elf elf32-littlearm)
LOAD stack

.ARM.attributes
                0x00000000       0x2a
 .ARM.attributes
                0x00000000       0x1d c:/program files/microchip/xc32/v4.20/bin/bin/../../lib/gcc/pic32c/8.3.1/arm/v5te/nofp/crti.o
 .ARM.attributes
                0x0000001d       0x2b c:/program files/microchip/xc32/v4.20/bin/bin/../../lib/gcc/pic32c/8.3.1/arm/v5te/nofp/crtbegin.o
 .ARM.attributes
                0x00000048       0x2c build/sam9x_Curiosity/production/_ext/1128182572/drv_imu.o
 .ARM.attributes
                0x00000074       0x2c build/sam9x_Curiosity/production/_ext/1722030300/drv_spi.o
 .ARM.attributes
                0x000000a0       0x2c build/sam9x_Curiosity/production/_ext/441841942/plib_aic.o
 .ARM.attributes
                0x000000cc       0x2c build/sam9x_Curiosity/production/_ext/441839919/plib_clk.o
 .ARM.attributes
                0x000000f8       0x2c build/sam9x_Curiosity/production/_ext/583233565/plib_flexcom5_spi_master.o
 .ARM.attributes
                0x00000124       0x2c build/sam9x_Curiosity/production/_ext/441830268/plib_mmu.o
 .ARM.attributes
                0x00000150       0x2c build/sam9x_Curiosity/production/_ext/441827515/plib_pio.o
 .ARM.attributes
                0x0000017c       0x2c build/sam9x_Curiosity/production/_ext/2092462368/plib_tc0.o
 .ARM.attributes
                0x000001a8       0x2c build/sam9x_Curiosity/production/_ext/1379663014/sys_int.o
 .ARM.attributes
                0x000001d4       0x2c build/sam9x_Curiosity/production/_ext/1515815680/sys_time.o
 .ARM.attributes
                0x00000200       0x1c build/sam9x_Curiosity/production/_ext/1437643379/cstartup.o
 .ARM.attributes
                0x0000021c       0x2c build/sam9x_Curiosity/production/_ext/1437643379/tasks.o
 .ARM.attributes
                0x00000248       0x2c build/sam9x_Curiosity/production/_ext/1437643379/initialization.o
 .ARM.attributes
                0x00000274       0x2c build/sam9x_Curiosity/production/_ext/1437643379/interrupts.o
 .ARM.attributes
                0x000002a0       0x2c build/sam9x_Curiosity/production/_ext/1437643379/fault_handlers.o
 .ARM.attributes
                0x000002cc       0x2c build/sam9x_Curiosity/production/_ext/1360937237/app.o
 .ARM.attributes
                0x000002f8       0x2c build/sam9x_Curiosity/production/_ext/1360937237/main.o
 .ARM.attributes
                0x00000324       0x1d c:/program files/microchip/xc32/v4.20/bin/bin/../../lib/gcc/pic32c/8.3.1/arm/v5te/nofp\libgcc.a(_udivsi3.o)
 .ARM.attributes
                0x00000341       0x1d c:/program files/microchip/xc32/v4.20/bin/bin/../../lib/gcc/pic32c/8.3.1/arm/v5te/nofp\libgcc.a(_dvmd_tls.o)
 .ARM.attributes
                0x0000035e       0x1d c:/program files/microchip/xc32/v4.20/bin/bin/../../lib/gcc/pic32c/8.3.1/arm/v5te/nofp\libgcc.a(_aeabi_uldivmod.o)
 .ARM.attributes
                0x0000037b       0x2b c:/program files/microchip/xc32/v4.20/bin/bin/../../lib/gcc/pic32c/8.3.1/arm/v5te/nofp\libgcc.a(_udivmoddi4.o)
 .ARM.attributes
                0x000003a6       0x2d c:/program files/microchip/xc32/v4.20/bin/bin/../../lib/gcc/pic32c/8.3.1/../../../../pic32c/lib/arm/v5te/nofp\libc-musl.a(__libc_start_main.o)
 .ARM.attributes
                0x000003d3       0x2d c:/program files/microchip/xc32/v4.20/bin/bin/../../lib/gcc/pic32c/8.3.1/../../../../pic32c/lib/arm/v5te/nofp\libc-musl.a(libc.o)
 .ARM.attributes
                0x00000400       0x2d c:/program files/microchip/xc32/v4.20/bin/bin/../../lib/gcc/pic32c/8.3.1/../../../../pic32c/lib/arm/v5te/nofp\libc-musl.a(memcpy.o)
 .ARM.attributes
                0x0000042d       0x2d c:/program files/microchip/xc32/v4.20/bin/bin/../../lib/gcc/pic32c/8.3.1/../../../../pic32c/lib/arm/v5te/nofp\libc-musl.a(memset.o)
 .ARM.attributes
                0x0000045a       0x2d c:/program files/microchip/xc32/v4.20/bin/bin/../../lib/gcc/pic32c/8.3.1/../../../../pic32c/lib/arm/v5te/nofp\libc-musl.a(__environ.o)
 .ARM.attributes
                0x00000487       0x1d c:/program files/microchip/xc32/v4.20/bin/bin/../../lib/gcc/pic32c/8.3.1/arm/v5te/nofp/crtn.o

.comment        0x00000000       0x2b
 .comment       0x00000000       0x2b c:/program files/microchip/xc32/v4.20/bin/bin/../../lib/gcc/pic32c/8.3.1/arm/v5te/nofp/crtbegin.o
                                 0x2c (size before relaxing)
 .comment       0x0000002b       0x2c build/sam9x_Curiosity/production/_ext/1128182572/drv_imu.o
 .comment       0x0000002b       0x2c build/sam9x_Curiosity/production/_ext/1722030300/drv_spi.o
 .comment       0x0000002b       0x2c build/sam9x_Curiosity/production/_ext/441841942/plib_aic.o
 .comment       0x0000002b       0x2c build/sam9x_Curiosity/production/_ext/441839919/plib_clk.o
 .comment       0x0000002b       0x2c build/sam9x_Curiosity/production/_ext/583233565/plib_flexcom5_spi_master.o
 .comment       0x0000002b       0x2c build/sam9x_Curiosity/production/_ext/441830268/plib_mmu.o
 .comment       0x0000002b       0x2c build/sam9x_Curiosity/production/_ext/441827515/plib_pio.o
 .comment       0x0000002b       0x2c build/sam9x_Curiosity/production/_ext/2092462368/plib_tc0.o
 .comment       0x0000002b       0x2c build/sam9x_Curiosity/production/_ext/1379663014/sys_int.o
 .comment       0x0000002b       0x2c build/sam9x_Curiosity/production/_ext/1515815680/sys_time.o
 .comment       0x0000002b       0x2c build/sam9x_Curiosity/production/_ext/1437643379/tasks.o
 .comment       0x0000002b       0x2c build/sam9x_Curiosity/production/_ext/1437643379/initialization.o
 .comment       0x0000002b       0x2c build/sam9x_Curiosity/production/_ext/1437643379/interrupts.o
 .comment       0x0000002b       0x2c build/sam9x_Curiosity/production/_ext/1437643379/fault_handlers.o
 .comment       0x0000002b       0x2c build/sam9x_Curiosity/production/_ext/1360937237/app.o
 .comment       0x0000002b       0x2c build/sam9x_Curiosity/production/_ext/1360937237/main.o
 .comment       0x0000002b       0x2c c:/program files/microchip/xc32/v4.20/bin/bin/../../lib/gcc/pic32c/8.3.1/arm/v5te/nofp\libgcc.a(_udivmoddi4.o)
 .comment       0x0000002b       0x2c c:/program files/microchip/xc32/v4.20/bin/bin/../../lib/gcc/pic32c/8.3.1/../../../../pic32c/lib/arm/v5te/nofp\libc-musl.a(__libc_start_main.o)
 .comment       0x0000002b       0x2c c:/program files/microchip/xc32/v4.20/bin/bin/../../lib/gcc/pic32c/8.3.1/../../../../pic32c/lib/arm/v5te/nofp\libc-musl.a(libc.o)
 .comment       0x0000002b       0x2c c:/program files/microchip/xc32/v4.20/bin/bin/../../lib/gcc/pic32c/8.3.1/../../../../pic32c/lib/arm/v5te/nofp\libc-musl.a(memcpy.o)
 .comment       0x0000002b       0x2c c:/program files/microchip/xc32/v4.20/bin/bin/../../lib/gcc/pic32c/8.3.1/../../../../pic32c/lib/arm/v5te/nofp\libc-musl.a(memset.o)
 .comment       0x0000002b       0x2c c:/program files/microchip/xc32/v4.20/bin/bin/../../lib/gcc/pic32c/8.3.1/../../../../pic32c/lib/arm/v5te/nofp\libc-musl.a(__environ.o)

.debug_info     0x00000000    0x11958
 .debug_info    0x00000000     0x1f4f build/sam9x_Curiosity/production/_ext/1128182572/drv_imu.o
 .debug_info    0x00001f4f     0x2fcb build/sam9x_Curiosity/production/_ext/1722030300/drv_spi.o
 .debug_info    0x00004f1a      0x907 build/sam9x_Curiosity/production/_ext/441841942/plib_aic.o
 .debug_info    0x00005821      0x856 build/sam9x_Curiosity/production/_ext/441839919/plib_clk.o
 .debug_info    0x00006077     0x1711 build/sam9x_Curiosity/production/_ext/583233565/plib_flexcom5_spi_master.o
 .debug_info    0x00007788      0x9d7 build/sam9x_Curiosity/production/_ext/441830268/plib_mmu.o
 .debug_info    0x0000815f      0xbaf build/sam9x_Curiosity/production/_ext/441827515/plib_pio.o
 .debug_info    0x00008d0e      0x953 build/sam9x_Curiosity/production/_ext/2092462368/plib_tc0.o
 .debug_info    0x00009661      0xe0d build/sam9x_Curiosity/production/_ext/1379663014/sys_int.o
 .debug_info    0x0000a46e     0x1fe7 build/sam9x_Curiosity/production/_ext/1515815680/sys_time.o
 .debug_info    0x0000c455       0x22 build/sam9x_Curiosity/production/_ext/1437643379/cstartup.o
 .debug_info    0x0000c477      0x2ff build/sam9x_Curiosity/production/_ext/1437643379/tasks.o
 .debug_info    0x0000c776     0x26d5 build/sam9x_Curiosity/production/_ext/1437643379/initialization.o
 .debug_info    0x0000ee4b      0x8a6 build/sam9x_Curiosity/production/_ext/1437643379/interrupts.o
 .debug_info    0x0000f6f1      0x2de build/sam9x_Curiosity/production/_ext/1437643379/fault_handlers.o
 .debug_info    0x0000f9cf      0x4aa build/sam9x_Curiosity/production/_ext/1360937237/app.o
 .debug_info    0x0000fe79      0x337 build/sam9x_Curiosity/production/_ext/1360937237/main.o
 .debug_info    0x000101b0       0x26 c:/program files/microchip/xc32/v4.20/bin/bin/../../lib/gcc/pic32c/8.3.1/arm/v5te/nofp\libgcc.a(_udivsi3.o)
 .debug_info    0x000101d6       0x26 c:/program files/microchip/xc32/v4.20/bin/bin/../../lib/gcc/pic32c/8.3.1/arm/v5te/nofp\libgcc.a(_dvmd_tls.o)
 .debug_info    0x000101fc       0x26 c:/program files/microchip/xc32/v4.20/bin/bin/../../lib/gcc/pic32c/8.3.1/arm/v5te/nofp\libgcc.a(_aeabi_uldivmod.o)
 .debug_info    0x00010222      0x3ee c:/program files/microchip/xc32/v4.20/bin/bin/../../lib/gcc/pic32c/8.3.1/arm/v5te/nofp\libgcc.a(_udivmoddi4.o)
 .debug_info    0x00010610      0x60f c:/program files/microchip/xc32/v4.20/bin/bin/../../lib/gcc/pic32c/8.3.1/../../../../pic32c/lib/arm/v5te/nofp\libc-musl.a(__libc_start_main.o)
 .debug_info    0x00010c1f      0x521 c:/program files/microchip/xc32/v4.20/bin/bin/../../lib/gcc/pic32c/8.3.1/../../../../pic32c/lib/arm/v5te/nofp\libc-musl.a(libc.o)
 .debug_info    0x00011140      0x2dc c:/program files/microchip/xc32/v4.20/bin/bin/../../lib/gcc/pic32c/8.3.1/../../../../pic32c/lib/arm/v5te/nofp\libc-musl.a(memcpy.o)
 .debug_info    0x0001141c      0x2a1 c:/program files/microchip/xc32/v4.20/bin/bin/../../lib/gcc/pic32c/8.3.1/../../../../pic32c/lib/arm/v5te/nofp\libc-musl.a(memset.o)
 .debug_info    0x000116bd      0x29b c:/program files/microchip/xc32/v4.20/bin/bin/../../lib/gcc/pic32c/8.3.1/../../../../pic32c/lib/arm/v5te/nofp\libc-musl.a(__environ.o)

.debug_abbrev   0x00000000     0x1d91
 .debug_abbrev  0x00000000      0x267 build/sam9x_Curiosity/production/_ext/1128182572/drv_imu.o
 .debug_abbrev  0x00000267      0x3cd build/sam9x_Curiosity/production/_ext/1722030300/drv_spi.o
 .debug_abbrev  0x00000634      0x171 build/sam9x_Curiosity/production/_ext/441841942/plib_aic.o
 .debug_abbrev  0x000007a5      0x103 build/sam9x_Curiosity/production/_ext/441839919/plib_clk.o
 .debug_abbrev  0x000008a8      0x257 build/sam9x_Curiosity/production/_ext/583233565/plib_flexcom5_spi_master.o
 .debug_abbrev  0x00000aff      0x175 build/sam9x_Curiosity/production/_ext/441830268/plib_mmu.o
 .debug_abbrev  0x00000c74      0x122 build/sam9x_Curiosity/production/_ext/441827515/plib_pio.o
 .debug_abbrev  0x00000d96      0x1ab build/sam9x_Curiosity/production/_ext/2092462368/plib_tc0.o
 .debug_abbrev  0x00000f41      0x197 build/sam9x_Curiosity/production/_ext/1379663014/sys_int.o
 .debug_abbrev  0x000010d8      0x391 build/sam9x_Curiosity/production/_ext/1515815680/sys_time.o
 .debug_abbrev  0x00001469       0x12 build/sam9x_Curiosity/production/_ext/1437643379/cstartup.o
 .debug_abbrev  0x0000147b       0x3b build/sam9x_Curiosity/production/_ext/1437643379/tasks.o
 .debug_abbrev  0x000014b6      0x221 build/sam9x_Curiosity/production/_ext/1437643379/initialization.o
 .debug_abbrev  0x000016d7      0x138 build/sam9x_Curiosity/production/_ext/1437643379/interrupts.o
 .debug_abbrev  0x0000180f       0x33 build/sam9x_Curiosity/production/_ext/1437643379/fault_handlers.o
 .debug_abbrev  0x00001842       0xcd build/sam9x_Curiosity/production/_ext/1360937237/app.o
 .debug_abbrev  0x0000190f       0x5f build/sam9x_Curiosity/production/_ext/1360937237/main.o
 .debug_abbrev  0x0000196e       0x14 c:/program files/microchip/xc32/v4.20/bin/bin/../../lib/gcc/pic32c/8.3.1/arm/v5te/nofp\libgcc.a(_udivsi3.o)
 .debug_abbrev  0x00001982       0x14 c:/program files/microchip/xc32/v4.20/bin/bin/../../lib/gcc/pic32c/8.3.1/arm/v5te/nofp\libgcc.a(_dvmd_tls.o)
 .debug_abbrev  0x00001996       0x14 c:/program files/microchip/xc32/v4.20/bin/bin/../../lib/gcc/pic32c/8.3.1/arm/v5te/nofp\libgcc.a(_aeabi_uldivmod.o)
 .debug_abbrev  0x000019aa       0x8e c:/program files/microchip/xc32/v4.20/bin/bin/../../lib/gcc/pic32c/8.3.1/arm/v5te/nofp\libgcc.a(_udivmoddi4.o)
 .debug_abbrev  0x00001a38      0x117 c:/program files/microchip/xc32/v4.20/bin/bin/../../lib/gcc/pic32c/8.3.1/../../../../pic32c/lib/arm/v5te/nofp\libc-musl.a(__libc_start_main.o)
 .debug_abbrev  0x00001b4f       0xb8 c:/program files/microchip/xc32/v4.20/bin/bin/../../lib/gcc/pic32c/8.3.1/../../../../pic32c/lib/arm/v5te/nofp\libc-musl.a(libc.o)
 .debug_abbrev  0x00001c07       0x9c c:/program files/microchip/xc32/v4.20/bin/bin/../../lib/gcc/pic32c/8.3.1/../../../../pic32c/lib/arm/v5te/nofp\libc-musl.a(memcpy.o)
 .debug_abbrev  0x00001ca3       0x97 c:/program files/microchip/xc32/v4.20/bin/bin/../../lib/gcc/pic32c/8.3.1/../../../../pic32c/lib/arm/v5te/nofp\libc-musl.a(memset.o)
 .debug_abbrev  0x00001d3a       0x57 c:/program files/microchip/xc32/v4.20/bin/bin/../../lib/gcc/pic32c/8.3.1/../../../../pic32c/lib/arm/v5te/nofp\libc-musl.a(__environ.o)

.debug_loc      0x00000000     0x2f3c
 .debug_loc     0x00000000      0x2b8 build/sam9x_Curiosity/production/_ext/1128182572/drv_imu.o
 .debug_loc     0x000002b8      0x6fc build/sam9x_Curiosity/production/_ext/1722030300/drv_spi.o
 .debug_loc     0x000009b4      0x26c build/sam9x_Curiosity/production/_ext/441841942/plib_aic.o
 .debug_loc     0x00000c20       0xa8 build/sam9x_Curiosity/production/_ext/441839919/plib_clk.o
 .debug_loc     0x00000cc8      0x2b0 build/sam9x_Curiosity/production/_ext/583233565/plib_flexcom5_spi_master.o
 .debug_loc     0x00000f78      0x6bc build/sam9x_Curiosity/production/_ext/441830268/plib_mmu.o
 .debug_loc     0x00001634      0x264 build/sam9x_Curiosity/production/_ext/441827515/plib_pio.o
 .debug_loc     0x00001898      0x2c8 build/sam9x_Curiosity/production/_ext/2092462368/plib_tc0.o
 .debug_loc     0x00001b60      0x360 build/sam9x_Curiosity/production/_ext/1379663014/sys_int.o
 .debug_loc     0x00001ec0      0x92c build/sam9x_Curiosity/production/_ext/1515815680/sys_time.o
 .debug_loc     0x000027ec       0x2c build/sam9x_Curiosity/production/_ext/1437643379/tasks.o
 .debug_loc     0x00002818       0x7c build/sam9x_Curiosity/production/_ext/1437643379/initialization.o
 .debug_loc     0x00002894       0xcc build/sam9x_Curiosity/production/_ext/1437643379/interrupts.o
 .debug_loc     0x00002960       0xb0 build/sam9x_Curiosity/production/_ext/1437643379/fault_handlers.o
 .debug_loc     0x00002a10       0x7c build/sam9x_Curiosity/production/_ext/1360937237/app.o
 .debug_loc     0x00002a8c       0x2c build/sam9x_Curiosity/production/_ext/1360937237/main.o
 .debug_loc     0x00002ab8      0x318 c:/program files/microchip/xc32/v4.20/bin/bin/../../lib/gcc/pic32c/8.3.1/arm/v5te/nofp\libgcc.a(_udivmoddi4.o)
 .debug_loc     0x00002dd0       0x51 c:/program files/microchip/xc32/v4.20/bin/bin/../../lib/gcc/pic32c/8.3.1/../../../../pic32c/lib/arm/v5te/nofp\libc-musl.a(__libc_start_main.o)
 .debug_loc     0x00002e21       0xc5 c:/program files/microchip/xc32/v4.20/bin/bin/../../lib/gcc/pic32c/8.3.1/../../../../pic32c/lib/arm/v5te/nofp\libc-musl.a(memcpy.o)
 .debug_loc     0x00002ee6       0x56 c:/program files/microchip/xc32/v4.20/bin/bin/../../lib/gcc/pic32c/8.3.1/../../../../pic32c/lib/arm/v5te/nofp\libc-musl.a(memset.o)

.debug_aranges  0x00000000      0x888
 .debug_aranges
                0x00000000       0x78 build/sam9x_Curiosity/production/_ext/1128182572/drv_imu.o
 .debug_aranges
                0x00000078      0x108 build/sam9x_Curiosity/production/_ext/1722030300/drv_spi.o
 .debug_aranges
                0x00000180       0x68 build/sam9x_Curiosity/production/_ext/441841942/plib_aic.o
 .debug_aranges
                0x000001e8       0x30 build/sam9x_Curiosity/production/_ext/441839919/plib_clk.o
 .debug_aranges
                0x00000218       0x70 build/sam9x_Curiosity/production/_ext/583233565/plib_flexcom5_spi_master.o
 .debug_aranges
                0x00000288       0xf8 build/sam9x_Curiosity/production/_ext/441830268/plib_mmu.o
 .debug_aranges
                0x00000380       0x60 build/sam9x_Curiosity/production/_ext/441827515/plib_pio.o
 .debug_aranges
                0x000003e0       0x70 build/sam9x_Curiosity/production/_ext/2092462368/plib_tc0.o
 .debug_aranges
                0x00000450       0x90 build/sam9x_Curiosity/production/_ext/1379663014/sys_int.o
 .debug_aranges
                0x000004e0      0x158 build/sam9x_Curiosity/production/_ext/1515815680/sys_time.o
 .debug_aranges
                0x00000638       0x30 build/sam9x_Curiosity/production/_ext/1437643379/cstartup.o
 .debug_aranges
                0x00000668       0x20 build/sam9x_Curiosity/production/_ext/1437643379/tasks.o
 .debug_aranges
                0x00000688       0x28 build/sam9x_Curiosity/production/_ext/1437643379/initialization.o
 .debug_aranges
                0x000006b0       0x40 build/sam9x_Curiosity/production/_ext/1437643379/interrupts.o
 .debug_aranges
                0x000006f0       0x38 build/sam9x_Curiosity/production/_ext/1437643379/fault_handlers.o
 .debug_aranges
                0x00000728       0x28 build/sam9x_Curiosity/production/_ext/1360937237/app.o
 .debug_aranges
                0x00000750       0x20 build/sam9x_Curiosity/production/_ext/1360937237/main.o
 .debug_aranges
                0x00000770       0x20 c:/program files/microchip/xc32/v4.20/bin/bin/../../lib/gcc/pic32c/8.3.1/arm/v5te/nofp\libgcc.a(_udivsi3.o)
 .debug_aranges
                0x00000790       0x20 c:/program files/microchip/xc32/v4.20/bin/bin/../../lib/gcc/pic32c/8.3.1/arm/v5te/nofp\libgcc.a(_dvmd_tls.o)
 .debug_aranges
                0x000007b0       0x20 c:/program files/microchip/xc32/v4.20/bin/bin/../../lib/gcc/pic32c/8.3.1/arm/v5te/nofp\libgcc.a(_aeabi_uldivmod.o)
 .debug_aranges
                0x000007d0       0x20 c:/program files/microchip/xc32/v4.20/bin/bin/../../lib/gcc/pic32c/8.3.1/arm/v5te/nofp\libgcc.a(_udivmoddi4.o)
 .debug_aranges
                0x000007f0       0x28 c:/program files/microchip/xc32/v4.20/bin/bin/../../lib/gcc/pic32c/8.3.1/../../../../pic32c/lib/arm/v5te/nofp\libc-musl.a(__libc_start_main.o)
 .debug_aranges
                0x00000818       0x18 c:/program files/microchip/xc32/v4.20/bin/bin/../../lib/gcc/pic32c/8.3.1/../../../../pic32c/lib/arm/v5te/nofp\libc-musl.a(libc.o)
 .debug_aranges
                0x00000830       0x20 c:/program files/microchip/xc32/v4.20/bin/bin/../../lib/gcc/pic32c/8.3.1/../../../../pic32c/lib/arm/v5te/nofp\libc-musl.a(memcpy.o)
 .debug_aranges
                0x00000850       0x20 c:/program files/microchip/xc32/v4.20/bin/bin/../../lib/gcc/pic32c/8.3.1/../../../../pic32c/lib/arm/v5te/nofp\libc-musl.a(memset.o)
 .debug_aranges
                0x00000870       0x18 c:/program files/microchip/xc32/v4.20/bin/bin/../../lib/gcc/pic32c/8.3.1/../../../../pic32c/lib/arm/v5te/nofp\libc-musl.a(__environ.o)

.debug_ranges   0x00000000      0x6f8
 .debug_ranges  0x00000000       0x68 build/sam9x_Curiosity/production/_ext/1128182572/drv_imu.o
 .debug_ranges  0x00000068       0xf8 build/sam9x_Curiosity/production/_ext/1722030300/drv_spi.o
 .debug_ranges  0x00000160       0x58 build/sam9x_Curiosity/production/_ext/441841942/plib_aic.o
 .debug_ranges  0x000001b8       0x38 build/sam9x_Curiosity/production/_ext/441839919/plib_clk.o
 .debug_ranges  0x000001f0       0x60 build/sam9x_Curiosity/production/_ext/583233565/plib_flexcom5_spi_master.o
 .debug_ranges  0x00000250       0xe8 build/sam9x_Curiosity/production/_ext/441830268/plib_mmu.o
 .debug_ranges  0x00000338       0x50 build/sam9x_Curiosity/production/_ext/441827515/plib_pio.o
 .debug_ranges  0x00000388       0x60 build/sam9x_Curiosity/production/_ext/2092462368/plib_tc0.o
 .debug_ranges  0x000003e8       0x80 build/sam9x_Curiosity/production/_ext/1379663014/sys_int.o
 .debug_ranges  0x00000468      0x148 build/sam9x_Curiosity/production/_ext/1515815680/sys_time.o
 .debug_ranges  0x000005b0       0x28 build/sam9x_Curiosity/production/_ext/1437643379/cstartup.o
 .debug_ranges  0x000005d8       0x10 build/sam9x_Curiosity/production/_ext/1437643379/tasks.o
 .debug_ranges  0x000005e8       0x18 build/sam9x_Curiosity/production/_ext/1437643379/initialization.o
 .debug_ranges  0x00000600       0x30 build/sam9x_Curiosity/production/_ext/1437643379/interrupts.o
 .debug_ranges  0x00000630       0x28 build/sam9x_Curiosity/production/_ext/1437643379/fault_handlers.o
 .debug_ranges  0x00000658       0x30 build/sam9x_Curiosity/production/_ext/1360937237/app.o
 .debug_ranges  0x00000688       0x10 build/sam9x_Curiosity/production/_ext/1360937237/main.o
 .debug_ranges  0x00000698       0x40 c:/program files/microchip/xc32/v4.20/bin/bin/../../lib/gcc/pic32c/8.3.1/../../../../pic32c/lib/arm/v5te/nofp\libc-musl.a(__libc_start_main.o)
 .debug_ranges  0x000006d8       0x10 c:/program files/microchip/xc32/v4.20/bin/bin/../../lib/gcc/pic32c/8.3.1/../../../../pic32c/lib/arm/v5te/nofp\libc-musl.a(memcpy.o)
 .debug_ranges  0x000006e8       0x10 c:/program files/microchip/xc32/v4.20/bin/bin/../../lib/gcc/pic32c/8.3.1/../../../../pic32c/lib/arm/v5te/nofp\libc-musl.a(memset.o)

.debug_line     0x00000000     0x4720
 .debug_line    0x00000000      0x4e8 build/sam9x_Curiosity/production/_ext/1128182572/drv_imu.o
 .debug_line    0x000004e8      0xd03 build/sam9x_Curiosity/production/_ext/1722030300/drv_spi.o
 .debug_line    0x000011eb      0x2c6 build/sam9x_Curiosity/production/_ext/441841942/plib_aic.o
 .debug_line    0x000014b1      0x168 build/sam9x_Curiosity/production/_ext/441839919/plib_clk.o
 .debug_line    0x00001619      0x502 build/sam9x_Curiosity/production/_ext/583233565/plib_flexcom5_spi_master.o
 .debug_line    0x00001b1b      0x570 build/sam9x_Curiosity/production/_ext/441830268/plib_mmu.o
 .debug_line    0x0000208b      0x2df build/sam9x_Curiosity/production/_ext/441827515/plib_pio.o
 .debug_line    0x0000236a      0x230 build/sam9x_Curiosity/production/_ext/2092462368/plib_tc0.o
 .debug_line    0x0000259a      0x3ca build/sam9x_Curiosity/production/_ext/1379663014/sys_int.o
 .debug_line    0x00002964      0xc12 build/sam9x_Curiosity/production/_ext/1515815680/sys_time.o
 .debug_line    0x00003576       0xfa build/sam9x_Curiosity/production/_ext/1437643379/cstartup.o
 .debug_line    0x00003670       0x60 build/sam9x_Curiosity/production/_ext/1437643379/tasks.o
 .debug_line    0x000036d0      0x3a1 build/sam9x_Curiosity/production/_ext/1437643379/initialization.o
 .debug_line    0x00003a71      0x19d build/sam9x_Curiosity/production/_ext/1437643379/interrupts.o
 .debug_line    0x00003c0e       0x9f build/sam9x_Curiosity/production/_ext/1437643379/fault_handlers.o
 .debug_line    0x00003cad      0x114 build/sam9x_Curiosity/production/_ext/1360937237/app.o
 .debug_line    0x00003dc1       0x9e build/sam9x_Curiosity/production/_ext/1360937237/main.o
 .debug_line    0x00003e5f       0xb3 c:/program files/microchip/xc32/v4.20/bin/bin/../../lib/gcc/pic32c/8.3.1/arm/v5te/nofp\libgcc.a(_udivsi3.o)
 .debug_line    0x00003f12       0x97 c:/program files/microchip/xc32/v4.20/bin/bin/../../lib/gcc/pic32c/8.3.1/arm/v5te/nofp\libgcc.a(_dvmd_tls.o)
 .debug_line    0x00003fa9       0x97 c:/program files/microchip/xc32/v4.20/bin/bin/../../lib/gcc/pic32c/8.3.1/arm/v5te/nofp\libgcc.a(_aeabi_uldivmod.o)
 .debug_line    0x00004040      0x185 c:/program files/microchip/xc32/v4.20/bin/bin/../../lib/gcc/pic32c/8.3.1/arm/v5te/nofp\libgcc.a(_udivmoddi4.o)
 .debug_line    0x000041c5      0x1d1 c:/program files/microchip/xc32/v4.20/bin/bin/../../lib/gcc/pic32c/8.3.1/../../../../pic32c/lib/arm/v5te/nofp\libc-musl.a(__libc_start_main.o)
 .debug_line    0x00004396       0xbb c:/program files/microchip/xc32/v4.20/bin/bin/../../lib/gcc/pic32c/8.3.1/../../../../pic32c/lib/arm/v5te/nofp\libc-musl.a(libc.o)
 .debug_line    0x00004451       0xe5 c:/program files/microchip/xc32/v4.20/bin/bin/../../lib/gcc/pic32c/8.3.1/../../../../pic32c/lib/arm/v5te/nofp\libc-musl.a(memcpy.o)
 .debug_line    0x00004536       0xe3 c:/program files/microchip/xc32/v4.20/bin/bin/../../lib/gcc/pic32c/8.3.1/../../../../pic32c/lib/arm/v5te/nofp\libc-musl.a(memset.o)
 .debug_line    0x00004619      0x107 c:/program files/microchip/xc32/v4.20/bin/bin/../../lib/gcc/pic32c/8.3.1/../../../../pic32c/lib/arm/v5te/nofp\libc-musl.a(__environ.o)

.debug_str      0x00000000      0x650
 .debug_str     0x00000000       0x29 build/sam9x_Curiosity/production/_ext/1128182572/drv_imu.o
 .debug_str     0x00000029      0x15e build/sam9x_Curiosity/production/_ext/1722030300/drv_spi.o
 .debug_str     0x00000187        0x0 build/sam9x_Curiosity/production/_ext/441841942/plib_aic.o
 .debug_str     0x00000187        0x0 build/sam9x_Curiosity/production/_ext/441839919/plib_clk.o
 .debug_str     0x00000187       0x3b build/sam9x_Curiosity/production/_ext/583233565/plib_flexcom5_spi_master.o
 .debug_str     0x000001c2        0xd build/sam9x_Curiosity/production/_ext/441830268/plib_mmu.o
 .debug_str     0x000001cf        0xa build/sam9x_Curiosity/production/_ext/441827515/plib_pio.o
 .debug_str     0x000001d9        0xa build/sam9x_Curiosity/production/_ext/2092462368/plib_tc0.o
 .debug_str     0x000001e3       0x2c build/sam9x_Curiosity/production/_ext/1379663014/sys_int.o
 .debug_str     0x0000020f      0x100 build/sam9x_Curiosity/production/_ext/1515815680/sys_time.o
 .debug_str     0x0000030f       0x89 build/sam9x_Curiosity/production/_ext/1437643379/cstartup.o
 .debug_str     0x00000398        0x0 build/sam9x_Curiosity/production/_ext/1437643379/tasks.o
 .debug_str     0x00000398        0xd build/sam9x_Curiosity/production/_ext/1437643379/initialization.o
 .debug_str     0x000003a5        0x0 build/sam9x_Curiosity/production/_ext/1437643379/interrupts.o
 .debug_str     0x000003a5        0x0 build/sam9x_Curiosity/production/_ext/1437643379/fault_handlers.o
 .debug_str     0x000003a5        0x0 build/sam9x_Curiosity/production/_ext/1360937237/app.o
 .debug_str     0x000003a5        0x0 build/sam9x_Curiosity/production/_ext/1360937237/main.o
 .debug_str     0x000003a5       0xe5 c:/program files/microchip/xc32/v4.20/bin/bin/../../lib/gcc/pic32c/8.3.1/arm/v5te/nofp\libgcc.a(_udivsi3.o)
 .debug_str     0x0000048a       0xe5 c:/program files/microchip/xc32/v4.20/bin/bin/../../lib/gcc/pic32c/8.3.1/arm/v5te/nofp\libgcc.a(_dvmd_tls.o)
 .debug_str     0x0000056f       0xe1 c:/program files/microchip/xc32/v4.20/bin/bin/../../lib/gcc/pic32c/8.3.1/arm/v5te/nofp\libgcc.a(_aeabi_uldivmod.o)
 .debug_str     0x00000650        0x0 c:/program files/microchip/xc32/v4.20/bin/bin/../../lib/gcc/pic32c/8.3.1/arm/v5te/nofp\libgcc.a(_udivmoddi4.o)
 .debug_str     0x00000650        0x0 c:/program files/microchip/xc32/v4.20/bin/bin/../../lib/gcc/pic32c/8.3.1/../../../../pic32c/lib/arm/v5te/nofp\libc-musl.a(__libc_start_main.o)
 .debug_str     0x00000650        0x0 c:/program files/microchip/xc32/v4.20/bin/bin/../../lib/gcc/pic32c/8.3.1/../../../../pic32c/lib/arm/v5te/nofp\libc-musl.a(libc.o)
 .debug_str     0x00000650        0x0 c:/program files/microchip/xc32/v4.20/bin/bin/../../lib/gcc/pic32c/8.3.1/../../../../pic32c/lib/arm/v5te/nofp\libc-musl.a(memcpy.o)
 .debug_str     0x00000650        0x0 c:/program files/microchip/xc32/v4.20/bin/bin/../../lib/gcc/pic32c/8.3.1/../../../../pic32c/lib/arm/v5te/nofp\libc-musl.a(memset.o)
 .debug_str     0x00000650        0x0 c:/program files/microchip/xc32/v4.20/bin/bin/../../lib/gcc/pic32c/8.3.1/../../../../pic32c/lib/arm/v5te/nofp\libc-musl.a(__environ.o)

.debug_frame    0x00000000     0x190c
 .debug_frame   0x00000000      0x18c build/sam9x_Curiosity/production/_ext/1128182572/drv_imu.o
 .debug_frame   0x0000018c      0x3e4 build/sam9x_Curiosity/production/_ext/1722030300/drv_spi.o
 .debug_frame   0x00000570      0x150 build/sam9x_Curiosity/production/_ext/441841942/plib_aic.o
 .debug_frame   0x000006c0       0x6c build/sam9x_Curiosity/production/_ext/441839919/plib_clk.o
 .debug_frame   0x0000072c      0x180 build/sam9x_Curiosity/production/_ext/583233565/plib_flexcom5_spi_master.o
 .debug_frame   0x000008ac      0x390 build/sam9x_Curiosity/production/_ext/441830268/plib_mmu.o
 .debug_frame   0x00000c3c      0x134 build/sam9x_Curiosity/production/_ext/441827515/plib_pio.o
 .debug_frame   0x00000d70      0x16c build/sam9x_Curiosity/production/_ext/2092462368/plib_tc0.o
 .debug_frame   0x00000edc      0x1e8 build/sam9x_Curiosity/production/_ext/1379663014/sys_int.o
 .debug_frame   0x000010c4      0x554 build/sam9x_Curiosity/production/_ext/1515815680/sys_time.o
 .debug_frame   0x00001618       0x2c build/sam9x_Curiosity/production/_ext/1437643379/tasks.o
 .debug_frame   0x00001644       0x50 build/sam9x_Curiosity/production/_ext/1437643379/initialization.o
 .debug_frame   0x00001694       0x90 build/sam9x_Curiosity/production/_ext/1437643379/interrupts.o
 .debug_frame   0x00001724       0x70 build/sam9x_Curiosity/production/_ext/1437643379/fault_handlers.o
 .debug_frame   0x00001794       0x50 build/sam9x_Curiosity/production/_ext/1360937237/app.o
 .debug_frame   0x000017e4       0x2c build/sam9x_Curiosity/production/_ext/1360937237/main.o
 .debug_frame   0x00001810       0x20 c:/program files/microchip/xc32/v4.20/bin/bin/../../lib/gcc/pic32c/8.3.1/arm/v5te/nofp\libgcc.a(_udivsi3.o)
 .debug_frame   0x00001830       0x2c c:/program files/microchip/xc32/v4.20/bin/bin/../../lib/gcc/pic32c/8.3.1/arm/v5te/nofp\libgcc.a(_aeabi_uldivmod.o)
 .debug_frame   0x0000185c       0x34 c:/program files/microchip/xc32/v4.20/bin/bin/../../lib/gcc/pic32c/8.3.1/arm/v5te/nofp\libgcc.a(_udivmoddi4.o)
 .debug_frame   0x00001890       0x3c c:/program files/microchip/xc32/v4.20/bin/bin/../../lib/gcc/pic32c/8.3.1/../../../../pic32c/lib/arm/v5te/nofp\libc-musl.a(__libc_start_main.o)
 .debug_frame   0x000018cc       0x20 c:/program files/microchip/xc32/v4.20/bin/bin/../../lib/gcc/pic32c/8.3.1/../../../../pic32c/lib/arm/v5te/nofp\libc-musl.a(memcpy.o)
 .debug_frame   0x000018ec       0x20 c:/program files/microchip/xc32/v4.20/bin/bin/../../lib/gcc/pic32c/8.3.1/../../../../pic32c/lib/arm/v5te/nofp\libc-musl.a(memset.o)

.note.GNU-stack
                0x00000000        0x0
 .note.GNU-stack
                0x00000000        0x0 c:/program files/microchip/xc32/v4.20/bin/bin/../../lib/gcc/pic32c/8.3.1/../../../../pic32c/lib/arm/v5te/nofp\libc-musl.a(__libc_start_main.o)
 .note.GNU-stack
                0x00000000        0x0 c:/program files/microchip/xc32/v4.20/bin/bin/../../lib/gcc/pic32c/8.3.1/../../../../pic32c/lib/arm/v5te/nofp\libc-musl.a(libc.o)
 .note.GNU-stack
                0x00000000        0x0 c:/program files/microchip/xc32/v4.20/bin/bin/../../lib/gcc/pic32c/8.3.1/../../../../pic32c/lib/arm/v5te/nofp\libc-musl.a(memcpy.o)
 .note.GNU-stack
                0x00000000        0x0 c:/program files/microchip/xc32/v4.20/bin/bin/../../lib/gcc/pic32c/8.3.1/../../../../pic32c/lib/arm/v5te/nofp\libc-musl.a(memset.o)
 .note.GNU-stack
                0x00000000        0x0 c:/program files/microchip/xc32/v4.20/bin/bin/../../lib/gcc/pic32c/8.3.1/../../../../pic32c/lib/arm/v5te/nofp\libc-musl.a(__environ.o)

.stack          0x23f125e0      0x100
 .stack         0x23f125e0      0x100 stack

.eh_frame%z1    0x00000000        0x0
 .eh_frame      0x00000000        0x0 c:/program files/microchip/xc32/v4.20/bin/bin/../../lib/gcc/pic32c/8.3.1/arm/v5te/nofp/crtbegin.o
