Archive member included to satisfy reference by file (symbol)

c:/program files/microchip/xc32/v4.20/bin/bin/../../lib/gcc/pic32c/8.3.1/../../../../pic32c/lib/arm/v5te/nofp\libpic32c.a(data_init_0_1.o)
                              (__copy_needed)
c:/program files/microchip/xc32/v4.20/bin/bin/../../lib/gcc/pic32c/8.3.1/arm/v5te/nofp\libgcc.a(_udivsi3.o)
                              build/sam9x_Curiosity/debug/_ext/812115427/plib_dbgu.o (__aeabi_uidiv)
c:/program files/microchip/xc32/v4.20/bin/bin/../../lib/gcc/pic32c/8.3.1/arm/v5te/nofp\libgcc.a(_dvmd_tls.o)
                              c:/program files/microchip/xc32/v4.20/bin/bin/../../lib/gcc/pic32c/8.3.1/arm/v5te/nofp\libgcc.a(_udivsi3.o) (__aeabi_idiv0)
c:/program files/microchip/xc32/v4.20/bin/bin/../../lib/gcc/pic32c/8.3.1/arm/v5te/nofp\libgcc.a(_aeabi_uldivmod.o)
                              build/sam9x_Curiosity/debug/_ext/1515815680/sys_time.o (__aeabi_uldivmod)
c:/program files/microchip/xc32/v4.20/bin/bin/../../lib/gcc/pic32c/8.3.1/arm/v5te/nofp\libgcc.a(_udivmoddi4.o)
                              c:/program files/microchip/xc32/v4.20/bin/bin/../../lib/gcc/pic32c/8.3.1/arm/v5te/nofp\libgcc.a(_aeabi_uldivmod.o) (__udivmoddi4)
c:/program files/microchip/xc32/v4.20/bin/bin/../../lib/gcc/pic32c/8.3.1/../../../../pic32c/lib/arm/v5te/nofp\libg-musl.a(__libc_start_main.o)
                              build/sam9x_Curiosity/debug/_ext/1437643379/cstartup.o (__libc_init_array)
c:/program files/microchip/xc32/v4.20/bin/bin/../../lib/gcc/pic32c/8.3.1/../../../../pic32c/lib/arm/v5te/nofp\libg-musl.a(libc.o)
                              c:/program files/microchip/xc32/v4.20/bin/bin/../../lib/gcc/pic32c/8.3.1/../../../../pic32c/lib/arm/v5te/nofp\libg-musl.a(__libc_start_main.o) (__progname_full)
c:/program files/microchip/xc32/v4.20/bin/bin/../../lib/gcc/pic32c/8.3.1/../../../../pic32c/lib/arm/v5te/nofp\libg-musl.a(__sio_printf_doux.o)
                              (_printf_cdnopuxX)
c:/program files/microchip/xc32/v4.20/bin/bin/../../lib/gcc/pic32c/8.3.1/../../../../pic32c/lib/arm/v5te/nofp\libg-musl.a(__fmt_d.o)
                              c:/program files/microchip/xc32/v4.20/bin/bin/../../lib/gcc/pic32c/8.3.1/../../../../pic32c/lib/arm/v5te/nofp\libg-musl.a(__sio_printf_doux.o) (__fmt_d_needed)
c:/program files/microchip/xc32/v4.20/bin/bin/../../lib/gcc/pic32c/8.3.1/../../../../pic32c/lib/arm/v5te/nofp\libg-musl.a(__fmt_o.o)
                              c:/program files/microchip/xc32/v4.20/bin/bin/../../lib/gcc/pic32c/8.3.1/../../../../pic32c/lib/arm/v5te/nofp\libg-musl.a(__sio_printf_doux.o) (__fmt_o_needed)
c:/program files/microchip/xc32/v4.20/bin/bin/../../lib/gcc/pic32c/8.3.1/../../../../pic32c/lib/arm/v5te/nofp\libg-musl.a(__fmt_s.o)
                              c:/program files/microchip/xc32/v4.20/bin/bin/../../lib/gcc/pic32c/8.3.1/../../../../pic32c/lib/arm/v5te/nofp\libg-musl.a(__sio_printf_doux.o) (__fmt_s_needed)
c:/program files/microchip/xc32/v4.20/bin/bin/../../lib/gcc/pic32c/8.3.1/../../../../pic32c/lib/arm/v5te/nofp\libg-musl.a(__fmt_u.o)
                              c:/program files/microchip/xc32/v4.20/bin/bin/../../lib/gcc/pic32c/8.3.1/../../../../pic32c/lib/arm/v5te/nofp\libg-musl.a(__fmt_d.o) (__cvt_u)
c:/program files/microchip/xc32/v4.20/bin/bin/../../lib/gcc/pic32c/8.3.1/../../../../pic32c/lib/arm/v5te/nofp\libg-musl.a(__fmt_x.o)
                              c:/program files/microchip/xc32/v4.20/bin/bin/../../lib/gcc/pic32c/8.3.1/../../../../pic32c/lib/arm/v5te/nofp\libg-musl.a(__sio_printf_doux.o) (__fmt_x_needed)
c:/program files/microchip/xc32/v4.20/bin/bin/../../lib/gcc/pic32c/8.3.1/../../../../pic32c/lib/arm/v5te/nofp\libg-musl.a(__pop_int.o)
                              c:/program files/microchip/xc32/v4.20/bin/bin/../../lib/gcc/pic32c/8.3.1/../../../../pic32c/lib/arm/v5te/nofp\libg-musl.a(__sio_printf_doux.o) (__pop_int_needed)
c:/program files/microchip/xc32/v4.20/bin/bin/../../lib/gcc/pic32c/8.3.1/../../../../pic32c/lib/arm/v5te/nofp\libg-musl.a(__pop_ptr.o)
                              c:/program files/microchip/xc32/v4.20/bin/bin/../../lib/gcc/pic32c/8.3.1/../../../../pic32c/lib/arm/v5te/nofp\libg-musl.a(__sio_printf_doux.o) (__pop_ptr_needed)
c:/program files/microchip/xc32/v4.20/bin/bin/../../lib/gcc/pic32c/8.3.1/../../../../pic32c/lib/arm/v5te/nofp\libg-musl.a(__printf_core.o)
                              c:/program files/microchip/xc32/v4.20/bin/bin/../../lib/gcc/pic32c/8.3.1/../../../../pic32c/lib/arm/v5te/nofp\libg-musl.a(__fmt_d.o) (__pad)
c:/program files/microchip/xc32/v4.20/bin/bin/../../lib/gcc/pic32c/8.3.1/../../../../pic32c/lib/arm/v5te/nofp\libg-musl.a(stdin.o)
                              build/sam9x_Curiosity/debug/_ext/1437643379/initialization.o (_stdin)
c:/program files/microchip/xc32/v4.20/bin/bin/../../lib/gcc/pic32c/8.3.1/../../../../pic32c/lib/arm/v5te/nofp\libg-musl.a(stdout.o)
                              build/sam9x_Curiosity/debug/_ext/1437643379/initialization.o (_stdout)
[...]
Memory Configuration

Name             Origin             Length             Attributes
sram             0x00300000         0x00010000         xw
ram              0x21000000         0x07000000         xwl !r
ram_nocache      0x20000000         0x01000000         !xrw
rom              0x00000000         0x00000000         xrl
*default*        0x00000000         0xffffffff

Linker script and memory map

LOAD c:/program files/microchip/xc32/v4.20/bin/bin/../../lib/gcc/pic32c/8.3.1/arm/v5te/nofp/crti.o
LOAD c:/program files/microchip/xc32/v4.20/bin/bin/../../lib/gcc/pic32c/8.3.1/arm/v5te/nofp/crtbegin.o
LOAD build/sam9x_Curiosity/debug/_ext/1128182572/drv_imu.o
LOAD build/sam9x_Curiosity/debug/_ext/1722030300/drv_spi.o
LOAD build/sam9x_Curiosity/debug/_ext/441841942/plib_aic.o
LOAD build/sam9x_Curiosity/debug/_ext/441839919/plib_clk.o
LOAD build/sam9x_Curiosity/debug/_ext/812115427/plib_dbgu.o
LOAD build/sam9x_Curiosity/debug/_ext/583233565/plib_flexcom5_spi_master.o
LOAD build/sam9x_Curiosity/debug/_ext/441830268/plib_mmu.o
LOAD build/sam9x_Curiosity/debug/_ext/441827515/plib_pio.o
LOAD build/sam9x_Curiosity/debug/_ext/2092462368/plib_tc0.o
LOAD build/sam9x_Curiosity/debug/_ext/745456519/xc32_monitor.o
LOAD build/sam9x_Curiosity/debug/_ext/1300519140/sys_cache.o
LOAD build/sam9x_Curiosity/debug/_ext/1379663014/sys_int.o
LOAD build/sam9x_Curiosity/debug/_ext/1515815680/sys_time.o
LOAD build/sam9x_Curiosity/debug/_ext/1437643379/cstartup.o
LOAD build/sam9x_Curiosity/debug/_ext/1437643379/tasks.o
LOAD build/sam9x_Curiosity/debug/_ext/1437643379/initialization.o
LOAD build/sam9x_Curiosity/debug/_ext/1437643379/interrupts.o
LOAD build/sam9x_Curiosity/debug/_ext/1437643379/fault_handlers.o
LOAD build/sam9x_Curiosity/debug/_ext/1360937237/app.o
LOAD build/sam9x_Curiosity/debug/_ext/1360937237/main.o
LOAD build/sam9x_Curiosity/debug/_ext/800758461/bsp.o
                0x00000001                __MPLAB_BUILD = 0x1
                0x00001000                C_STACK_SIZE = 0x1000
                0x00000060                IRQ_STACK_SIZE = 0x60
                0x00000060                FIQ_STACK_SIZE = 0x60
                0x00001000                SVC_STACK_SIZE = 0x1000
                0x00000040                ABT_STACK_SIZE = 0x40
                0x00000040                UND_STACK_SIZE = 0x40

.text           0x23f00000     0x7df4
                0x23f00000                . = ALIGN (0x4)
                [!provide]                PROVIDE (_sfixed = .)
 *(.textEntry)
 .textEntry     0x23f00000      0x10c build/sam9x_Curiosity/debug/_ext/1437643379/cstartup.o
                0x23f00000                entry
 *(.text .text.* .gnu.linkonce.t.*)
 .text          0x23f0010c       0x70 c:/program files/microchip/xc32/v4.20/bin/bin/../../lib/gcc/pic32c/8.3.1/arm/v5te/nofp/crtbegin.o
 .text._sleep   0x23f0017c       0x6c build/sam9x_Curiosity/debug/_ext/1128182572/drv_imu.o
 .text.SPI_Accel_EventHandler
                0x23f001e8       0x5c build/sam9x_Curiosity/debug/_ext/1128182572/drv_imu.o
 .text.SPI_Gyro_EventHandler
                0x23f00244       0x5c build/sam9x_Curiosity/debug/_ext/1128182572/drv_imu.o
 .text.SPI_Mag_EventHandler
                0x23f002a0       0x5c build/sam9x_Curiosity/debug/_ext/1128182572/drv_imu.o
 .text._write   0x23f002fc      0x1ac build/sam9x_Curiosity/debug/_ext/1128182572/drv_imu.o
 .text._read    0x23f004a8      0x1a8 build/sam9x_Curiosity/debug/_ext/1128182572/drv_imu.o
 .text._config_sensor
                0x23f00650      0x160 build/sam9x_Curiosity/debug/_ext/1128182572/drv_imu.o
                0x23f00650                _config_sensor
 .text._check_sensors_id
                0x23f007b0       0xd4 build/sam9x_Curiosity/debug/_ext/1128182572/drv_imu.o
                0x23f007b0                _check_sensors_id
 .text._reset_all_sensors
                0x23f00884       0xa0 build/sam9x_Curiosity/debug/_ext/1128182572/drv_imu.o
 .text._bmx055_spi_init
                0x23f00924      0x230 build/sam9x_Curiosity/debug/_ext/1128182572/drv_imu.o
                0x23f00924                _bmx055_spi_init
 .text.DRV_BMX055_Get_Data
                0x23f00b54      0x144 build/sam9x_Curiosity/debug/_ext/1128182572/drv_imu.o
                0x23f00b54                DRV_BMX055_Get_Data
 .text.DRV_BMX055_Init
                0x23f00c98       0x58 build/sam9x_Curiosity/debug/_ext/1128182572/drv_imu.o
                0x23f00c98                DRV_BMX055_Init
 .text.PIO_PinSet
                0x23f00cf0       0x48 build/sam9x_Curiosity/debug/_ext/1722030300/drv_spi.o
 .text.PIO_PinClear
                0x23f00d38       0x48 build/sam9x_Curiosity/debug/_ext/1722030300/drv_spi.o
 .text.SYS_PORT_PinSet
                0x23f00d80       0x2c build/sam9x_Curiosity/debug/_ext/1722030300/drv_spi.o
 .text.SYS_PORT_PinClear
                0x23f00dac       0x2c build/sam9x_Curiosity/debug/_ext/1722030300/drv_spi.o
 .text._DRV_SPI_MAKE_HANDLE
                0x23f00dd8       0x50 build/sam9x_Curiosity/debug/_ext/1722030300/drv_spi.o
 .text._DRV_SPI_UPDATE_TOKEN
                0x23f00e28       0x50 build/sam9x_Curiosity/debug/_ext/1722030300/drv_spi.o
 .text._DRV_SPI_DisableInterrupts
                0x23f00e78      0x120 build/sam9x_Curiosity/debug/_ext/1722030300/drv_spi.o
 .text._DRV_SPI_EnableInterrupts
                0x23f00f98      0x110 build/sam9x_Curiosity/debug/_ext/1722030300/drv_spi.o
 .text._DRV_SPI_ResourceLock
                0x23f010a8       0x84 build/sam9x_Curiosity/debug/_ext/1722030300/drv_spi.o
 .text._DRV_SPI_ResourceUnlock
                0x23f0112c       0x4c build/sam9x_Curiosity/debug/_ext/1722030300/drv_spi.o
 .text._DRV_SPI_DriverHandleValidate
                0x23f01178      0x144 build/sam9x_Curiosity/debug/_ext/1722030300/drv_spi.o
 .text._DRV_SPI_FreeTransferObjGet
                0x23f012bc      0x1e8 build/sam9x_Curiosity/debug/_ext/1722030300/drv_spi.o
 .text._DRV_SPI_TransferObjAddToList
                0x23f014a4       0xac build/sam9x_Curiosity/debug/_ext/1722030300/drv_spi.o
 .text._DRV_SPI_TransferObjListGet
                0x23f01550       0x38 build/sam9x_Curiosity/debug/_ext/1722030300/drv_spi.o
 .text._DRV_SPI_RemoveTransferObjFromList
                0x23f01588       0x80 build/sam9x_Curiosity/debug/_ext/1722030300/drv_spi.o
 .text._DRV_SPI_UpdateTransferSetupAndAssertCS
                0x23f01608      0x160 build/sam9x_Curiosity/debug/_ext/1722030300/drv_spi.o
 .text._DRV_SPI_PlibCallbackHandler
                0x23f01768      0x230 build/sam9x_Curiosity/debug/_ext/1722030300/drv_spi.o
 .text.DRV_SPI_Initialize
                0x23f01998      0x274 build/sam9x_Curiosity/debug/_ext/1722030300/drv_spi.o
                0x23f01998                DRV_SPI_Initialize
 .text.DRV_SPI_Open
                0x23f01c0c      0x300 build/sam9x_Curiosity/debug/_ext/1722030300/drv_spi.o
                0x23f01c0c                DRV_SPI_Open
 .text.DRV_SPI_TransferEventHandlerSet
                0x23f01f0c       0xcc build/sam9x_Curiosity/debug/_ext/1722030300/drv_spi.o
                0x23f01f0c                DRV_SPI_TransferEventHandlerSet
 .text.DRV_SPI_TransferSetup
                0x23f01fd8      0x168 build/sam9x_Curiosity/debug/_ext/1722030300/drv_spi.o
                0x23f01fd8                DRV_SPI_TransferSetup
 .text.DRV_SPI_WriteReadTransferAdd
                0x23f02140      0x288 build/sam9x_Curiosity/debug/_ext/1722030300/drv_spi.o
                0x23f02140                DRV_SPI_WriteReadTransferAdd
 .text.DRV_SPI_WriteTransferAdd
                0x23f023c8       0x4c build/sam9x_Curiosity/debug/_ext/1722030300/drv_spi.o
                0x23f023c8                DRV_SPI_WriteTransferAdd
 .text.__disable_irq
                0x23f02414       0x24 build/sam9x_Curiosity/debug/_ext/441841942/plib_aic.o
 .text.__enable_irq
                0x23f02438       0x24 build/sam9x_Curiosity/debug/_ext/441841942/plib_aic.o
 .text.__arm926_dmb
                0x23f0245c       0x18 build/sam9x_Curiosity/debug/_ext/441841942/plib_aic.o
 .text.__arm926_dsb
                0x23f02474       0x20 build/sam9x_Curiosity/debug/_ext/441841942/plib_aic.o
 .text.__arm926_isb
                0x23f02494       0x18 build/sam9x_Curiosity/debug/_ext/441841942/plib_aic.o
 .text.__get_CPSR
                0x23f024ac       0x30 build/sam9x_Curiosity/debug/_ext/441841942/plib_aic.o
 .text.AIC_INT_Initialize
                0x23f024dc      0x244 build/sam9x_Curiosity/debug/_ext/441841942/plib_aic.o
                0x23f024dc                AIC_INT_Initialize
 .text.AIC_INT_IrqDisable
                0x23f02720       0x48 build/sam9x_Curiosity/debug/_ext/441841942/plib_aic.o
                0x23f02720                AIC_INT_IrqDisable
 .text.AIC_INT_IrqRestore
                0x23f02768       0x40 build/sam9x_Curiosity/debug/_ext/441841942/plib_aic.o
                0x23f02768                AIC_INT_IrqRestore
 .text.initProgrammableClk
                0x23f027a8       0x30 build/sam9x_Curiosity/debug/_ext/441839919/plib_clk.o
 .text.initPeriphClk
                0x23f027d8      0x184 build/sam9x_Curiosity/debug/_ext/441839919/plib_clk.o
 .text.CLK_Initialize
                0x23f0295c       0x18 build/sam9x_Curiosity/debug/_ext/441839919/plib_clk.o
                0x23f0295c                CLK_Initialize
 .text.DBGU_ErrorClear
                0x23f02974       0x58 build/sam9x_Curiosity/debug/_ext/812115427/plib_dbgu.o
 .text.DBGU_Initialize
                0x23f029cc       0x4c build/sam9x_Curiosity/debug/_ext/812115427/plib_dbgu.o
                0x23f029cc                DBGU_Initialize
 .text.DBGU_ErrorGet
                0x23f02a18       0x50 build/sam9x_Curiosity/debug/_ext/812115427/plib_dbgu.o
                0x23f02a18                DBGU_ErrorGet
 .text.DBGU_Read
                0x23f02a68       0xe8 build/sam9x_Curiosity/debug/_ext/812115427/plib_dbgu.o
                0x23f02a68                DBGU_Read
 .text.DBGU_Write
                0x23f02b50       0xa8 build/sam9x_Curiosity/debug/_ext/812115427/plib_dbgu.o
                0x23f02b50                DBGU_Write
 .text.FLEXCOM5_SPI_Initialize
                0x23f02bf8       0x94 build/sam9x_Curiosity/debug/_ext/583233565/plib_flexcom5_spi_master.o
                0x23f02bf8                FLEXCOM5_SPI_Initialize
 .text.FLEXCOM5_SPI_ChipSelectGet
                0x23f02c8c       0x8c build/sam9x_Curiosity/debug/_ext/583233565/plib_flexcom5_spi_master.o
 .text.FLEXCOM5_SPI_WriteRead
                0x23f02d18      0x2e0 build/sam9x_Curiosity/debug/_ext/583233565/plib_flexcom5_spi_master.o
                0x23f02d18                FLEXCOM5_SPI_WriteRead
 .text.FLEXCOM5_SPI_TransferSetup
                0x23f02ff8      0x11c build/sam9x_Curiosity/debug/_ext/583233565/plib_flexcom5_spi_master.o
                0x23f02ff8                FLEXCOM5_SPI_TransferSetup
 .text.FLEXCOM5_SPI_IsTransmitterBusy
                0x23f03114       0x38 build/sam9x_Curiosity/debug/_ext/583233565/plib_flexcom5_spi_master.o
                0x23f03114                FLEXCOM5_SPI_IsTransmitterBusy
 .text.FLEXCOM5_SPI_CallbackRegister
                0x23f0314c       0x40 build/sam9x_Curiosity/debug/_ext/583233565/plib_flexcom5_spi_master.o
                0x23f0314c                FLEXCOM5_SPI_CallbackRegister
 .text.FLEXCOM5_InterruptHandler
                0x23f0318c      0x364 build/sam9x_Curiosity/debug/_ext/583233565/plib_flexcom5_spi_master.o
                0x23f0318c                FLEXCOM5_InterruptHandler
 .text.__arm926_dsb
                0x23f034f0       0x20 build/sam9x_Curiosity/debug/_ext/441830268/plib_mmu.o
 .text.__arm926_isb
                0x23f03510       0x18 build/sam9x_Curiosity/debug/_ext/441830268/plib_mmu.o
 .text.cp15_read_sctlr
                0x23f03528       0x30 build/sam9x_Curiosity/debug/_ext/441830268/plib_mmu.o
 .text.cp15_write_sctlr
                0x23f03558       0x28 build/sam9x_Curiosity/debug/_ext/441830268/plib_mmu.o
 .text.cp15_write_ttbr0
                0x23f03580       0x28 build/sam9x_Curiosity/debug/_ext/441830268/plib_mmu.o
 .text.cp15_write_dacr
                0x23f035a8       0x28 build/sam9x_Curiosity/debug/_ext/441830268/plib_mmu.o
 .text.cp15_icache_invalidate
                0x23f035d0       0x20 build/sam9x_Curiosity/debug/_ext/441830268/plib_mmu.o
 .text.cp15_dcache_invalidate_setway
                0x23f035f0       0x28 build/sam9x_Curiosity/debug/_ext/441830268/plib_mmu.o
 .text.mmu_configure
                0x23f03618       0x38 build/sam9x_Curiosity/debug/_ext/441830268/plib_mmu.o
 .text.mmu_enable
                0x23f03650       0x40 build/sam9x_Curiosity/debug/_ext/441830268/plib_mmu.o
 .text.icache_InvalidateAll
                0x23f03690       0x18 build/sam9x_Curiosity/debug/_ext/441830268/plib_mmu.o
                0x23f03690                icache_InvalidateAll
 .text.icache_Enable
                0x23f036a8       0x44 build/sam9x_Curiosity/debug/_ext/441830268/plib_mmu.o
                0x23f036a8                icache_Enable
 .text.dcache_InvalidateAll
                0x23f036ec       0x80 build/sam9x_Curiosity/debug/_ext/441830268/plib_mmu.o
                0x23f036ec                dcache_InvalidateAll
 .text.dcache_Enable
                0x23f0376c       0x44 build/sam9x_Curiosity/debug/_ext/441830268/plib_mmu.o
                0x23f0376c                dcache_Enable
 .text.MMU_Initialize
                0x23f037b0      0x380 build/sam9x_Curiosity/debug/_ext/441830268/plib_mmu.o
                0x23f037b0                MMU_Initialize
 .text.PIO_Initialize
                0x23f03b30      0x240 build/sam9x_Curiosity/debug/_ext/441827515/plib_pio.o
                0x23f03b30                PIO_Initialize
 .text.PIO_PortSet
                0x23f03d70       0x30 build/sam9x_Curiosity/debug/_ext/441827515/plib_pio.o
                0x23f03d70                PIO_PortSet
 .text.PIO_PortClear
                0x23f03da0       0x30 build/sam9x_Curiosity/debug/_ext/441827515/plib_pio.o
                0x23f03da0                PIO_PortClear
 .text.TC0_CH0_TimerInitialize
                0x23f03dd0       0x5c build/sam9x_Curiosity/debug/_ext/2092462368/plib_tc0.o
                0x23f03dd0                TC0_CH0_TimerInitialize
 .text.TC0_CH0_TimerStart
                0x23f03e2c       0x28 build/sam9x_Curiosity/debug/_ext/2092462368/plib_tc0.o
                0x23f03e2c                TC0_CH0_TimerStart
 .text.TC0_CH0_TimerStop
                0x23f03e54       0x28 build/sam9x_Curiosity/debug/_ext/2092462368/plib_tc0.o
                0x23f03e54                TC0_CH0_TimerStop
 .text.TC0_CH0_TimerFrequencyGet
                0x23f03e7c       0x20 build/sam9x_Curiosity/debug/_ext/2092462368/plib_tc0.o
                0x23f03e7c                TC0_CH0_TimerFrequencyGet
 .text.TC0_CH0_TimerPeriodSet
                0x23f03e9c       0x30 build/sam9x_Curiosity/debug/_ext/2092462368/plib_tc0.o
                0x23f03e9c                TC0_CH0_TimerPeriodSet
 .text.TC0_CH0_TimerCompareSet
                0x23f03ecc       0x30 build/sam9x_Curiosity/debug/_ext/2092462368/plib_tc0.o
                0x23f03ecc                TC0_CH0_TimerCompareSet
 .text.TC0_CH0_TimerCounterGet
                0x23f03efc       0x24 build/sam9x_Curiosity/debug/_ext/2092462368/plib_tc0.o
                0x23f03efc                TC0_CH0_TimerCounterGet
 .text.TC0_CH0_TimerCallbackRegister
                0x23f03f20       0x40 build/sam9x_Curiosity/debug/_ext/2092462368/plib_tc0.o
                0x23f03f20                TC0_CH0_TimerCallbackRegister
 .text.TC0_CH0_InterruptHandler
                0x23f03f60       0x68 build/sam9x_Curiosity/debug/_ext/2092462368/plib_tc0.o
                0x23f03f60                TC0_CH0_InterruptHandler
 .text.TC0_InterruptHandler
                0x23f03fc8       0x14 build/sam9x_Curiosity/debug/_ext/2092462368/plib_tc0.o
                0x23f03fc8                TC0_InterruptHandler
 .text.read     0x23f03fdc       0x80 build/sam9x_Curiosity/debug/_ext/745456519/xc32_monitor.o
                0x23f03fdc                read
 .text.write    0x23f0405c       0x64 build/sam9x_Curiosity/debug/_ext/745456519/xc32_monitor.o
                0x23f0405c                write
 .text.__arm926_dsb
                0x23f040c0       0x20 build/sam9x_Curiosity/debug/_ext/1379663014/sys_int.o
 .text.__arm926_isb
                0x23f040e0       0x18 build/sam9x_Curiosity/debug/_ext/1379663014/sys_int.o
 .text._aicInstanceGet
                0x23f040f8       0x2c build/sam9x_Curiosity/debug/_ext/1379663014/sys_int.o
 .text.SYS_INT_Disable
                0x23f04124       0x18 build/sam9x_Curiosity/debug/_ext/1379663014/sys_int.o
                0x23f04124                SYS_INT_Disable
 .text.SYS_INT_Restore
                0x23f0413c       0x2c build/sam9x_Curiosity/debug/_ext/1379663014/sys_int.o
                0x23f0413c                SYS_INT_Restore
 .text.SYS_INT_SourceIsEnabled
                0x23f04168       0x80 build/sam9x_Curiosity/debug/_ext/1379663014/sys_int.o
                0x23f04168                SYS_INT_SourceIsEnabled
 .text.SYS_INT_SourceEnable
                0x23f041e8       0x64 build/sam9x_Curiosity/debug/_ext/1379663014/sys_int.o
                0x23f041e8                SYS_INT_SourceEnable
 .text.SYS_INT_SourceDisable
                0x23f0424c       0x84 build/sam9x_Curiosity/debug/_ext/1379663014/sys_int.o
                0x23f0424c                SYS_INT_SourceDisable
 .text.SYS_INT_SourceRestore
                0x23f042d0       0x80 build/sam9x_Curiosity/debug/_ext/1379663014/sys_int.o
                0x23f042d0                SYS_INT_SourceRestore
 .text.SYS_TIME_UPDATE_TOKEN
                0x23f04350       0x50 build/sam9x_Curiosity/debug/_ext/1515815680/sys_time.o
 .text.SYS_TIME_MAKE_HANDLE
                0x23f043a0       0x40 build/sam9x_Curiosity/debug/_ext/1515815680/sys_time.o
 .text.SYS_TIME_ResourceLock
                0x23f043e0       0x94 build/sam9x_Curiosity/debug/_ext/1515815680/sys_time.o
 .text.SYS_TIME_ResourceUnlock
                0x23f04474       0x54 build/sam9x_Curiosity/debug/_ext/1515815680/sys_time.o
 .text.SYS_TIME_GetTimerObject
                0x23f044c8       0xa4 build/sam9x_Curiosity/debug/_ext/1515815680/sys_time.o
 .text.SYS_TIME_HwTimerCompareUpdate
                0x23f0456c      0x1c4 build/sam9x_Curiosity/debug/_ext/1515815680/sys_time.o
 .text.SYS_TIME_RemoveFromList
                0x23f04730      0x124 build/sam9x_Curiosity/debug/_ext/1515815680/sys_time.o
 .text.SYS_TIME_AddToList
                0x23f04854      0x1c0 build/sam9x_Curiosity/debug/_ext/1515815680/sys_time.o
 .text.SYS_TIME_GetElapsedCount
                0x23f04a14       0x78 build/sam9x_Curiosity/debug/_ext/1515815680/sys_time.o
 .text.SYS_TIME_UpdateTimerList
                0x23f04a8c       0xd0 build/sam9x_Curiosity/debug/_ext/1515815680/sys_time.o
 .text.SYS_TIME_TimerAdd
                0x23f04b5c       0xe4 build/sam9x_Curiosity/debug/_ext/1515815680/sys_time.o
 .text.SYS_TIME_ClientNotify
                0x23f04c40       0xfc build/sam9x_Curiosity/debug/_ext/1515815680/sys_time.o
 .text.SYS_TIME_UpdateTime
                0x23f04d3c       0xe4 build/sam9x_Curiosity/debug/_ext/1515815680/sys_time.o
 .text.SYS_TIME_PLIBCallback
                0x23f04e20       0xf4 build/sam9x_Curiosity/debug/_ext/1515815680/sys_time.o
 .text.SYS_TIME_TimerObjectCreate
                0x23f04f14      0x1b8 build/sam9x_Curiosity/debug/_ext/1515815680/sys_time.o
 *fill*         0x23f050cc        0x4 
 .text.SYS_TIME_CounterInit
                0x23f050d0      0x1e8 build/sam9x_Curiosity/debug/_ext/1515815680/sys_time.o
 .text.SYS_TIME_Initialize
                0x23f052b8       0xa0 build/sam9x_Curiosity/debug/_ext/1515815680/sys_time.o
                0x23f052b8                SYS_TIME_Initialize
 .text.SYS_TIME_MSToCount
                0x23f05358       0x74 build/sam9x_Curiosity/debug/_ext/1515815680/sys_time.o
                0x23f05358                SYS_TIME_MSToCount
 .text.SYS_TIME_TimerDestroy
                0x23f053cc       0xbc build/sam9x_Curiosity/debug/_ext/1515815680/sys_time.o
                0x23f053cc                SYS_TIME_TimerDestroy
 .text.SYS_TIME_TimerStart
                0x23f05488       0xf8 build/sam9x_Curiosity/debug/_ext/1515815680/sys_time.o
                0x23f05488                SYS_TIME_TimerStart
 .text.SYS_TIME_TimerPeriodHasExpired
                0x23f05580       0x84 build/sam9x_Curiosity/debug/_ext/1515815680/sys_time.o
                0x23f05580                SYS_TIME_TimerPeriodHasExpired
 .text.SYS_TIME_DelayMS
                0x23f05604       0xa4 build/sam9x_Curiosity/debug/_ext/1515815680/sys_time.o
                0x23f05604                SYS_TIME_DelayMS
 .text.SYS_TIME_DelayIsComplete
                0x23f056a8       0x4c build/sam9x_Curiosity/debug/_ext/1515815680/sys_time.o
                0x23f056a8                SYS_TIME_DelayIsComplete
 *fill*         0x23f056f4        0xc 
 .text          0x23f05700       0xa0 build/sam9x_Curiosity/debug/_ext/1437643379/cstartup.o
 .text.SYS_Tasks
                0x23f057a0       0x14 build/sam9x_Curiosity/debug/_ext/1437643379/tasks.o
                0x23f057a0                SYS_Tasks
 .text.SYSC_Disable
                0x23f057b4      0x100 build/sam9x_Curiosity/debug/_ext/1437643379/initialization.o
 .text.STDIO_BufferModeSet
                0x23f058b4       0x48 build/sam9x_Curiosity/debug/_ext/1437643379/initialization.o
 .text.SYS_Initialize
                0x23f058fc       0x90 build/sam9x_Curiosity/debug/_ext/1437643379/initialization.o
                0x23f058fc                SYS_Initialize
 .text.DefaultInterruptHandlerForSpurious
                0x23f0598c       0x18 build/sam9x_Curiosity/debug/_ext/1437643379/interrupts.o
                0x23f0598c                DefaultInterruptHandlerForSpurious
 .text.undefined_instruction_irq_handler
                0x23f059a4        0xc build/sam9x_Curiosity/debug/_ext/1437643379/fault_handlers.o
                0x23f059a4                undefined_instruction_irq_handler
 .text.software_interrupt_irq_handler
                0x23f059b0        0xc build/sam9x_Curiosity/debug/_ext/1437643379/fault_handlers.o
                0x23f059b0                software_interrupt_irq_handler
 .text.data_abort_irq_handler
                0x23f059bc        0xc build/sam9x_Curiosity/debug/_ext/1437643379/fault_handlers.o
                0x23f059bc                data_abort_irq_handler
 .text.prefetch_abort_irq_handler
                0x23f059c8        0xc build/sam9x_Curiosity/debug/_ext/1437643379/fault_handlers.o
                0x23f059c8                prefetch_abort_irq_handler
 .text.APP_Initialize
                0x23f059d4       0x28 build/sam9x_Curiosity/debug/_ext/1360937237/app.o
                0x23f059d4                APP_Initialize
 .text.APP_Tasks
                0x23f059fc      0x158 build/sam9x_Curiosity/debug/_ext/1360937237/app.o
                0x23f059fc                APP_Tasks
 .text.main     0x23f05b54       0x18 build/sam9x_Curiosity/debug/_ext/1360937237/main.o
                0x23f05b54                main
 .text.BSP_Initialize
                0x23f05b6c       0x18 build/sam9x_Curiosity/debug/_ext/800758461/bsp.o
                0x23f05b6c                BSP_Initialize
 .text          0x23f05b84       0xc8 c:/program files/microchip/xc32/v4.20/bin/bin/../../lib/gcc/pic32c/8.3.1/arm/v5te/nofp\libgcc.a(_udivsi3.o)
                0x23f05b84                __aeabi_uidiv
                0x23f05b84                __udivsi3
                0x23f05c2c                __aeabi_uidivmod
 .text          0x23f05c4c        0x4 c:/program files/microchip/xc32/v4.20/bin/bin/../../lib/gcc/pic32c/8.3.1/arm/v5te/nofp\libgcc.a(_dvmd_tls.o)
                0x23f05c4c                __aeabi_idiv0
                0x23f05c4c                __aeabi_ldiv0
 .text          0x23f05c50       0x3c c:/program files/microchip/xc32/v4.20/bin/bin/../../lib/gcc/pic32c/8.3.1/arm/v5te/nofp\libgcc.a(_aeabi_uldivmod.o)
                0x23f05c50                __aeabi_uldivmod
 .text          0x23f05c8c      0x12c c:/program files/microchip/xc32/v4.20/bin/bin/../../lib/gcc/pic32c/8.3.1/arm/v5te/nofp\libgcc.a(_udivmoddi4.o)
                0x23f05c8c                __udivmoddi4
 .text.__dummy  0x23f05db8        0x4 c:/program files/microchip/xc32/v4.20/bin/bin/../../lib/gcc/pic32c/8.3.1/../../../../pic32c/lib/arm/v5te/nofp\libg-musl.a(__libc_start_main.o)
                0x23f05db8                __init_host
 .text.__libc_start_init
                0x23f05dbc       0x88 c:/program files/microchip/xc32/v4.20/bin/bin/../../lib/gcc/pic32c/8.3.1/../../../../pic32c/lib/arm/v5te/nofp\libg-musl.a(__libc_start_main.o)
                0x23f05dbc                __libc_init_array
 .text.__wrap_printf
                0x23f05e44       0x38 c:/program files/microchip/xc32/v4.20/bin/bin/../../lib/gcc/pic32c/8.3.1/../../../../pic32c/lib/arm/v5te/nofp\libg-musl.a(__sio_printf_doux.o)
                0x23f05e44                __printf_di
                0x23f05e44                _dprintf_cdnopuxX
                0x23f05e44                _printf_cdnopuxX
 .text.__fmt_d  0x23f05e7c      0x118 c:/program files/microchip/xc32/v4.20/bin/bin/../../lib/gcc/pic32c/8.3.1/../../../../pic32c/lib/arm/v5te/nofp\libg-musl.a(__fmt_d.o)
                0x23f05e7c                __fmt_d
                0x23f05e7c                __fmt_d_needed
 .text.__fmt_o  0x23f05f94       0xbc c:/program files/microchip/xc32/v4.20/bin/bin/../../lib/gcc/pic32c/8.3.1/../../../../pic32c/lib/arm/v5te/nofp\libg-musl.a(__fmt_o.o)
                0x23f05f94                __fmt_o
                0x23f05f94                __fmt_o_needed
 .text.__fmt_s  0x23f06050       0x88 c:/program files/microchip/xc32/v4.20/bin/bin/../../lib/gcc/pic32c/8.3.1/../../../../pic32c/lib/arm/v5te/nofp\libg-musl.a(__fmt_s.o)
                0x23f06050                __fmt_s
                0x23f06050                __fmt_0_needed
                0x23f06050                __fmt_s_needed
 .text.__cvt_u  0x23f060d8       0xb8 c:/program files/microchip/xc32/v4.20/bin/bin/../../lib/gcc/pic32c/8.3.1/../../../../pic32c/lib/arm/v5te/nofp\libg-musl.a(__fmt_u.o)
                0x23f060d8                __cvt_u
 .text.__fmt_u  0x23f06190       0x94 c:/program files/microchip/xc32/v4.20/bin/bin/../../lib/gcc/pic32c/8.3.1/../../../../pic32c/lib/arm/v5te/nofp\libg-musl.a(__fmt_u.o)
                0x23f06190                __fmt_u_needed
                0x23f06190                __fmt_u
 .text.__fmt_x  0x23f06224      0x1a0 c:/program files/microchip/xc32/v4.20/bin/bin/../../lib/gcc/pic32c/8.3.1/../../../../pic32c/lib/arm/v5te/nofp\libg-musl.a(__fmt_x.o)
                0x23f06224                __fmt_x_needed
                0x23f06224                __fmt_x
 .text.__pop_int
                0x23f063c4      0x164 c:/program files/microchip/xc32/v4.20/bin/bin/../../lib/gcc/pic32c/8.3.1/../../../../pic32c/lib/arm/v5te/nofp\libg-musl.a(__pop_int.o)
                0x23f063c4                __pop_int_needed
                0x23f063c4                __pop_int
 .text.__pop_ptr
                0x23f06528       0xec c:/program files/microchip/xc32/v4.20/bin/bin/../../lib/gcc/pic32c/8.3.1/../../../../pic32c/lib/arm/v5te/nofp\libg-musl.a(__pop_ptr.o)
                0x23f06528                __pop_ptr
                0x23f06528                __pop_ptr_needed
 .text.__pad    0x23f06614       0xc0 c:/program files/microchip/xc32/v4.20/bin/bin/../../lib/gcc/pic32c/8.3.1/../../../../pic32c/lib/arm/v5te/nofp\libg-musl.a(__printf_core.o)
                0x23f06614                __pad
 .text.__dummy_fmt4
                0x23f066d4        0x8 c:/program files/microchip/xc32/v4.20/bin/bin/../../lib/gcc/pic32c/8.3.1/../../../../pic32c/lib/arm/v5te/nofp\libg-musl.a(__printf_core.o)
                0x23f066d4                __fmt_fp
                0x23f066d4                __fmt_a
 .text.__fmt_state
                0x23f066dc       0x74 c:/program files/microchip/xc32/v4.20/bin/bin/../../lib/gcc/pic32c/8.3.1/../../../../pic32c/lib/arm/v5te/nofp\libg-musl.a(__printf_core.o)
                0x23f066dc                __fmt_state
 .text.__printf_core
                0x23f06750      0x520 c:/program files/microchip/xc32/v4.20/bin/bin/../../lib/gcc/pic32c/8.3.1/../../../../pic32c/lib/arm/v5te/nofp\libg-musl.a(__printf_core.o)
                0x23f06750                __printf_core
 .text.__dummy  0x23f06c70        0x8 c:/program files/microchip/xc32/v4.20/bin/bin/../../lib/gcc/pic32c/8.3.1/../../../../pic32c/lib/arm/v5te/nofp\libg-musl.a(stdin.o)
                0x23f06c70                __stdio_seek_rw
 .text.__init_stdout
                0x23f06c78       0x1c c:/program files/microchip/xc32/v4.20/bin/bin/../../lib/gcc/pic32c/8.3.1/../../../../pic32c/lib/arm/v5te/nofp\libg-musl.a(stdout.o)
                0x23f06c78                __init_stdout
 .text.puts     0x23f06c94       0x40 c:/program files/microchip/xc32/v4.20/bin/bin/../../lib/gcc/pic32c/8.3.1/../../../../pic32c/lib/arm/v5te/nofp\libg-musl.a(puts.o)
                0x23f06c94                puts
 .text.setbuf   0x23f06cd4       0x14 c:/program files/microchip/xc32/v4.20/bin/bin/../../lib/gcc/pic32c/8.3.1/../../../../pic32c/lib/arm/v5te/nofp\libg-musl.a(setbuf.o)
                0x23f06cd4                setbuf
 .text.atoi     0x23f06ce8       0x7c c:/program files/microchip/xc32/v4.20/bin/bin/../../lib/gcc/pic32c/8.3.1/../../../../pic32c/lib/arm/v5te/nofp\libg-musl.a(atoi.o)
                0x23f06ce8                atoi
 .text.memcpy   0x23f06d64       0x1c c:/program files/microchip/xc32/v4.20/bin/bin/../../lib/gcc/pic32c/8.3.1/../../../../pic32c/lib/arm/v5te/nofp\libg-musl.a(memcpy.o)
                0x23f06d64                memcpy
 .text.memset   0x23f06d80       0x18 c:/program files/microchip/xc32/v4.20/bin/bin/../../lib/gcc/pic32c/8.3.1/../../../../pic32c/lib/arm/v5te/nofp\libg-musl.a(memset.o)
                0x23f06d80                memset
 .text.strlen   0x23f06d98       0x20 c:/program files/microchip/xc32/v4.20/bin/bin/../../lib/gcc/pic32c/8.3.1/../../../../pic32c/lib/arm/v5te/nofp\libg-musl.a(strlen.o)
                0x23f06d98                strlen
 .text.tolower  0x23f06db8       0x10 c:/program files/microchip/xc32/v4.20/bin/bin/../../lib/gcc/pic32c/8.3.1/../../../../pic32c/lib/arm/v5te/nofp\libg-musl.a(tolower.o)
                0x23f06db8                tolower
 .text.toupper  0x23f06dc8       0x10 c:/program files/microchip/xc32/v4.20/bin/bin/../../lib/gcc/pic32c/8.3.1/../../../../pic32c/lib/arm/v5te/nofp\libg-musl.a(toupper.o)
                0x23f06dc8                toupper
 .text.__vfprintf
                0x23f06dd8       0x28 c:/program files/microchip/xc32/v4.20/bin/bin/../../lib/gcc/pic32c/8.3.1/../../../../pic32c/lib/arm/v5te/nofp\libg-musl.a(__int_vfprintf.o)
                0x23f06dd8                __vfprintf
 .text.fputs    0x23f06e00       0x34 c:/program files/microchip/xc32/v4.20/bin/bin/../../lib/gcc/pic32c/8.3.1/../../../../pic32c/lib/arm/v5te/nofp\libg-musl.a(fputs.o)
                0x23f06e00                fputs
                0x23f06e00                fputs_unlocked
 .text.__pop_float
                0x23f06e34       0x44 c:/program files/microchip/xc32/v4.20/bin/bin/../../lib/gcc/pic32c/8.3.1/../../../../pic32c/lib/arm/v5te/nofp\libg-musl.a(__pop_float.o)
                0x23f06e34                __pop_float_needed
                0x23f06e34                __pop_float
 .text.__stdio_read
                0x23f06e78       0xac c:/program files/microchip/xc32/v4.20/bin/bin/../../lib/gcc/pic32c/8.3.1/../../../../pic32c/lib/arm/v5te/nofp\libg-musl.a(__stdio_read.o)
                0x23f06e78                __stdio_read
 .text.__towrite_rw
                0x23f06f24       0x34 c:/program files/microchip/xc32/v4.20/bin/bin/../../lib/gcc/pic32c/8.3.1/../../../../pic32c/lib/arm/v5te/nofp\libg-musl.a(__towrite_rw.o)
                0x23f06f24                __towrite_rw
                0x23f06f24                __towrite_rw_needed
 .text.fwrite   0x23f06f58       0x48 c:/program files/microchip/xc32/v4.20/bin/bin/../../lib/gcc/pic32c/8.3.1/../../../../pic32c/lib/arm/v5te/nofp\libg-musl.a(fwrite.o)
                0x23f06f58                fwrite
                0x23f06f58                fwrite_unlocked
 .text.__putc_unbuffered
                0x23f06fa0       0x50 c:/program files/microchip/xc32/v4.20/bin/bin/../../lib/gcc/pic32c/8.3.1/../../../../pic32c/lib/arm/v5te/nofp\libg-musl.a(putc.o)
                0x23f06fa0                __putc_unbuffered
 .text.putc     0x23f06ff0        0xc c:/program files/microchip/xc32/v4.20/bin/bin/../../lib/gcc/pic32c/8.3.1/../../../../pic32c/lib/arm/v5te/nofp\libg-musl.a(putc.o)
                0x23f06ff0                putc
                0x23f06ff0                fputc
                0x23f06ff0                _IO_putc
                0x23f06ff0                putc_unlocked
 .text.setvbuf  0x23f06ffc       0x80 c:/program files/microchip/xc32/v4.20/bin/bin/../../lib/gcc/pic32c/8.3.1/../../../../pic32c/lib/arm/v5te/nofp\libg-musl.a(setvbuf.o)
                0x23f06ffc                setvbuf
 .text.__readv  0x23f0707c       0x44 c:/program files/microchip/xc32/v4.20/bin/bin/../../lib/gcc/pic32c/8.3.1/../../../../pic32c/lib/arm/v5te/nofp\libg-musl.a(readv.o)
                0x23f0707c                readv
 .text.bin_index
                0x23f070c0       0x48 c:/program files/microchip/xc32/v4.20/bin/bin/../../lib/gcc/pic32c/8.3.1/../../../../pic32c/lib/arm/v5te/nofp\libg-musl.a(malloc.o)
 .text.adjust_size
                0x23f07108       0x60 c:/program files/microchip/xc32/v4.20/bin/bin/../../lib/gcc/pic32c/8.3.1/../../../../pic32c/lib/arm/v5te/nofp\libg-musl.a(malloc.o)
 .text.lock_bin
                0x23f07168       0x34 c:/program files/microchip/xc32/v4.20/bin/bin/../../lib/gcc/pic32c/8.3.1/../../../../pic32c/lib/arm/v5te/nofp\libg-musl.a(malloc.o)
 .text.unbin    0x23f0719c       0x84 c:/program files/microchip/xc32/v4.20/bin/bin/../../lib/gcc/pic32c/8.3.1/../../../../pic32c/lib/arm/v5te/nofp\libg-musl.a(malloc.o)
 .text.alloc_fwd
                0x23f07220       0x4c c:/program files/microchip/xc32/v4.20/bin/bin/../../lib/gcc/pic32c/8.3.1/../../../../pic32c/lib/arm/v5te/nofp\libg-musl.a(malloc.o)
 .text.alloc_rev
                0x23f0726c       0x50 c:/program files/microchip/xc32/v4.20/bin/bin/../../lib/gcc/pic32c/8.3.1/../../../../pic32c/lib/arm/v5te/nofp\libg-musl.a(malloc.o)
 .text.free     0x23f072bc      0x150 c:/program files/microchip/xc32/v4.20/bin/bin/../../lib/gcc/pic32c/8.3.1/../../../../pic32c/lib/arm/v5te/nofp\libg-musl.a(malloc.o)
                0x23f072bc                free
 .text.trim     0x23f0740c       0x40 c:/program files/microchip/xc32/v4.20/bin/bin/../../lib/gcc/pic32c/8.3.1/../../../../pic32c/lib/arm/v5te/nofp\libg-musl.a(malloc.o)
 .text.malloc   0x23f0744c      0x278 c:/program files/microchip/xc32/v4.20/bin/bin/../../lib/gcc/pic32c/8.3.1/../../../../pic32c/lib/arm/v5te/nofp\libg-musl.a(malloc.o)
                0x23f0744c                malloc
 .text.__expand_heap
                0x23f076c4       0x2c c:/program files/microchip/xc32/v4.20/bin/bin/../../lib/gcc/pic32c/8.3.1/../../../../pic32c/lib/arm/v5te/nofp\libg-musl.a(expand_heap.o)
                0x23f076c4                __expand_heap
 .text.__dummy  0x23f076f0        0x4 c:/program files/microchip/xc32/v4.20/bin/bin/../../lib/gcc/pic32c/8.3.1/../../../../pic32c/lib/arm/v5te/nofp\libg-musl.a(__init_stdio.o)
                0x23f076f0                __init_stdin
                0x23f076f0                __init_stderr
 .text.__init_stdio
                0x23f076f4       0x14 c:/program files/microchip/xc32/v4.20/bin/bin/../../lib/gcc/pic32c/8.3.1/../../../../pic32c/lib/arm/v5te/nofp\libg-musl.a(__init_stdio.o)
                0x23f076f4                __init_stdio_needed
                0x23f076f4                __init_stdio
 .text.__fwrite_min
                0x23f07708        0x8 c:/program files/microchip/xc32/v4.20/bin/bin/../../lib/gcc/pic32c/8.3.1/../../../../pic32c/lib/arm/v5te/nofp\libg-musl.a(__out.o)
                0x23f07708                __stdio_write_unbuffered
                0x23f07708                __stdio_write
 .text.__out    0x23f07710       0x68 c:/program files/microchip/xc32/v4.20/bin/bin/../../lib/gcc/pic32c/8.3.1/../../../../pic32c/lib/arm/v5te/nofp\libg-musl.a(__out.o)
                0x23f07710                __out
                0x23f07710                __out_needed
 .text.__putc   0x23f07778       0x54 c:/program files/microchip/xc32/v4.20/bin/bin/../../lib/gcc/pic32c/8.3.1/../../../../pic32c/lib/arm/v5te/nofp\libg-musl.a(__putc.o)
                0x23f07778                __putc_needed
                0x23f07778                __putc
 .text.__dummy  0x23f077cc        0x4 c:/program files/microchip/xc32/v4.20/bin/bin/../../lib/gcc/pic32c/8.3.1/../../../../pic32c/lib/arm/v5te/nofp\libg-musl.a(__stderr.o)
                0x23f077cc                __stdio_seek
 .text.__stdio_close_rw
                0x23f077d0       0xa8 c:/program files/microchip/xc32/v4.20/bin/bin/../../lib/gcc/pic32c/8.3.1/../../../../pic32c/lib/arm/v5te/nofp\libg-musl.a(__stdio_close.o)
                0x23f077d0                __stdio_close_rw
 .text.__write_buffered
                0x23f07878       0xdc c:/program files/microchip/xc32/v4.20/bin/bin/../../lib/gcc/pic32c/8.3.1/../../../../pic32c/lib/arm/v5te/nofp\libg-musl.a(__stdio_write.o)
                0x23f07878                __do_write
 .text.__stdio_write_buffered
                0x23f07954       0xe0 c:/program files/microchip/xc32/v4.20/bin/bin/../../lib/gcc/pic32c/8.3.1/../../../../pic32c/lib/arm/v5te/nofp\libg-musl.a(__stdio_write.o)
                0x23f07954                __stdio_write_buffered
 .text.__get_stdout
                0x23f07a34        0xc c:/program files/microchip/xc32/v4.20/bin/bin/../../lib/gcc/pic32c/8.3.1/../../../../pic32c/lib/arm/v5te/nofp\libg-musl.a(__stdout.o)
                0x23f07a34                __get_stdout
                0x23f07a34                __init_stdout_needed
 .text.__towrite
                0x23f07a40       0x30 c:/program files/microchip/xc32/v4.20/bin/bin/../../lib/gcc/pic32c/8.3.1/../../../../pic32c/lib/arm/v5te/nofp\libg-musl.a(__towrite.o)
                0x23f07a40                __towrite
 .text.__writev
                0x23f07a70       0x44 c:/program files/microchip/xc32/v4.20/bin/bin/../../lib/gcc/pic32c/8.3.1/../../../../pic32c/lib/arm/v5te/nofp\libg-musl.a(writev.o)
                0x23f07a70                writev
 .text.__overflow
                0x23f07ab4       0x84 c:/program files/microchip/xc32/v4.20/bin/bin/../../lib/gcc/pic32c/8.3.1/../../../../pic32c/lib/arm/v5te/nofp\libg-musl.a(__overflow.o)
                0x23f07ab4                __overflow
 .text.__fwrite
                0x23f07b38       0x28 c:/program files/microchip/xc32/v4.20/bin/bin/../../lib/gcc/pic32c/8.3.1/../../../../pic32c/lib/arm/v5te/nofp\libg-musl.a(__fwrite.o)
                0x23f07b38                __fwrite
                0x23f07b38                __fwrite_needed
 .text.close    0x23f07b60        0x8 c:/program files/microchip/xc32/v4.20/bin/bin/../../lib/gcc/pic32c/8.3.1/../../../../pic32c/lib/arm/v5te/nofp\libpic32c.a(close.o)
                0x23f07b60                close
 .text.lseek    0x23f07b68        0x8 c:/program files/microchip/xc32/v4.20/bin/bin/../../lib/gcc/pic32c/8.3.1/../../../../pic32c/lib/arm/v5te/nofp\libpic32c.a(lseek.o)
                0x23f07b68                lseek
 .text._sbrk    0x23f07b70       0x40 c:/program files/microchip/xc32/v4.20/bin/bin/../../lib/gcc/pic32c/8.3.1/../../../../pic32c/lib/arm/v5te/nofp\libpic32c.a(sbrk.o)
                0x23f07b70                _sbrk
 *(.rodata .rodata* .gnu.linkonce.r.*)
 .rodata        0x23f07bb0       0x28 build/sam9x_Curiosity/debug/_ext/441839919/plib_clk.o
 .rodata.drvSPI0PlibAPI
                0x23f07bd8       0x10 build/sam9x_Curiosity/debug/_ext/1437643379/initialization.o
                0x23f07bd8                drvSPI0PlibAPI
 .rodata.drvSPI0remapDataBits
                0x23f07be8       0x28 build/sam9x_Curiosity/debug/_ext/1437643379/initialization.o
                0x23f07be8                drvSPI0remapDataBits
 .rodata.drvSPI0remapClockPolarity
                0x23f07c10        0x8 build/sam9x_Curiosity/debug/_ext/1437643379/initialization.o
                0x23f07c10                drvSPI0remapClockPolarity
 .rodata.drvSPI0remapClockPhase
                0x23f07c18        0x8 build/sam9x_Curiosity/debug/_ext/1437643379/initialization.o
                0x23f07c18                drvSPI0remapClockPhase
 .rodata.drvSPI0InterruptSources
                0x23f07c20       0x10 build/sam9x_Curiosity/debug/_ext/1437643379/initialization.o
                0x23f07c20                drvSPI0InterruptSources
 .rodata.drvSPI0InitData
                0x23f07c30       0x24 build/sam9x_Curiosity/debug/_ext/1437643379/initialization.o
                0x23f07c30                drvSPI0InitData
 .rodata.sysTimePlibAPI
                0x23f07c54       0x1c build/sam9x_Curiosity/debug/_ext/1437643379/initialization.o
                0x23f07c54                sysTimePlibAPI
 .rodata.sysTimeInitData
                0x23f07c70        0x8 build/sam9x_Curiosity/debug/_ext/1437643379/initialization.o
                0x23f07c70                sysTimeInitData
 .rodata        0x23f07c78       0xc4 build/sam9x_Curiosity/debug/_ext/1360937237/app.o
 .rodata        0x23f07d3c        0x7 c:/program files/microchip/xc32/v4.20/bin/bin/../../lib/gcc/pic32c/8.3.1/../../../../pic32c/lib/arm/v5te/nofp\libg-musl.a(__fmt_s.o)
 .rodata        0x23f07d43       0x1c c:/program files/microchip/xc32/v4.20/bin/bin/../../lib/gcc/pic32c/8.3.1/../../../../pic32c/lib/arm/v5te/nofp\libg-musl.a(__printf_core.o)
 .rodata        0x23f07d5f       0x5c c:/program files/microchip/xc32/v4.20/bin/bin/../../lib/gcc/pic32c/8.3.1/../../../../pic32c/lib/arm/v5te/nofp\libg-musl.a(malloc.o)
 *(.ARM.extab* .gnu.linkonce.armextab.*)
                0x23f07dbc                . = ALIGN (0x4)
 *fill*         0x23f07dbb        0x1 
 *(.init)
 .init          0x23f07dbc        0xc c:/program files/microchip/xc32/v4.20/bin/bin/../../lib/gcc/pic32c/8.3.1/arm/v5te/nofp/crti.o
                0x23f07dbc                _init
 .init          0x23f07dc8        0xc c:/program files/microchip/xc32/v4.20/bin/bin/../../lib/gcc/pic32c/8.3.1/arm/v5te/nofp/crtn.o
                0x23f07dd4                . = ALIGN (0x4)
                [!provide]                PROVIDE (__preinit_array_start = .)
 *(.preinit_array)
                [!provide]                PROVIDE (__preinit_array_end = .)
                0x23f07dd4                . = ALIGN (0x4)
                0x23f07dd4                PROVIDE (__init_array_start = .)
 *(SORT_BY_NAME(.init_array.*))
 *(.init_array)
 .init_array    0x23f07dd4        0x4 c:/program files/microchip/xc32/v4.20/bin/bin/../../lib/gcc/pic32c/8.3.1/arm/v5te/nofp/crtbegin.o
                0x23f07dd8                PROVIDE (__init_array_end = .)
                0x23f07dd8                . = ALIGN (0x4)
 *crtbegin.o(.ctors)
 *(EXCLUDE_FILE(*crtend.o) .ctors)
 *(SORT_BY_NAME(.ctors.*))
 *crtend.o(.ctors)
                0x23f07dd8                . = ALIGN (0x4)
 *(.fini)
 .fini          0x23f07dd8        0xc c:/program files/microchip/xc32/v4.20/bin/bin/../../lib/gcc/pic32c/8.3.1/arm/v5te/nofp/crti.o
                0x23f07dd8                _fini
 .fini          0x23f07de4        0xc c:/program files/microchip/xc32/v4.20/bin/bin/../../lib/gcc/pic32c/8.3.1/arm/v5te/nofp/crtn.o
                0x23f07df0                . = ALIGN (0x4)
                [!provide]                PROVIDE (__fini_array_start = .)
 *(.fini_array)
 .fini_array    0x23f07df0        0x4 c:/program files/microchip/xc32/v4.20/bin/bin/../../lib/gcc/pic32c/8.3.1/arm/v5te/nofp/crtbegin.o
 *(SORT_BY_NAME(.fini_array.*))
                [!provide]                PROVIDE (__fini_array_end = .)
 *crtbegin.o(.dtors)
 *(EXCLUDE_FILE(*crtend.o) .dtors)
 *(SORT_BY_NAME(.dtors.*))
 *crtend.o(.dtors)
 *(.dinit*)
                0x23f07df4                . = ALIGN (0x4)

.data           0x23f07df4      0x11c
 *(.data .data.*)
 .data.gSysTimeTokenCount
                0x23f07df4        0x2 build/sam9x_Curiosity/debug/_ext/1515815680/sys_time.o
 *fill*         0x23f07df6        0x2 
 .data.irqData  0x23f07df8       0x28 build/sam9x_Curiosity/debug/_ext/1437643379/interrupts.o
                0x23f07df8                irqData
 .data.irqDataEntryCount
                0x23f07e20        0x4 build/sam9x_Curiosity/debug/_ext/1437643379/interrupts.o
                0x23f07e20                irqDataEntryCount
 .data          0x23f07e24       0x6c c:/program files/microchip/xc32/v4.20/bin/bin/../../lib/gcc/pic32c/8.3.1/../../../../pic32c/lib/arm/v5te/nofp\libg-musl.a(stdin.o)
                0x23f07e24                __stdin_used
                0x23f07e28                _stdin
 .data          0x23f07e90       0x20 c:/program files/microchip/xc32/v4.20/bin/bin/../../lib/gcc/pic32c/8.3.1/../../../../pic32c/lib/arm/v5te/nofp\libg-musl.a(stdout.o)
                0x23f07eac                _stdout
 .data          0x23f07eb0       0x60 c:/program files/microchip/xc32/v4.20/bin/bin/../../lib/gcc/pic32c/8.3.1/../../../../pic32c/lib/arm/v5te/nofp\libg-musl.a(__stdout.o)
                0x23f07f10                . = ALIGN (0x4)
                [!provide]                PROVIDE (_efixed = .)
                [!provide]                PROVIDE (__exidx_start = .)

.ARM.exidx      0x23f07f10        0x8
 *(.ARM.exidx* .gnu.linkonce.armexidx.*)
 .ARM.exidx     0x23f07f10        0x8 c:/program files/microchip/xc32/v4.20/bin/bin/../../lib/gcc/pic32c/8.3.1/arm/v5te/nofp\libgcc.a(_udivmoddi4.o)
                [!provide]                PROVIDE (__exidx_end = .)
                0x23f07f18                . = ALIGN (0x4)
                0x23f07f18                PROVIDE (_etext = .)

.relocate       0x00300000       0x3c load address 0x23f07f18
                0x00300000                . = ALIGN (0x4)
                0x00300000                PROVIDE (_srelocate = .)
 *(.vectors .vectors.*)
 .vectors       0x00300000       0x3c build/sam9x_Curiosity/debug/_ext/1437643379/cstartup.o
 *(.ramfunc)
                0x0030003c                . = ALIGN (0x4)
                0x0030003c                PROVIDE (_erelocate = .)

.region_cache_aligned_const
                0x23f07f18        0x8
                0x23f07f20                . = ALIGN (0x20)
 *fill*         0x23f07f18        0x8 
 *(.region_cache_aligned_const .region_cache_aligned_const.*)
                0x23f07f20                . = ALIGN (0x20)

.region_sram    0x0030003c        0x0
                0x0030003c                . = ALIGN (0x4)
 *(.region_sram .region_sram.*)

.region_ram     0x23f07f20        0x0
                0x23f07f20                . = ALIGN (0x4)
 *(.region_ram .region_ram.*)

.region_nocache
                0x20000000        0x0
                0x20000000                . = ALIGN (0x4)
 *(.region_nocache .region_nocache.*)

.bss            0x23f08000     0x8890
                0x23f08000                . = ALIGN (0x4)
                0x23f08000                PROVIDE (_szero = .)
 *(.bss .bss.*)
 .bss           0x23f08000       0x1c c:/program files/microchip/xc32/v4.20/bin/bin/../../lib/gcc/pic32c/8.3.1/arm/v5te/nofp/crtbegin.o
 .bss.drvSPIHandle_ACCEL
                0x23f0801c        0x4 build/sam9x_Curiosity/debug/_ext/1128182572/drv_imu.o
 .bss.drvSPIHandle_GYRO
                0x23f08020        0x4 build/sam9x_Curiosity/debug/_ext/1128182572/drv_imu.o
 .bss.drvSPIHandle_MAG
                0x23f08024        0x4 build/sam9x_Curiosity/debug/_ext/1128182572/drv_imu.o
 .bss.accel_setup
                0x23f08028       0x14 build/sam9x_Curiosity/debug/_ext/1128182572/drv_imu.o
                0x23f08028                accel_setup
 .bss.gyro_setup
                0x23f0803c       0x14 build/sam9x_Curiosity/debug/_ext/1128182572/drv_imu.o
                0x23f0803c                gyro_setup
 .bss.mag_setup
                0x23f08050       0x14 build/sam9x_Curiosity/debug/_ext/1128182572/drv_imu.o
                0x23f08050                mag_setup
 .bss.accel_transferHandle
                0x23f08064        0x4 build/sam9x_Curiosity/debug/_ext/1128182572/drv_imu.o
                0x23f08064                accel_transferHandle
 .bss.gyro_transferHandle
                0x23f08068        0x4 build/sam9x_Curiosity/debug/_ext/1128182572/drv_imu.o
                0x23f08068                gyro_transferHandle
 .bss.mag_transferHandle
                0x23f0806c        0x4 build/sam9x_Curiosity/debug/_ext/1128182572/drv_imu.o
                0x23f0806c                mag_transferHandle
 .bss._transferLock
                0x23f08070        0x1 build/sam9x_Curiosity/debug/_ext/1128182572/drv_imu.o
 .bss._transferSuccess
                0x23f08071        0x1 build/sam9x_Curiosity/debug/_ext/1128182572/drv_imu.o
 *fill*         0x23f08072        0x2 
 .bss.gDrvSPIObj
                0x23f08074       0x54 build/sam9x_Curiosity/debug/_ext/1722030300/drv_spi.o
 .bss.flexcom5SpiObj
                0x23f080c8       0x2c build/sam9x_Curiosity/debug/_ext/583233565/plib_flexcom5_spi_master.o
 .bss.isLastByteTransferInProgress.5872
                0x23f080f4        0x1 build/sam9x_Curiosity/debug/_ext/583233565/plib_flexcom5_spi_master.o
 *fill*         0x23f080f5     0x3f0b 
 .bss.trns_tbl  0x23f0c000     0x4000 build/sam9x_Curiosity/debug/_ext/441830268/plib_mmu.o
 .bss.TC0_CH0_CallbackObj
                0x23f10000        0x8 build/sam9x_Curiosity/debug/_ext/2092462368/plib_tc0.o
                0x23f10000                TC0_CH0_CallbackObj
 .bss.gSystemCounterObj
                0x23f10008       0x40 build/sam9x_Curiosity/debug/_ext/1515815680/sys_time.o
 .bss.timers    0x23f10048       0xa0 build/sam9x_Curiosity/debug/_ext/1515815680/sys_time.o
 .bss.drvSPI0ClientObjPool
                0x23f100e8       0x78 build/sam9x_Curiosity/debug/_ext/1437643379/initialization.o
 .bss.drvSPI0TransferObjPool
                0x23f10160       0x90 build/sam9x_Curiosity/debug/_ext/1437643379/initialization.o
 .bss.sysObj    0x23f101f0        0x8 build/sam9x_Curiosity/debug/_ext/1437643379/initialization.o
                0x23f101f0                sysObj
 .bss.spuriousEventCount
                0x23f101f8        0x4 build/sam9x_Curiosity/debug/_ext/1437643379/interrupts.o
                0x23f101f8                spuriousEventCount
 .bss.accel_data
                0x23f101fc        0x6 build/sam9x_Curiosity/debug/_ext/1360937237/app.o
                0x23f101fc                accel_data
 *fill*         0x23f10202        0x2 
 .bss.gyro_data
                0x23f10204        0x6 build/sam9x_Curiosity/debug/_ext/1360937237/app.o
                0x23f10204                gyro_data
 *fill*         0x23f1020a        0x2 
 .bss.mag_data  0x23f1020c        0x6 build/sam9x_Curiosity/debug/_ext/1360937237/app.o
                0x23f1020c                mag_data
 *fill*         0x23f10212        0x2 
 .bss.appData   0x23f10214        0x1 build/sam9x_Curiosity/debug/_ext/1360937237/app.o
                0x23f10214                appData
 *fill*         0x23f10215        0x3 
 .bss           0x23f10218       0x50 c:/program files/microchip/xc32/v4.20/bin/bin/../../lib/gcc/pic32c/8.3.1/../../../../pic32c/lib/arm/v5te/nofp\libg-musl.a(libc.o)
                0x23f10218                __progname_full
                0x23f10218                program_invocation_name
                0x23f1021c                program_invocation_short_name
                0x23f1021c                __progname
                0x23f10220                __sysinfo
                0x23f10224                __hwcap
                0x23f10228                __libc
 .bss           0x23f10268      0x408 c:/program files/microchip/xc32/v4.20/bin/bin/../../lib/gcc/pic32c/8.3.1/../../../../pic32c/lib/arm/v5te/nofp\libg-musl.a(stdin.o)
 .bss           0x23f10670        0x8 c:/program files/microchip/xc32/v4.20/bin/bin/../../lib/gcc/pic32c/8.3.1/../../../../pic32c/lib/arm/v5te/nofp\libg-musl.a(stdout.o)
                0x23f10674                __stdout_used
 .bss           0x23f10678        0x4 c:/program files/microchip/xc32/v4.20/bin/bin/../../lib/gcc/pic32c/8.3.1/../../../../pic32c/lib/arm/v5te/nofp\libg-musl.a(__environ.o)
                0x23f10678                __environ
                0x23f10678                environ
                0x23f10678                ___environ
                0x23f10678                _environ
 .bss           0x23f1067c        0x4 c:/program files/microchip/xc32/v4.20/bin/bin/../../lib/gcc/pic32c/8.3.1/../../../../pic32c/lib/arm/v5te/nofp\libg-musl.a(__errno_location.o)
                0x23f1067c                __errno_val
 .bss           0x23f10680      0x20c c:/program files/microchip/xc32/v4.20/bin/bin/../../lib/gcc/pic32c/8.3.1/../../../../pic32c/lib/arm/v5te/nofp\libg-musl.a(malloc.o)
 .bss           0x23f1088c        0x4 c:/program files/microchip/xc32/v4.20/bin/bin/../../lib/gcc/pic32c/8.3.1/../../../../pic32c/lib/arm/v5te/nofp\libpic32c.a(sbrk.o)
 *(COMMON)
                0x23f10890                . = ALIGN (0x4)
                0x23f10890                PROVIDE (_ezero = .)

.region_cache_aligned
                0x23f10890       0x10
                0x23f108a0                . = ALIGN (0x20)
 *fill*         0x23f10890       0x10 
 *(.region_cache_aligned .region_cache_aligned.*)
                0x23f108a0                . = ALIGN (0x20)

.stacks         0x23f108a0     0x2140
                0x23f10900                . = (. + IRQ_STACK_SIZE)
 *fill*         0x23f108a0       0x60 
                0x23f10900                . = ALIGN (0x8)
                0x23f10900                _irqstack = .
                0x23f10960                . = (. + FIQ_STACK_SIZE)
 *fill*         0x23f10900       0x60 
                0x23f10960                . = ALIGN (0x8)
                0x23f10960                _fiqstack = .
                0x23f109a0                . = (. + ABT_STACK_SIZE)
 *fill*         0x23f10960       0x40 
                0x23f109a0                . = ALIGN (0x8)
                0x23f109a0                _abtstack = .
                0x23f109e0                . = (. + UND_STACK_SIZE)
 *fill*         0x23f109a0       0x40 
                0x23f109e0                . = ALIGN (0x8)
                0x23f109e0                _undstack = .
                0x23f119e0                . = (. + SVC_STACK_SIZE)
 *fill*         0x23f109e0     0x1000 
                0x23f119e0                . = ALIGN (0x8)
                0x23f119e0                _svcstack = .
                0x23f129e0                . = (. + C_STACK_SIZE)
 *fill*         0x23f119e0     0x1000 
                0x23f129e0                . = ALIGN (0x8)
                0x23f129e0                _cstack = .
                0x23f129e0                _end = .
                0x23f129e0                _ramcode_lma = _end

.ramcode        0x0030003c        0x0 load address 0x23f129e0
                0x0030003c                _sramcode = .
 *(.ramcode_section .ramcode_section.*)
                0x0030003c                _eramcode = .
                0x23f129e0                _ramdata_lma = ((_end + _eramcode) - _sramcode)

.ramdata        0x0030003c        0x0 load address 0x23f129e0
                0x0030003c                _sramdata = .
 *(.ramdata_section .ramdata_section.*)
                0x0030003c                _eramdata = .
                0x00000001                __ICD2RAM = 0x1
                0x00000001                __MPLAB_DEBUG = 0x1
                0x00000001                __DEBUG = 0x1
                0x00000200                _min_heap_size = 0x200
START GROUP
LOAD c:/program files/microchip/xc32/v4.20/bin/bin/../../lib/gcc/pic32c/8.3.1/../../../../pic32c/lib/arm/v5te/nofp\libpic32c.a
LOAD c:/program files/microchip/xc32/v4.20/bin/bin/../../lib/gcc/pic32c/8.3.1/arm/v5te/nofp\libgcc.a
LOAD c:/program files/microchip/xc32/v4.20/bin/bin/../../lib/gcc/pic32c/8.3.1/../../../../pic32c/lib/arm/v5te/nofp\libm-musl.a
LOAD c:/program files/microchip/xc32/v4.20/bin/bin/../../lib/gcc/pic32c/8.3.1/../../../../pic32c/lib/arm/v5te/nofp\libg-musl.a
LOAD c:/program files/microchip/xc32/v4.20/bin/bin/../../lib/gcc/pic32c/8.3.1/../../../../pic32c/lib/arm/v5te/nofp\libc-musl.a
LOAD c:/program files/microchip/xc32/v4.20/bin/bin/../../lib/gcc/pic32c/8.3.1/../../../../pic32c/lib/arm/v5te/nofp\libm-musl.a
END GROUP
LOAD c:/program files/microchip/xc32/v4.20/bin/bin/../../lib/gcc/pic32c/8.3.1/arm/v5te/nofp/crtend.o
LOAD c:/program files/microchip/xc32/v4.20/bin/bin/../../lib/gcc/pic32c/8.3.1/arm/v5te/nofp/crtn.o
OUTPUT(dist/sam9x_Curiosity/debug/IMU_SAM9XCuriosity_BMX055.X.debug.elf elf32-littlearm)
LOAD stack

.ARM.attributes
                0x00000000       0x2a
 .ARM.attributes
                0x00000000       0x1d c:/program files/microchip/xc32/v4.20/bin/bin/../../lib/gcc/pic32c/8.3.1/arm/v5te/nofp/crti.o
 .ARM.attributes
                0x0000001d       0x2b c:/program files/microchip/xc32/v4.20/bin/bin/../../lib/gcc/pic32c/8.3.1/arm/v5te/nofp/crtbegin.o
 .ARM.attributes
                0x00000048       0x2c build/sam9x_Curiosity/debug/_ext/1128182572/drv_imu.o
 .ARM.attributes
                0x00000074       0x2c build/sam9x_Curiosity/debug/_ext/1722030300/drv_spi.o
 .ARM.attributes
                0x000000a0       0x2c build/sam9x_Curiosity/debug/_ext/441841942/plib_aic.o
 .ARM.attributes
                0x000000cc       0x2c build/sam9x_Curiosity/debug/_ext/441839919/plib_clk.o
 .ARM.attributes
                0x000000f8       0x2c build/sam9x_Curiosity/debug/_ext/812115427/plib_dbgu.o
 .ARM.attributes
                0x00000124       0x2c build/sam9x_Curiosity/debug/_ext/583233565/plib_flexcom5_spi_master.o
 .ARM.attributes
                0x00000150       0x2c build/sam9x_Curiosity/debug/_ext/441830268/plib_mmu.o
 .ARM.attributes
                0x0000017c       0x2c build/sam9x_Curiosity/debug/_ext/441827515/plib_pio.o
 .ARM.attributes
                0x000001a8       0x2c build/sam9x_Curiosity/debug/_ext/2092462368/plib_tc0.o
 .ARM.attributes
                0x000001d4       0x2c build/sam9x_Curiosity/debug/_ext/745456519/xc32_monitor.o
 .ARM.attributes
                0x00000200       0x2c build/sam9x_Curiosity/debug/_ext/1379663014/sys_int.o
 .ARM.attributes
                0x0000022c       0x2c build/sam9x_Curiosity/debug/_ext/1515815680/sys_time.o
 .ARM.attributes
                0x00000258       0x1c build/sam9x_Curiosity/debug/_ext/1437643379/cstartup.o
 .ARM.attributes
                0x00000274       0x2c build/sam9x_Curiosity/debug/_ext/1437643379/tasks.o
 .ARM.attributes
                0x000002a0       0x2c build/sam9x_Curiosity/debug/_ext/1437643379/initialization.o
 .ARM.attributes
                0x000002cc       0x2c build/sam9x_Curiosity/debug/_ext/1437643379/interrupts.o
 .ARM.attributes
                0x000002f8       0x2c build/sam9x_Curiosity/debug/_ext/1437643379/fault_handlers.o
 .ARM.attributes
                0x00000324       0x2c build/sam9x_Curiosity/debug/_ext/1360937237/app.o
 .ARM.attributes
                0x00000350       0x2c build/sam9x_Curiosity/debug/_ext/1360937237/main.o
 .ARM.attributes
                0x0000037c       0x2c build/sam9x_Curiosity/debug/_ext/800758461/bsp.o
 .ARM.attributes
                0x000003a8       0x1d c:/program files/microchip/xc32/v4.20/bin/bin/../../lib/gcc/pic32c/8.3.1/arm/v5te/nofp\libgcc.a(_udivsi3.o)
 .ARM.attributes
                0x000003c5       0x1d c:/program files/microchip/xc32/v4.20/bin/bin/../../lib/gcc/pic32c/8.3.1/arm/v5te/nofp\libgcc.a(_dvmd_tls.o)
 .ARM.attributes
                0x000003e2       0x1d c:/program files/microchip/xc32/v4.20/bin/bin/../../lib/gcc/pic32c/8.3.1/arm/v5te/nofp\libgcc.a(_aeabi_uldivmod.o)
 .ARM.attributes
                0x000003ff       0x2b c:/program files/microchip/xc32/v4.20/bin/bin/../../lib/gcc/pic32c/8.3.1/arm/v5te/nofp\libgcc.a(_udivmoddi4.o)
 .ARM.attributes
                0x0000042a       0x2d c:/program files/microchip/xc32/v4.20/bin/bin/../../lib/gcc/pic32c/8.3.1/../../../../pic32c/lib/arm/v5te/nofp\libg-musl.a(__libc_start_main.o)
 .ARM.attributes
                0x00000457       0x2d c:/program files/microchip/xc32/v4.20/bin/bin/../../lib/gcc/pic32c/8.3.1/../../../../pic32c/lib/arm/v5te/nofp\libg-musl.a(libc.o)
 .ARM.attributes
                0x00000484       0x2d c:/program files/microchip/xc32/v4.20/bin/bin/../../lib/gcc/pic32c/8.3.1/../../../../pic32c/lib/arm/v5te/nofp\libg-musl.a(__sio_printf_doux.o)
 .ARM.attributes
                0x000004b1       0x2d c:/program files/microchip/xc32/v4.20/bin/bin/../../lib/gcc/pic32c/8.3.1/../../../../pic32c/lib/arm/v5te/nofp\libg-musl.a(__fmt_d.o)
 .ARM.attributes
                0x000004de       0x2d c:/program files/microchip/xc32/v4.20/bin/bin/../../lib/gcc/pic32c/8.3.1/../../../../pic32c/lib/arm/v5te/nofp\libg-musl.a(__fmt_o.o)
 .ARM.attributes
                0x0000050b       0x2d c:/program files/microchip/xc32/v4.20/bin/bin/../../lib/gcc/pic32c/8.3.1/../../../../pic32c/lib/arm/v5te/nofp\libg-musl.a(__fmt_s.o)
 .ARM.attributes
                0x00000538       0x2d c:/program files/microchip/xc32/v4.20/bin/bin/../../lib/gcc/pic32c/8.3.1/../../../../pic32c/lib/arm/v5te/nofp\libg-musl.a(__fmt_u.o)
 .ARM.attributes
                0x00000565       0x2d c:/program files/microchip/xc32/v4.20/bin/bin/../../lib/gcc/pic32c/8.3.1/../../../../pic32c/lib/arm/v5te/nofp\libg-musl.a(__fmt_x.o)
 .ARM.attributes
                0x00000592       0x2d c:/program files/microchip/xc32/v4.20/bin/bin/../../lib/gcc/pic32c/8.3.1/../../../../pic32c/lib/arm/v5te/nofp\libg-musl.a(__pop_int.o)
 .ARM.attributes
                0x000005bf       0x2d c:/program files/microchip/xc32/v4.20/bin/bin/../../lib/gcc/pic32c/8.3.1/../../../../pic32c/lib/arm/v5te/nofp\libg-musl.a(__pop_ptr.o)
 .ARM.attributes
                0x000005ec       0x2d c:/program files/microchip/xc32/v4.20/bin/bin/../../lib/gcc/pic32c/8.3.1/../../../../pic32c/lib/arm/v5te/nofp\libg-musl.a(__printf_core.o)
 .ARM.attributes
                0x00000619       0x2d c:/program files/microchip/xc32/v4.20/bin/bin/../../lib/gcc/pic32c/8.3.1/../../../../pic32c/lib/arm/v5te/nofp\libg-musl.a(stdin.o)
 .ARM.attributes
                0x00000646       0x2d c:/program files/microchip/xc32/v4.20/bin/bin/../../lib/gcc/pic32c/8.3.1/../../../../pic32c/lib/arm/v5te/nofp\libg-musl.a(stdout.o)
 .ARM.attributes
                0x00000673       0x2d c:/program files/microchip/xc32/v4.20/bin/bin/../../lib/gcc/pic32c/8.3.1/../../../../pic32c/lib/arm/v5te/nofp\libg-musl.a(puts.o)
 .ARM.attributes
                0x000006a0       0x2d c:/program files/microchip/xc32/v4.20/bin/bin/../../lib/gcc/pic32c/8.3.1/../../../../pic32c/lib/arm/v5te/nofp\libg-musl.a(setbuf.o)
 .ARM.attributes
                0x000006cd       0x2d c:/program files/microchip/xc32/v4.20/bin/bin/../../lib/gcc/pic32c/8.3.1/../../../../pic32c/lib/arm/v5te/nofp\libg-musl.a(atoi.o)
 .ARM.attributes
                0x000006fa       0x2d c:/program files/microchip/xc32/v4.20/bin/bin/../../lib/gcc/pic32c/8.3.1/../../../../pic32c/lib/arm/v5te/nofp\libg-musl.a(memcpy.o)
 .ARM.attributes
                0x00000727       0x2d c:/program files/microchip/xc32/v4.20/bin/bin/../../lib/gcc/pic32c/8.3.1/../../../../pic32c/lib/arm/v5te/nofp\libg-musl.a(memset.o)
 .ARM.attributes
                0x00000754       0x2d c:/program files/microchip/xc32/v4.20/bin/bin/../../lib/gcc/pic32c/8.3.1/../../../../pic32c/lib/arm/v5te/nofp\libg-musl.a(strlen.o)
 .ARM.attributes
                0x00000781       0x2d c:/program files/microchip/xc32/v4.20/bin/bin/../../lib/gcc/pic32c/8.3.1/../../../../pic32c/lib/arm/v5te/nofp\libg-musl.a(tolower.o)
 .ARM.attributes
                0x000007ae       0x2d c:/program files/microchip/xc32/v4.20/bin/bin/../../lib/gcc/pic32c/8.3.1/../../../../pic32c/lib/arm/v5te/nofp\libg-musl.a(toupper.o)
 .ARM.attributes
                0x000007db       0x2d c:/program files/microchip/xc32/v4.20/bin/bin/../../lib/gcc/pic32c/8.3.1/../../../../pic32c/lib/arm/v5te/nofp\libg-musl.a(__environ.o)
 .ARM.attributes
                0x00000808       0x2d c:/program files/microchip/xc32/v4.20/bin/bin/../../lib/gcc/pic32c/8.3.1/../../../../pic32c/lib/arm/v5te/nofp\libg-musl.a(__errno_location.o)
 .ARM.attributes
                0x00000835       0x2d c:/program files/microchip/xc32/v4.20/bin/bin/../../lib/gcc/pic32c/8.3.1/../../../../pic32c/lib/arm/v5te/nofp\libg-musl.a(__int_vfprintf.o)
 .ARM.attributes
                0x00000862       0x2d c:/program files/microchip/xc32/v4.20/bin/bin/../../lib/gcc/pic32c/8.3.1/../../../../pic32c/lib/arm/v5te/nofp\libg-musl.a(fputs.o)
 .ARM.attributes
                0x0000088f       0x2d c:/program files/microchip/xc32/v4.20/bin/bin/../../lib/gcc/pic32c/8.3.1/../../../../pic32c/lib/arm/v5te/nofp\libg-musl.a(__pop_float.o)
 .ARM.attributes
                0x000008bc       0x2d c:/program files/microchip/xc32/v4.20/bin/bin/../../lib/gcc/pic32c/8.3.1/../../../../pic32c/lib/arm/v5te/nofp\libg-musl.a(__stdio_read.o)
 .ARM.attributes
                0x000008e9       0x2d c:/program files/microchip/xc32/v4.20/bin/bin/../../lib/gcc/pic32c/8.3.1/../../../../pic32c/lib/arm/v5te/nofp\libg-musl.a(__towrite_rw.o)
 .ARM.attributes
                0x00000916       0x2d c:/program files/microchip/xc32/v4.20/bin/bin/../../lib/gcc/pic32c/8.3.1/../../../../pic32c/lib/arm/v5te/nofp\libg-musl.a(fwrite.o)
 .ARM.attributes
                0x00000943       0x2d c:/program files/microchip/xc32/v4.20/bin/bin/../../lib/gcc/pic32c/8.3.1/../../../../pic32c/lib/arm/v5te/nofp\libg-musl.a(putc.o)
 .ARM.attributes
                0x00000970       0x2d c:/program files/microchip/xc32/v4.20/bin/bin/../../lib/gcc/pic32c/8.3.1/../../../../pic32c/lib/arm/v5te/nofp\libg-musl.a(setvbuf.o)
 .ARM.attributes
                0x0000099d       0x2d c:/program files/microchip/xc32/v4.20/bin/bin/../../lib/gcc/pic32c/8.3.1/../../../../pic32c/lib/arm/v5te/nofp\libg-musl.a(readv.o)
 .ARM.attributes
                0x000009ca       0x2d c:/program files/microchip/xc32/v4.20/bin/bin/../../lib/gcc/pic32c/8.3.1/../../../../pic32c/lib/arm/v5te/nofp\libg-musl.a(malloc.o)
 .ARM.attributes
                0x000009f7       0x2d c:/program files/microchip/xc32/v4.20/bin/bin/../../lib/gcc/pic32c/8.3.1/../../../../pic32c/lib/arm/v5te/nofp\libg-musl.a(expand_heap.o)
 .ARM.attributes
                0x00000a24       0x2d c:/program files/microchip/xc32/v4.20/bin/bin/../../lib/gcc/pic32c/8.3.1/../../../../pic32c/lib/arm/v5te/nofp\libg-musl.a(__init_stdio.o)
 .ARM.attributes
                0x00000a51       0x2d c:/program files/microchip/xc32/v4.20/bin/bin/../../lib/gcc/pic32c/8.3.1/../../../../pic32c/lib/arm/v5te/nofp\libg-musl.a(__out.o)
 .ARM.attributes
                0x00000a7e       0x2d c:/program files/microchip/xc32/v4.20/bin/bin/../../lib/gcc/pic32c/8.3.1/../../../../pic32c/lib/arm/v5te/nofp\libg-musl.a(__putc.o)
 .ARM.attributes
                0x00000aab       0x2d c:/program files/microchip/xc32/v4.20/bin/bin/../../lib/gcc/pic32c/8.3.1/../../../../pic32c/lib/arm/v5te/nofp\libg-musl.a(__stderr.o)
 .ARM.attributes
                0x00000ad8       0x2d c:/program files/microchip/xc32/v4.20/bin/bin/../../lib/gcc/pic32c/8.3.1/../../../../pic32c/lib/arm/v5te/nofp\libg-musl.a(__stdio_close.o)
 .ARM.attributes
                0x00000b05       0x2d c:/program files/microchip/xc32/v4.20/bin/bin/../../lib/gcc/pic32c/8.3.1/../../../../pic32c/lib/arm/v5te/nofp\libg-musl.a(__stdio_write.o)
 .ARM.attributes
                0x00000b32       0x2d c:/program files/microchip/xc32/v4.20/bin/bin/../../lib/gcc/pic32c/8.3.1/../../../../pic32c/lib/arm/v5te/nofp\libg-musl.a(__stdout.o)
 .ARM.attributes
                0x00000b5f       0x2d c:/program files/microchip/xc32/v4.20/bin/bin/../../lib/gcc/pic32c/8.3.1/../../../../pic32c/lib/arm/v5te/nofp\libg-musl.a(__towrite.o)
 .ARM.attributes
                0x00000b8c       0x2d c:/program files/microchip/xc32/v4.20/bin/bin/../../lib/gcc/pic32c/8.3.1/../../../../pic32c/lib/arm/v5te/nofp\libg-musl.a(writev.o)
 .ARM.attributes
                0x00000bb9       0x2d c:/program files/microchip/xc32/v4.20/bin/bin/../../lib/gcc/pic32c/8.3.1/../../../../pic32c/lib/arm/v5te/nofp\libg-musl.a(__overflow.o)
 .ARM.attributes
                0x00000be6       0x2d c:/program files/microchip/xc32/v4.20/bin/bin/../../lib/gcc/pic32c/8.3.1/../../../../pic32c/lib/arm/v5te/nofp\libg-musl.a(__fwrite.o)
 .ARM.attributes
                0x00000c13       0x2b c:/program files/microchip/xc32/v4.20/bin/bin/../../lib/gcc/pic32c/8.3.1/../../../../pic32c/lib/arm/v5te/nofp\libpic32c.a(close.o)
 .ARM.attributes
                0x00000c3e       0x2b c:/program files/microchip/xc32/v4.20/bin/bin/../../lib/gcc/pic32c/8.3.1/../../../../pic32c/lib/arm/v5te/nofp\libpic32c.a(lseek.o)
 .ARM.attributes
                0x00000c69       0x2b c:/program files/microchip/xc32/v4.20/bin/bin/../../lib/gcc/pic32c/8.3.1/../../../../pic32c/lib/arm/v5te/nofp\libpic32c.a(sbrk.o)
 .ARM.attributes
                0x00000c94       0x1d c:/program files/microchip/xc32/v4.20/bin/bin/../../lib/gcc/pic32c/8.3.1/arm/v5te/nofp/crtn.o

.comment        0x00000000       0x2b
 .comment       0x00000000       0x2b c:/program files/microchip/xc32/v4.20/bin/bin/../../lib/gcc/pic32c/8.3.1/arm/v5te/nofp/crtbegin.o
                                 0x2c (size before relaxing)
 .comment       0x0000002b       0x2c build/sam9x_Curiosity/debug/_ext/1128182572/drv_imu.o
 .comment       0x0000002b       0x2c build/sam9x_Curiosity/debug/_ext/1722030300/drv_spi.o
 .comment       0x0000002b       0x2c build/sam9x_Curiosity/debug/_ext/441841942/plib_aic.o
 .comment       0x0000002b       0x2c build/sam9x_Curiosity/debug/_ext/441839919/plib_clk.o
 .comment       0x0000002b       0x2c build/sam9x_Curiosity/debug/_ext/812115427/plib_dbgu.o
 .comment       0x0000002b       0x2c build/sam9x_Curiosity/debug/_ext/583233565/plib_flexcom5_spi_master.o
 .comment       0x0000002b       0x2c build/sam9x_Curiosity/debug/_ext/441830268/plib_mmu.o
 .comment       0x0000002b       0x2c build/sam9x_Curiosity/debug/_ext/441827515/plib_pio.o
 .comment       0x0000002b       0x2c build/sam9x_Curiosity/debug/_ext/2092462368/plib_tc0.o
 .comment       0x0000002b       0x2c build/sam9x_Curiosity/debug/_ext/745456519/xc32_monitor.o
 .comment       0x0000002b       0x2c build/sam9x_Curiosity/debug/_ext/1379663014/sys_int.o
 .comment       0x0000002b       0x2c build/sam9x_Curiosity/debug/_ext/1515815680/sys_time.o
 .comment       0x0000002b       0x2c build/sam9x_Curiosity/debug/_ext/1437643379/tasks.o
 .comment       0x0000002b       0x2c build/sam9x_Curiosity/debug/_ext/1437643379/initialization.o
 .comment       0x0000002b       0x2c build/sam9x_Curiosity/debug/_ext/1437643379/interrupts.o
 .comment       0x0000002b       0x2c build/sam9x_Curiosity/debug/_ext/1437643379/fault_handlers.o
 .comment       0x0000002b       0x2c build/sam9x_Curiosity/debug/_ext/1360937237/app.o
 .comment       0x0000002b       0x2c build/sam9x_Curiosity/debug/_ext/1360937237/main.o
 .comment       0x0000002b       0x2c build/sam9x_Curiosity/debug/_ext/800758461/bsp.o
 .comment       0x0000002b       0x2c c:/program files/microchip/xc32/v4.20/bin/bin/../../lib/gcc/pic32c/8.3.1/arm/v5te/nofp\libgcc.a(_udivmoddi4.o)
 .comment       0x0000002b       0x2c c:/program files/microchip/xc32/v4.20/bin/bin/../../lib/gcc/pic32c/8.3.1/../../../../pic32c/lib/arm/v5te/nofp\libg-musl.a(__libc_start_main.o)
 .comment       0x0000002b       0x2c c:/program files/microchip/xc32/v4.20/bin/bin/../../lib/gcc/pic32c/8.3.1/../../../../pic32c/lib/arm/v5te/nofp\libg-musl.a(libc.o)
 .comment       0x0000002b       0x2c c:/program files/microchip/xc32/v4.20/bin/bin/../../lib/gcc/pic32c/8.3.1/../../../../pic32c/lib/arm/v5te/nofp\libg-musl.a(__sio_printf_doux.o)
 .comment       0x0000002b       0x2c c:/program files/microchip/xc32/v4.20/bin/bin/../../lib/gcc/pic32c/8.3.1/../../../../pic32c/lib/arm/v5te/nofp\libg-musl.a(__fmt_d.o)
 .comment       0x0000002b       0x2c c:/program files/microchip/xc32/v4.20/bin/bin/../../lib/gcc/pic32c/8.3.1/../../../../pic32c/lib/arm/v5te/nofp\libg-musl.a(__fmt_o.o)
 .comment       0x0000002b       0x2c c:/program files/microchip/xc32/v4.20/bin/bin/../../lib/gcc/pic32c/8.3.1/../../../../pic32c/lib/arm/v5te/nofp\libg-musl.a(__fmt_s.o)
 .comment       0x0000002b       0x2c c:/program files/microchip/xc32/v4.20/bin/bin/../../lib/gcc/pic32c/8.3.1/../../../../pic32c/lib/arm/v5te/nofp\libg-musl.a(__fmt_u.o)
 .comment       0x0000002b       0x2c c:/program files/microchip/xc32/v4.20/bin/bin/../../lib/gcc/pic32c/8.3.1/../../../../pic32c/lib/arm/v5te/nofp\libg-musl.a(__fmt_x.o)
 .comment       0x0000002b       0x2c c:/program files/microchip/xc32/v4.20/bin/bin/../../lib/gcc/pic32c/8.3.1/../../../../pic32c/lib/arm/v5te/nofp\libg-musl.a(__pop_int.o)
 .comment       0x0000002b       0x2c c:/program files/microchip/xc32/v4.20/bin/bin/../../lib/gcc/pic32c/8.3.1/../../../../pic32c/lib/arm/v5te/nofp\libg-musl.a(__pop_ptr.o)
 .comment       0x0000002b       0x2c c:/program files/microchip/xc32/v4.20/bin/bin/../../lib/gcc/pic32c/8.3.1/../../../../pic32c/lib/arm/v5te/nofp\libg-musl.a(__printf_core.o)
 .comment       0x0000002b       0x2c c:/program files/microchip/xc32/v4.20/bin/bin/../../lib/gcc/pic32c/8.3.1/../../../../pic32c/lib/arm/v5te/nofp\libg-musl.a(stdin.o)
 .comment       0x0000002b       0x2c c:/program files/microchip/xc32/v4.20/bin/bin/../../lib/gcc/pic32c/8.3.1/../../../../pic32c/lib/arm/v5te/nofp\libg-musl.a(stdout.o)
 .comment       0x0000002b       0x2c c:/program files/microchip/xc32/v4.20/bin/bin/../../lib/gcc/pic32c/8.3.1/../../../../pic32c/lib/arm/v5te/nofp\libg-musl.a(puts.o)
 .comment       0x0000002b       0x2c c:/program files/microchip/xc32/v4.20/bin/bin/../../lib/gcc/pic32c/8.3.1/../../../../pic32c/lib/arm/v5te/nofp\libg-musl.a(setbuf.o)
 .comment       0x0000002b       0x2c c:/program files/microchip/xc32/v4.20/bin/bin/../../lib/gcc/pic32c/8.3.1/../../../../pic32c/lib/arm/v5te/nofp\libg-musl.a(atoi.o)
 .comment       0x0000002b       0x2c c:/program files/microchip/xc32/v4.20/bin/bin/../../lib/gcc/pic32c/8.3.1/../../../../pic32c/lib/arm/v5te/nofp\libg-musl.a(memcpy.o)
 .comment       0x0000002b       0x2c c:/program files/microchip/xc32/v4.20/bin/bin/../../lib/gcc/pic32c/8.3.1/../../../../pic32c/lib/arm/v5te/nofp\libg-musl.a(memset.o)
 .comment       0x0000002b       0x2c c:/program files/microchip/xc32/v4.20/bin/bin/../../lib/gcc/pic32c/8.3.1/../../../../pic32c/lib/arm/v5te/nofp\libg-musl.a(strlen.o)
 .comment       0x0000002b       0x2c c:/program files/microchip/xc32/v4.20/bin/bin/../../lib/gcc/pic32c/8.3.1/../../../../pic32c/lib/arm/v5te/nofp\libg-musl.a(tolower.o)
 .comment       0x0000002b       0x2c c:/program files/microchip/xc32/v4.20/bin/bin/../../lib/gcc/pic32c/8.3.1/../../../../pic32c/lib/arm/v5te/nofp\libg-musl.a(toupper.o)
 .comment       0x0000002b       0x2c c:/program files/microchip/xc32/v4.20/bin/bin/../../lib/gcc/pic32c/8.3.1/../../../../pic32c/lib/arm/v5te/nofp\libg-musl.a(__environ.o)
 .comment       0x0000002b       0x2c c:/program files/microchip/xc32/v4.20/bin/bin/../../lib/gcc/pic32c/8.3.1/../../../../pic32c/lib/arm/v5te/nofp\libg-musl.a(__errno_location.o)
 .comment       0x0000002b       0x2c c:/program files/microchip/xc32/v4.20/bin/bin/../../lib/gcc/pic32c/8.3.1/../../../../pic32c/lib/arm/v5te/nofp\libg-musl.a(__int_vfprintf.o)
 .comment       0x0000002b       0x2c c:/program files/microchip/xc32/v4.20/bin/bin/../../lib/gcc/pic32c/8.3.1/../../../../pic32c/lib/arm/v5te/nofp\libg-musl.a(fputs.o)
 .comment       0x0000002b       0x2c c:/program files/microchip/xc32/v4.20/bin/bin/../../lib/gcc/pic32c/8.3.1/../../../../pic32c/lib/arm/v5te/nofp\libg-musl.a(__pop_float.o)
 .comment       0x0000002b       0x2c c:/program files/microchip/xc32/v4.20/bin/bin/../../lib/gcc/pic32c/8.3.1/../../../../pic32c/lib/arm/v5te/nofp\libg-musl.a(__stdio_read.o)
 .comment       0x0000002b       0x2c c:/program files/microchip/xc32/v4.20/bin/bin/../../lib/gcc/pic32c/8.3.1/../../../../pic32c/lib/arm/v5te/nofp\libg-musl.a(__towrite_rw.o)
 .comment       0x0000002b       0x2c c:/program files/microchip/xc32/v4.20/bin/bin/../../lib/gcc/pic32c/8.3.1/../../../../pic32c/lib/arm/v5te/nofp\libg-musl.a(fwrite.o)
 .comment       0x0000002b       0x2c c:/program files/microchip/xc32/v4.20/bin/bin/../../lib/gcc/pic32c/8.3.1/../../../../pic32c/lib/arm/v5te/nofp\libg-musl.a(putc.o)
 .comment       0x0000002b       0x2c c:/program files/microchip/xc32/v4.20/bin/bin/../../lib/gcc/pic32c/8.3.1/../../../../pic32c/lib/arm/v5te/nofp\libg-musl.a(setvbuf.o)
 .comment       0x0000002b       0x2c c:/program files/microchip/xc32/v4.20/bin/bin/../../lib/gcc/pic32c/8.3.1/../../../../pic32c/lib/arm/v5te/nofp\libg-musl.a(readv.o)
 .comment       0x0000002b       0x2c c:/program files/microchip/xc32/v4.20/bin/bin/../../lib/gcc/pic32c/8.3.1/../../../../pic32c/lib/arm/v5te/nofp\libg-musl.a(malloc.o)
 .comment       0x0000002b       0x2c c:/program files/microchip/xc32/v4.20/bin/bin/../../lib/gcc/pic32c/8.3.1/../../../../pic32c/lib/arm/v5te/nofp\libg-musl.a(expand_heap.o)
 .comment       0x0000002b       0x2c c:/program files/microchip/xc32/v4.20/bin/bin/../../lib/gcc/pic32c/8.3.1/../../../../pic32c/lib/arm/v5te/nofp\libg-musl.a(__init_stdio.o)
 .comment       0x0000002b       0x2c c:/program files/microchip/xc32/v4.20/bin/bin/../../lib/gcc/pic32c/8.3.1/../../../../pic32c/lib/arm/v5te/nofp\libg-musl.a(__out.o)
 .comment       0x0000002b       0x2c c:/program files/microchip/xc32/v4.20/bin/bin/../../lib/gcc/pic32c/8.3.1/../../../../pic32c/lib/arm/v5te/nofp\libg-musl.a(__putc.o)
 .comment       0x0000002b       0x2c c:/program files/microchip/xc32/v4.20/bin/bin/../../lib/gcc/pic32c/8.3.1/../../../../pic32c/lib/arm/v5te/nofp\libg-musl.a(__stderr.o)
 .comment       0x0000002b       0x2c c:/program files/microchip/xc32/v4.20/bin/bin/../../lib/gcc/pic32c/8.3.1/../../../../pic32c/lib/arm/v5te/nofp\libg-musl.a(__stdio_close.o)
 .comment       0x0000002b       0x2c c:/program files/microchip/xc32/v4.20/bin/bin/../../lib/gcc/pic32c/8.3.1/../../../../pic32c/lib/arm/v5te/nofp\libg-musl.a(__stdio_write.o)
 .comment       0x0000002b       0x2c c:/program files/microchip/xc32/v4.20/bin/bin/../../lib/gcc/pic32c/8.3.1/../../../../pic32c/lib/arm/v5te/nofp\libg-musl.a(__stdout.o)
 .comment       0x0000002b       0x2c c:/program files/microchip/xc32/v4.20/bin/bin/../../lib/gcc/pic32c/8.3.1/../../../../pic32c/lib/arm/v5te/nofp\libg-musl.a(__towrite.o)
 .comment       0x0000002b       0x2c c:/program files/microchip/xc32/v4.20/bin/bin/../../lib/gcc/pic32c/8.3.1/../../../../pic32c/lib/arm/v5te/nofp\libg-musl.a(writev.o)
 .comment       0x0000002b       0x2c c:/program files/microchip/xc32/v4.20/bin/bin/../../lib/gcc/pic32c/8.3.1/../../../../pic32c/lib/arm/v5te/nofp\libg-musl.a(__overflow.o)
 .comment       0x0000002b       0x2c c:/program files/microchip/xc32/v4.20/bin/bin/../../lib/gcc/pic32c/8.3.1/../../../../pic32c/lib/arm/v5te/nofp\libg-musl.a(__fwrite.o)
 .comment       0x0000002b       0x2c c:/program files/microchip/xc32/v4.20/bin/bin/../../lib/gcc/pic32c/8.3.1/../../../../pic32c/lib/arm/v5te/nofp\libpic32c.a(close.o)
 .comment       0x0000002b       0x2c c:/program files/microchip/xc32/v4.20/bin/bin/../../lib/gcc/pic32c/8.3.1/../../../../pic32c/lib/arm/v5te/nofp\libpic32c.a(lseek.o)
 .comment       0x0000002b       0x2c c:/program files/microchip/xc32/v4.20/bin/bin/../../lib/gcc/pic32c/8.3.1/../../../../pic32c/lib/arm/v5te/nofp\libpic32c.a(sbrk.o)

.debug_info     0x00000000    0x20901
 .debug_info    0x00000000     0x1f5a build/sam9x_Curiosity/debug/_ext/1128182572/drv_imu.o
 .debug_info    0x00001f5a     0x2fd6 build/sam9x_Curiosity/debug/_ext/1722030300/drv_spi.o
 .debug_info    0x00004f30      0x912 build/sam9x_Curiosity/debug/_ext/441841942/plib_aic.o
 .debug_info    0x00005842      0x861 build/sam9x_Curiosity/debug/_ext/441839919/plib_clk.o
 .debug_info    0x000060a3      0x960 build/sam9x_Curiosity/debug/_ext/812115427/plib_dbgu.o
 .debug_info    0x00006a03     0x171c build/sam9x_Curiosity/debug/_ext/583233565/plib_flexcom5_spi_master.o
 .debug_info    0x0000811f      0x9e2 build/sam9x_Curiosity/debug/_ext/441830268/plib_mmu.o
 .debug_info    0x00008b01      0xbba build/sam9x_Curiosity/debug/_ext/441827515/plib_pio.o
 .debug_info    0x000096bb      0x95e build/sam9x_Curiosity/debug/_ext/2092462368/plib_tc0.o
 .debug_info    0x0000a019      0x3ea build/sam9x_Curiosity/debug/_ext/745456519/xc32_monitor.o
 .debug_info    0x0000a403      0xe18 build/sam9x_Curiosity/debug/_ext/1379663014/sys_int.o
 .debug_info    0x0000b21b     0x1ff2 build/sam9x_Curiosity/debug/_ext/1515815680/sys_time.o
 .debug_info    0x0000d20d       0x22 build/sam9x_Curiosity/debug/_ext/1437643379/cstartup.o
 .debug_info    0x0000d22f      0x30a build/sam9x_Curiosity/debug/_ext/1437643379/tasks.o
 .debug_info    0x0000d539     0x2755 build/sam9x_Curiosity/debug/_ext/1437643379/initialization.o
 .debug_info    0x0000fc8e      0x8b1 build/sam9x_Curiosity/debug/_ext/1437643379/interrupts.o
 .debug_info    0x0001053f      0x2e9 build/sam9x_Curiosity/debug/_ext/1437643379/fault_handlers.o
 .debug_info    0x00010828      0x4b5 build/sam9x_Curiosity/debug/_ext/1360937237/app.o
 .debug_info    0x00010cdd      0x2f1 build/sam9x_Curiosity/debug/_ext/1360937237/main.o
 .debug_info    0x00010fce      0x2f9 build/sam9x_Curiosity/debug/_ext/800758461/bsp.o
 .debug_info    0x000112c7       0x26 c:/program files/microchip/xc32/v4.20/bin/bin/../../lib/gcc/pic32c/8.3.1/arm/v5te/nofp\libgcc.a(_udivsi3.o)
 .debug_info    0x000112ed       0x26 c:/program files/microchip/xc32/v4.20/bin/bin/../../lib/gcc/pic32c/8.3.1/arm/v5te/nofp\libgcc.a(_dvmd_tls.o)
 .debug_info    0x00011313       0x26 c:/program files/microchip/xc32/v4.20/bin/bin/../../lib/gcc/pic32c/8.3.1/arm/v5te/nofp\libgcc.a(_aeabi_uldivmod.o)
 .debug_info    0x00011339      0x3ee c:/program files/microchip/xc32/v4.20/bin/bin/../../lib/gcc/pic32c/8.3.1/arm/v5te/nofp\libgcc.a(_udivmoddi4.o)
 .debug_info    0x00011727      0x60f c:/program files/microchip/xc32/v4.20/bin/bin/../../lib/gcc/pic32c/8.3.1/../../../../pic32c/lib/arm/v5te/nofp\libg-musl.a(__libc_start_main.o)
 .debug_info    0x00011d36      0x521 c:/program files/microchip/xc32/v4.20/bin/bin/../../lib/gcc/pic32c/8.3.1/../../../../pic32c/lib/arm/v5te/nofp\libg-musl.a(libc.o)
 .debug_info    0x00012257      0x486 c:/program files/microchip/xc32/v4.20/bin/bin/../../lib/gcc/pic32c/8.3.1/../../../../pic32c/lib/arm/v5te/nofp\libg-musl.a(__sio_printf_doux.o)
 .debug_info    0x000126dd      0x5ae c:/program files/microchip/xc32/v4.20/bin/bin/../../lib/gcc/pic32c/8.3.1/../../../../pic32c/lib/arm/v5te/nofp\libg-musl.a(__fmt_d.o)
 .debug_info    0x00012c8b      0x57f c:/program files/microchip/xc32/v4.20/bin/bin/../../lib/gcc/pic32c/8.3.1/../../../../pic32c/lib/arm/v5te/nofp\libg-musl.a(__fmt_o.o)
 .debug_info    0x0001320a      0x5c0 c:/program files/microchip/xc32/v4.20/bin/bin/../../lib/gcc/pic32c/8.3.1/../../../../pic32c/lib/arm/v5te/nofp\libg-musl.a(__fmt_s.o)
 .debug_info    0x000137ca      0x642 c:/program files/microchip/xc32/v4.20/bin/bin/../../lib/gcc/pic32c/8.3.1/../../../../pic32c/lib/arm/v5te/nofp\libg-musl.a(__fmt_u.o)
 .debug_info    0x00013e0c      0x5eb c:/program files/microchip/xc32/v4.20/bin/bin/../../lib/gcc/pic32c/8.3.1/../../../../pic32c/lib/arm/v5te/nofp\libg-musl.a(__fmt_x.o)
 .debug_info    0x000143f7      0x3ec c:/program files/microchip/xc32/v4.20/bin/bin/../../lib/gcc/pic32c/8.3.1/../../../../pic32c/lib/arm/v5te/nofp\libg-musl.a(__pop_int.o)
 .debug_info    0x000147e3      0x3f2 c:/program files/microchip/xc32/v4.20/bin/bin/../../lib/gcc/pic32c/8.3.1/../../../../pic32c/lib/arm/v5te/nofp\libg-musl.a(__pop_ptr.o)
 .debug_info    0x00014bd5      0xcfa c:/program files/microchip/xc32/v4.20/bin/bin/../../lib/gcc/pic32c/8.3.1/../../../../pic32c/lib/arm/v5te/nofp\libg-musl.a(__printf_core.o)
 .debug_info    0x000158cf      0x6ac c:/program files/microchip/xc32/v4.20/bin/bin/../../lib/gcc/pic32c/8.3.1/../../../../pic32c/lib/arm/v5te/nofp\libg-musl.a(stdin.o)
 .debug_info    0x00015f7b      0x46f c:/program files/microchip/xc32/v4.20/bin/bin/../../lib/gcc/pic32c/8.3.1/../../../../pic32c/lib/arm/v5te/nofp\libg-musl.a(stdout.o)
 .debug_info    0x000163ea      0x633 c:/program files/microchip/xc32/v4.20/bin/bin/../../lib/gcc/pic32c/8.3.1/../../../../pic32c/lib/arm/v5te/nofp\libg-musl.a(puts.o)
 .debug_info    0x00016a1d      0x2cf c:/program files/microchip/xc32/v4.20/bin/bin/../../lib/gcc/pic32c/8.3.1/../../../../pic32c/lib/arm/v5te/nofp\libg-musl.a(setbuf.o)
 .debug_info    0x00016cec      0x2e7 c:/program files/microchip/xc32/v4.20/bin/bin/../../lib/gcc/pic32c/8.3.1/../../../../pic32c/lib/arm/v5te/nofp\libg-musl.a(atoi.o)
 .debug_info    0x00016fd3      0x2dc c:/program files/microchip/xc32/v4.20/bin/bin/../../lib/gcc/pic32c/8.3.1/../../../../pic32c/lib/arm/v5te/nofp\libg-musl.a(memcpy.o)
 .debug_info    0x000172af      0x2a1 c:/program files/microchip/xc32/v4.20/bin/bin/../../lib/gcc/pic32c/8.3.1/../../../../pic32c/lib/arm/v5te/nofp\libg-musl.a(memset.o)
 .debug_info    0x00017550      0x292 c:/program files/microchip/xc32/v4.20/bin/bin/../../lib/gcc/pic32c/8.3.1/../../../../pic32c/lib/arm/v5te/nofp\libg-musl.a(strlen.o)
 .debug_info    0x000177e2      0x33f c:/program files/microchip/xc32/v4.20/bin/bin/../../lib/gcc/pic32c/8.3.1/../../../../pic32c/lib/arm/v5te/nofp\libg-musl.a(tolower.o)
 .debug_info    0x00017b21      0x33f c:/program files/microchip/xc32/v4.20/bin/bin/../../lib/gcc/pic32c/8.3.1/../../../../pic32c/lib/arm/v5te/nofp\libg-musl.a(toupper.o)
 .debug_info    0x00017e60      0x29b c:/program files/microchip/xc32/v4.20/bin/bin/../../lib/gcc/pic32c/8.3.1/../../../../pic32c/lib/arm/v5te/nofp\libg-musl.a(__environ.o)
 .debug_info    0x000180fb      0x25f c:/program files/microchip/xc32/v4.20/bin/bin/../../lib/gcc/pic32c/8.3.1/../../../../pic32c/lib/arm/v5te/nofp\libg-musl.a(__errno_location.o)
 .debug_info    0x0001835a      0x465 c:/program files/microchip/xc32/v4.20/bin/bin/../../lib/gcc/pic32c/8.3.1/../../../../pic32c/lib/arm/v5te/nofp\libg-musl.a(__int_vfprintf.o)
 .debug_info    0x000187bf      0x643 c:/program files/microchip/xc32/v4.20/bin/bin/../../lib/gcc/pic32c/8.3.1/../../../../pic32c/lib/arm/v5te/nofp\libg-musl.a(fputs.o)
 .debug_info    0x00018e02      0x3c9 c:/program files/microchip/xc32/v4.20/bin/bin/../../lib/gcc/pic32c/8.3.1/../../../../pic32c/lib/arm/v5te/nofp\libg-musl.a(__pop_float.o)
 .debug_info    0x000191cb      0x696 c:/program files/microchip/xc32/v4.20/bin/bin/../../lib/gcc/pic32c/8.3.1/../../../../pic32c/lib/arm/v5te/nofp\libg-musl.a(__stdio_read.o)
 .debug_info    0x00019861      0x5c5 c:/program files/microchip/xc32/v4.20/bin/bin/../../lib/gcc/pic32c/8.3.1/../../../../pic32c/lib/arm/v5te/nofp\libg-musl.a(__towrite_rw.o)
 .debug_info    0x00019e26      0x4bf c:/program files/microchip/xc32/v4.20/bin/bin/../../lib/gcc/pic32c/8.3.1/../../../../pic32c/lib/arm/v5te/nofp\libg-musl.a(fwrite.o)
 .debug_info    0x0001a2e5      0x493 c:/program files/microchip/xc32/v4.20/bin/bin/../../lib/gcc/pic32c/8.3.1/../../../../pic32c/lib/arm/v5te/nofp\libg-musl.a(putc.o)
 .debug_info    0x0001a778      0x539 c:/program files/microchip/xc32/v4.20/bin/bin/../../lib/gcc/pic32c/8.3.1/../../../../pic32c/lib/arm/v5te/nofp\libg-musl.a(setvbuf.o)
 .debug_info    0x0001acb1      0x352 c:/program files/microchip/xc32/v4.20/bin/bin/../../lib/gcc/pic32c/8.3.1/../../../../pic32c/lib/arm/v5te/nofp\libg-musl.a(readv.o)
 .debug_info    0x0001b003     0x138c c:/program files/microchip/xc32/v4.20/bin/bin/../../lib/gcc/pic32c/8.3.1/../../../../pic32c/lib/arm/v5te/nofp\libg-musl.a(malloc.o)
 .debug_info    0x0001c38f      0x368 c:/program files/microchip/xc32/v4.20/bin/bin/../../lib/gcc/pic32c/8.3.1/../../../../pic32c/lib/arm/v5te/nofp\libg-musl.a(expand_heap.o)
 .debug_info    0x0001c6f7      0x318 c:/program files/microchip/xc32/v4.20/bin/bin/../../lib/gcc/pic32c/8.3.1/../../../../pic32c/lib/arm/v5te/nofp\libg-musl.a(__init_stdio.o)
 .debug_info    0x0001ca0f      0x51c c:/program files/microchip/xc32/v4.20/bin/bin/../../lib/gcc/pic32c/8.3.1/../../../../pic32c/lib/arm/v5te/nofp\libg-musl.a(__out.o)
 .debug_info    0x0001cf2b      0x4f0 c:/program files/microchip/xc32/v4.20/bin/bin/../../lib/gcc/pic32c/8.3.1/../../../../pic32c/lib/arm/v5te/nofp\libg-musl.a(__putc.o)
 .debug_info    0x0001d41b      0x650 c:/program files/microchip/xc32/v4.20/bin/bin/../../lib/gcc/pic32c/8.3.1/../../../../pic32c/lib/arm/v5te/nofp\libg-musl.a(__stderr.o)
 .debug_info    0x0001da6b      0x6a4 c:/program files/microchip/xc32/v4.20/bin/bin/../../lib/gcc/pic32c/8.3.1/../../../../pic32c/lib/arm/v5te/nofp\libg-musl.a(__stdio_close.o)
 .debug_info    0x0001e10f      0x6e3 c:/program files/microchip/xc32/v4.20/bin/bin/../../lib/gcc/pic32c/8.3.1/../../../../pic32c/lib/arm/v5te/nofp\libg-musl.a(__stdio_write.o)
 .debug_info    0x0001e7f2      0x650 c:/program files/microchip/xc32/v4.20/bin/bin/../../lib/gcc/pic32c/8.3.1/../../../../pic32c/lib/arm/v5te/nofp\libg-musl.a(__stdout.o)
 .debug_info    0x0001ee42      0x4e1 c:/program files/microchip/xc32/v4.20/bin/bin/../../lib/gcc/pic32c/8.3.1/../../../../pic32c/lib/arm/v5te/nofp\libg-musl.a(__towrite.o)
 .debug_info    0x0001f323      0x356 c:/program files/microchip/xc32/v4.20/bin/bin/../../lib/gcc/pic32c/8.3.1/../../../../pic32c/lib/arm/v5te/nofp\libg-musl.a(writev.o)
 .debug_info    0x0001f679      0x613 c:/program files/microchip/xc32/v4.20/bin/bin/../../lib/gcc/pic32c/8.3.1/../../../../pic32c/lib/arm/v5te/nofp\libg-musl.a(__overflow.o)
 .debug_info    0x0001fc8c      0x532 c:/program files/microchip/xc32/v4.20/bin/bin/../../lib/gcc/pic32c/8.3.1/../../../../pic32c/lib/arm/v5te/nofp\libg-musl.a(__fwrite.o)
 .debug_info    0x000201be      0x26c c:/program files/microchip/xc32/v4.20/bin/bin/../../lib/gcc/pic32c/8.3.1/../../../../pic32c/lib/arm/v5te/nofp\libpic32c.a(close.o)
 .debug_info    0x0002042a      0x26c c:/program files/microchip/xc32/v4.20/bin/bin/../../lib/gcc/pic32c/8.3.1/../../../../pic32c/lib/arm/v5te/nofp\libpic32c.a(lseek.o)
 .debug_info    0x00020696      0x26b c:/program files/microchip/xc32/v4.20/bin/bin/../../lib/gcc/pic32c/8.3.1/../../../../pic32c/lib/arm/v5te/nofp\libpic32c.a(sbrk.o)

.debug_abbrev   0x00000000     0x4e3a
 .debug_abbrev  0x00000000      0x267 build/sam9x_Curiosity/debug/_ext/1128182572/drv_imu.o
 .debug_abbrev  0x00000267      0x3cd build/sam9x_Curiosity/debug/_ext/1722030300/drv_spi.o
 .debug_abbrev  0x00000634      0x171 build/sam9x_Curiosity/debug/_ext/441841942/plib_aic.o
 .debug_abbrev  0x000007a5      0x103 build/sam9x_Curiosity/debug/_ext/441839919/plib_clk.o
 .debug_abbrev  0x000008a8      0x1b6 build/sam9x_Curiosity/debug/_ext/812115427/plib_dbgu.o
 .debug_abbrev  0x00000a5e      0x257 build/sam9x_Curiosity/debug/_ext/583233565/plib_flexcom5_spi_master.o
 .debug_abbrev  0x00000cb5      0x175 build/sam9x_Curiosity/debug/_ext/441830268/plib_mmu.o
 .debug_abbrev  0x00000e2a      0x122 build/sam9x_Curiosity/debug/_ext/441827515/plib_pio.o
 .debug_abbrev  0x00000f4c      0x1ab build/sam9x_Curiosity/debug/_ext/2092462368/plib_tc0.o
 .debug_abbrev  0x000010f7       0x93 build/sam9x_Curiosity/debug/_ext/745456519/xc32_monitor.o
 .debug_abbrev  0x0000118a      0x197 build/sam9x_Curiosity/debug/_ext/1379663014/sys_int.o
 .debug_abbrev  0x00001321      0x391 build/sam9x_Curiosity/debug/_ext/1515815680/sys_time.o
 .debug_abbrev  0x000016b2       0x12 build/sam9x_Curiosity/debug/_ext/1437643379/cstartup.o
 .debug_abbrev  0x000016c4       0x3b build/sam9x_Curiosity/debug/_ext/1437643379/tasks.o
 .debug_abbrev  0x000016ff      0x242 build/sam9x_Curiosity/debug/_ext/1437643379/initialization.o
 .debug_abbrev  0x00001941      0x138 build/sam9x_Curiosity/debug/_ext/1437643379/interrupts.o
 .debug_abbrev  0x00001a79       0x33 build/sam9x_Curiosity/debug/_ext/1437643379/fault_handlers.o
 .debug_abbrev  0x00001aac       0xcd build/sam9x_Curiosity/debug/_ext/1360937237/app.o
 .debug_abbrev  0x00001b79       0x3d build/sam9x_Curiosity/debug/_ext/1360937237/main.o
 .debug_abbrev  0x00001bb6       0x3b build/sam9x_Curiosity/debug/_ext/800758461/bsp.o
 .debug_abbrev  0x00001bf1       0x14 c:/program files/microchip/xc32/v4.20/bin/bin/../../lib/gcc/pic32c/8.3.1/arm/v5te/nofp\libgcc.a(_udivsi3.o)
 .debug_abbrev  0x00001c05       0x14 c:/program files/microchip/xc32/v4.20/bin/bin/../../lib/gcc/pic32c/8.3.1/arm/v5te/nofp\libgcc.a(_dvmd_tls.o)
 .debug_abbrev  0x00001c19       0x14 c:/program files/microchip/xc32/v4.20/bin/bin/../../lib/gcc/pic32c/8.3.1/arm/v5te/nofp\libgcc.a(_aeabi_uldivmod.o)
 .debug_abbrev  0x00001c2d       0x8e c:/program files/microchip/xc32/v4.20/bin/bin/../../lib/gcc/pic32c/8.3.1/arm/v5te/nofp\libgcc.a(_udivmoddi4.o)
 .debug_abbrev  0x00001cbb      0x117 c:/program files/microchip/xc32/v4.20/bin/bin/../../lib/gcc/pic32c/8.3.1/../../../../pic32c/lib/arm/v5te/nofp\libg-musl.a(__libc_start_main.o)
 .debug_abbrev  0x00001dd2       0xb8 c:/program files/microchip/xc32/v4.20/bin/bin/../../lib/gcc/pic32c/8.3.1/../../../../pic32c/lib/arm/v5te/nofp\libg-musl.a(libc.o)
 .debug_abbrev  0x00001e8a      0x145 c:/program files/microchip/xc32/v4.20/bin/bin/../../lib/gcc/pic32c/8.3.1/../../../../pic32c/lib/arm/v5te/nofp\libg-musl.a(__sio_printf_doux.o)
 .debug_abbrev  0x00001fcf      0x120 c:/program files/microchip/xc32/v4.20/bin/bin/../../lib/gcc/pic32c/8.3.1/../../../../pic32c/lib/arm/v5te/nofp\libg-musl.a(__fmt_d.o)
 .debug_abbrev  0x000020ef      0x120 c:/program files/microchip/xc32/v4.20/bin/bin/../../lib/gcc/pic32c/8.3.1/../../../../pic32c/lib/arm/v5te/nofp\libg-musl.a(__fmt_o.o)
 .debug_abbrev  0x0000220f      0x11d c:/program files/microchip/xc32/v4.20/bin/bin/../../lib/gcc/pic32c/8.3.1/../../../../pic32c/lib/arm/v5te/nofp\libg-musl.a(__fmt_s.o)
 .debug_abbrev  0x0000232c      0x174 c:/program files/microchip/xc32/v4.20/bin/bin/../../lib/gcc/pic32c/8.3.1/../../../../pic32c/lib/arm/v5te/nofp\libg-musl.a(__fmt_u.o)
 .debug_abbrev  0x000024a0      0x10f c:/program files/microchip/xc32/v4.20/bin/bin/../../lib/gcc/pic32c/8.3.1/../../../../pic32c/lib/arm/v5te/nofp\libg-musl.a(__fmt_x.o)
 .debug_abbrev  0x000025af       0xbd c:/program files/microchip/xc32/v4.20/bin/bin/../../lib/gcc/pic32c/8.3.1/../../../../pic32c/lib/arm/v5te/nofp\libg-musl.a(__pop_int.o)
 .debug_abbrev  0x0000266c       0xce c:/program files/microchip/xc32/v4.20/bin/bin/../../lib/gcc/pic32c/8.3.1/../../../../pic32c/lib/arm/v5te/nofp\libg-musl.a(__pop_ptr.o)